../Core/Src/camera_api.c:6:6:vCameraTestPatternOn	8	static
../Core/Src/camera_api.c:8:6:vCameraTestPatternOff	8	static
../Core/Src/camera_api.c:10:6:vCameraColorBarOn	8	static
../Core/Src/camera_api.c:12:6:vCameraColorBarOff	8	static
../Core/Src/camera_api.c:18:6:vCameraHMirrorOn	8	static
../Core/Src/camera_api.c:19:6:vCameraHMirrorOff	8	static
../Core/Src/camera_api.c:21:6:vCameraVFlipOn	8	static
../Core/Src/camera_api.c:22:6:vCameraVFlipOff	8	static
../Core/Src/camera_api.c:24:6:vCameraFreezeAGCAEC	8	static
../Core/Src/camera_api.c:25:6:vCameraUnfreezeAGCAEC	8	static
../Core/Src/camera_api.c:27:6:vCameraManualAGCAEC	8	static
../Core/Src/camera_api.c:32:6:vCameraAutoAGCAEC	8	static
../Core/Src/camera_api.c:37:6:vCameraRGB565	8	static
../Core/Src/camera_api.c:44:6:vCameraYUV	8	static
../Core/Src/camera_api.c:51:6:vCameraStandByOn	8	static
../Core/Src/camera_api.c:52:6:vCameraStandByOff	8	static
../Core/Src/camera_api.c:58:6:vCameraAWBB1	8	static
../Core/Src/camera_api.c:63:6:vCameraAWBB125	8	static
../Core/Src/camera_api.c:68:6:vCameraAWBB15	8	static
../Core/Src/camera_api.c:73:6:vCameraAWBB175	8	static
../Core/Src/camera_api.c:78:6:vCameraAWBR1	8	static
../Core/Src/camera_api.c:83:6:vCameraAWBR125	8	static
../Core/Src/camera_api.c:88:6:vCameraAWBR15	8	static
../Core/Src/camera_api.c:93:6:vCameraAWBR175	8	static
../Core/Src/camera_api.c:98:6:vCameraAWBGB1	8	static
../Core/Src/camera_api.c:103:6:vCameraAWBGB125	8	static
../Core/Src/camera_api.c:108:6:vCameraAWBGB15	8	static
../Core/Src/camera_api.c:113:6:vCameraAWBGB175	8	static
../Core/Src/camera_api.c:118:6:vCameraAWBGR1	8	static
../Core/Src/camera_api.c:123:6:vCameraAWBGR125	8	static
../Core/Src/camera_api.c:128:6:vCameraAWBGR15	8	static
../Core/Src/camera_api.c:133:6:vCameraAWBGR175	8	static
