Archive member included to satisfy reference by file (symbol)

/home/cotti/st/stm32cubeide_1.10.1/plugins/com.st.stm32cube.ide.mcu.externaltools.gnu-tools-for-stm32.10.3-2021.10.linux64_1.0.0.202111181127/tools/bin/../lib/gcc/arm-none-eabi/10.3.1/../../../../arm-none-eabi/lib/thumb/v7e-m+fp/hard/librdimon_nano.a(rdimon-syscalls.o)
                              /home/cotti/st/stm32cubeide_1.10.1/plugins/com.st.stm32cube.ide.mcu.externaltools.gnu-tools-for-stm32.10.3-2021.10.linux64_1.0.0.202111181127/tools/bin/../lib/gcc/arm-none-eabi/10.3.1/../../../../arm-none-eabi/lib/thumb/v7e-m+fp/hard/rdimon-crt0.o (initialise_monitor_handles)
/home/cotti/st/stm32cubeide_1.10.1/plugins/com.st.stm32cube.ide.mcu.externaltools.gnu-tools-for-stm32.10.3-2021.10.linux64_1.0.0.202111181127/tools/bin/../lib/gcc/arm-none-eabi/10.3.1/../../../../arm-none-eabi/lib/thumb/v7e-m+fp/hard/libc_nano.a(lib_a-errno.o)
                              ./Core/Src/sysmem.o (__errno)
/home/cotti/st/stm32cubeide_1.10.1/plugins/com.st.stm32cube.ide.mcu.externaltools.gnu-tools-for-stm32.10.3-2021.10.linux64_1.0.0.202111181127/tools/bin/../lib/gcc/arm-none-eabi/10.3.1/../../../../arm-none-eabi/lib/thumb/v7e-m+fp/hard/libc_nano.a(lib_a-exit.o)
                              /home/cotti/st/stm32cubeide_1.10.1/plugins/com.st.stm32cube.ide.mcu.externaltools.gnu-tools-for-stm32.10.3-2021.10.linux64_1.0.0.202111181127/tools/bin/../lib/gcc/arm-none-eabi/10.3.1/../../../../arm-none-eabi/lib/thumb/v7e-m+fp/hard/rdimon-crt0.o (exit)
/home/cotti/st/stm32cubeide_1.10.1/plugins/com.st.stm32cube.ide.mcu.externaltools.gnu-tools-for-stm32.10.3-2021.10.linux64_1.0.0.202111181127/tools/bin/../lib/gcc/arm-none-eabi/10.3.1/../../../../arm-none-eabi/lib/thumb/v7e-m+fp/hard/libc_nano.a(lib_a-findfp.o)
                              /home/cotti/st/stm32cubeide_1.10.1/plugins/com.st.stm32cube.ide.mcu.externaltools.gnu-tools-for-stm32.10.3-2021.10.linux64_1.0.0.202111181127/tools/bin/../lib/gcc/arm-none-eabi/10.3.1/../../../../arm-none-eabi/lib/thumb/v7e-m+fp/hard/librdimon_nano.a(rdimon-syscalls.o) (__sinit)
/home/cotti/st/stm32cubeide_1.10.1/plugins/com.st.stm32cube.ide.mcu.externaltools.gnu-tools-for-stm32.10.3-2021.10.linux64_1.0.0.202111181127/tools/bin/../lib/gcc/arm-none-eabi/10.3.1/../../../../arm-none-eabi/lib/thumb/v7e-m+fp/hard/libc_nano.a(lib_a-fwalk.o)
                              /home/cotti/st/stm32cubeide_1.10.1/plugins/com.st.stm32cube.ide.mcu.externaltools.gnu-tools-for-stm32.10.3-2021.10.linux64_1.0.0.202111181127/tools/bin/../lib/gcc/arm-none-eabi/10.3.1/../../../../arm-none-eabi/lib/thumb/v7e-m+fp/hard/libc_nano.a(lib_a-findfp.o) (_fwalk)
/home/cotti/st/stm32cubeide_1.10.1/plugins/com.st.stm32cube.ide.mcu.externaltools.gnu-tools-for-stm32.10.3-2021.10.linux64_1.0.0.202111181127/tools/bin/../lib/gcc/arm-none-eabi/10.3.1/../../../../arm-none-eabi/lib/thumb/v7e-m+fp/hard/libc_nano.a(lib_a-impure.o)
                              /home/cotti/st/stm32cubeide_1.10.1/plugins/com.st.stm32cube.ide.mcu.externaltools.gnu-tools-for-stm32.10.3-2021.10.linux64_1.0.0.202111181127/tools/bin/../lib/gcc/arm-none-eabi/10.3.1/../../../../arm-none-eabi/lib/thumb/v7e-m+fp/hard/libc_nano.a(lib_a-exit.o) (_global_impure_ptr)
/home/cotti/st/stm32cubeide_1.10.1/plugins/com.st.stm32cube.ide.mcu.externaltools.gnu-tools-for-stm32.10.3-2021.10.linux64_1.0.0.202111181127/tools/bin/../lib/gcc/arm-none-eabi/10.3.1/../../../../arm-none-eabi/lib/thumb/v7e-m+fp/hard/libc_nano.a(lib_a-init.o)
                              /home/cotti/st/stm32cubeide_1.10.1/plugins/com.st.stm32cube.ide.mcu.externaltools.gnu-tools-for-stm32.10.3-2021.10.linux64_1.0.0.202111181127/tools/bin/../lib/gcc/arm-none-eabi/10.3.1/../../../../arm-none-eabi/lib/thumb/v7e-m+fp/hard/rdimon-crt0.o (__libc_init_array)
/home/cotti/st/stm32cubeide_1.10.1/plugins/com.st.stm32cube.ide.mcu.externaltools.gnu-tools-for-stm32.10.3-2021.10.linux64_1.0.0.202111181127/tools/bin/../lib/gcc/arm-none-eabi/10.3.1/../../../../arm-none-eabi/lib/thumb/v7e-m+fp/hard/libc_nano.a(lib_a-lock.o)
                              /home/cotti/st/stm32cubeide_1.10.1/plugins/com.st.stm32cube.ide.mcu.externaltools.gnu-tools-for-stm32.10.3-2021.10.linux64_1.0.0.202111181127/tools/bin/../lib/gcc/arm-none-eabi/10.3.1/../../../../arm-none-eabi/lib/thumb/v7e-m+fp/hard/libc_nano.a(lib_a-findfp.o) (__retarget_lock_init_recursive)
/home/cotti/st/stm32cubeide_1.10.1/plugins/com.st.stm32cube.ide.mcu.externaltools.gnu-tools-for-stm32.10.3-2021.10.linux64_1.0.0.202111181127/tools/bin/../lib/gcc/arm-none-eabi/10.3.1/../../../../arm-none-eabi/lib/thumb/v7e-m+fp/hard/libc_nano.a(lib_a-memcpy-stub.o)
                              ./Core/Src/camera.o (memcpy)
/home/cotti/st/stm32cubeide_1.10.1/plugins/com.st.stm32cube.ide.mcu.externaltools.gnu-tools-for-stm32.10.3-2021.10.linux64_1.0.0.202111181127/tools/bin/../lib/gcc/arm-none-eabi/10.3.1/../../../../arm-none-eabi/lib/thumb/v7e-m+fp/hard/libc_nano.a(lib_a-memset.o)
[...]
Memory Configuration

Name             Origin             Length             Attributes
RAM              0x0000000020000000 0x0000000000018000 xrw
FLASH            0x0000000008000000 0x0000000000080000 xr
*default*        0x0000000000000000 0xffffffffffffffff

Linker script and memory map

LOAD /home/cotti/st/stm32cubeide_1.10.1/plugins/com.st.stm32cube.ide.mcu.externaltools.gnu-tools-for-stm32.10.3-2021.10.linux64_1.0.0.202111181127/tools/bin/../lib/gcc/arm-none-eabi/10.3.1/thumb/v7e-m+fp/hard/crti.o
LOAD /home/cotti/st/stm32cubeide_1.10.1/plugins/com.st.stm32cube.ide.mcu.externaltools.gnu-tools-for-stm32.10.3-2021.10.linux64_1.0.0.202111181127/tools/bin/../lib/gcc/arm-none-eabi/10.3.1/thumb/v7e-m+fp/hard/crtbegin.o
LOAD /home/cotti/st/stm32cubeide_1.10.1/plugins/com.st.stm32cube.ide.mcu.externaltools.gnu-tools-for-stm32.10.3-2021.10.linux64_1.0.0.202111181127/tools/bin/../lib/gcc/arm-none-eabi/10.3.1/../../../../arm-none-eabi/lib/thumb/v7e-m+fp/hard/rdimon-crt0.o
LOAD ./Core/Src/camera.o
LOAD ./Core/Src/camera_api.o
LOAD ./Core/Src/camera_reg.o
LOAD ./Core/Src/freertos.o
LOAD ./Core/Src/main.o
LOAD ./Core/Src/stepper.o
LOAD ./Core/Src/stm32f4xx_hal_msp.o
LOAD ./Core/Src/stm32f4xx_hal_timebase_tim.o
LOAD ./Core/Src/stm32f4xx_it.o
LOAD ./Core/Src/sysmem.o
LOAD ./Core/Src/system_stm32f4xx.o
LOAD ./Core/Src/tools.o
LOAD ./Core/Startup/startup_stm32f401retx.o
LOAD ./Drivers/STM32F4xx_HAL_Driver/Src/stm32f4xx_hal.o
LOAD ./Drivers/STM32F4xx_HAL_Driver/Src/stm32f4xx_hal_cortex.o
LOAD ./Drivers/STM32F4xx_HAL_Driver/Src/stm32f4xx_hal_dma.o
LOAD ./Drivers/STM32F4xx_HAL_Driver/Src/stm32f4xx_hal_dma_ex.o
LOAD ./Drivers/STM32F4xx_HAL_Driver/Src/stm32f4xx_hal_exti.o
LOAD ./Drivers/STM32F4xx_HAL_Driver/Src/stm32f4xx_hal_flash.o
LOAD ./Drivers/STM32F4xx_HAL_Driver/Src/stm32f4xx_hal_flash_ex.o
LOAD ./Drivers/STM32F4xx_HAL_Driver/Src/stm32f4xx_hal_flash_ramfunc.o
LOAD ./Drivers/STM32F4xx_HAL_Driver/Src/stm32f4xx_hal_gpio.o
LOAD ./Drivers/STM32F4xx_HAL_Driver/Src/stm32f4xx_hal_pwr.o
LOAD ./Drivers/STM32F4xx_HAL_Driver/Src/stm32f4xx_hal_pwr_ex.o
LOAD ./Drivers/STM32F4xx_HAL_Driver/Src/stm32f4xx_hal_rcc.o
LOAD ./Drivers/STM32F4xx_HAL_Driver/Src/stm32f4xx_hal_rcc_ex.o
LOAD ./Drivers/STM32F4xx_HAL_Driver/Src/stm32f4xx_hal_tim.o
LOAD ./Drivers/STM32F4xx_HAL_Driver/Src/stm32f4xx_hal_tim_ex.o
LOAD ./Drivers/STM32F4xx_HAL_Driver/Src/stm32f4xx_hal_uart.o
LOAD ./Middlewares/Third_Party/FreeRTOS/Source/CMSIS_RTOS/cmsis_os.o
LOAD ./Middlewares/Third_Party/FreeRTOS/Source/croutine.o
LOAD ./Middlewares/Third_Party/FreeRTOS/Source/event_groups.o
LOAD ./Middlewares/Third_Party/FreeRTOS/Source/list.o
LOAD ./Middlewares/Third_Party/FreeRTOS/Source/queue.o
LOAD ./Middlewares/Third_Party/FreeRTOS/Source/stream_buffer.o
LOAD ./Middlewares/Third_Party/FreeRTOS/Source/tasks.o
LOAD ./Middlewares/Third_Party/FreeRTOS/Source/timers.o
LOAD ./Middlewares/Third_Party/FreeRTOS/Source/portable/GCC/ARM_CM4F/port.o
LOAD ./Middlewares/Third_Party/FreeRTOS/Source/portable/MemMang/heap_4.o
LOAD /home/cotti/st/stm32cubeide_1.10.1/plugins/com.st.stm32cube.ide.mcu.externaltools.gnu-tools-for-stm32.10.3-2021.10.linux64_1.0.0.202111181127/tools/bin/../lib/gcc/arm-none-eabi/10.3.1/../../../../arm-none-eabi/lib/thumb/v7e-m+fp/hard/librdimon_nano.a
START GROUP
LOAD /home/cotti/st/stm32cubeide_1.10.1/plugins/com.st.stm32cube.ide.mcu.externaltools.gnu-tools-for-stm32.10.3-2021.10.linux64_1.0.0.202111181127/tools/bin/../lib/gcc/arm-none-eabi/10.3.1/../../../../arm-none-eabi/lib/thumb/v7e-m+fp/hard/libc_nano.a
LOAD /home/cotti/st/stm32cubeide_1.10.1/plugins/com.st.stm32cube.ide.mcu.externaltools.gnu-tools-for-stm32.10.3-2021.10.linux64_1.0.0.202111181127/tools/bin/../lib/gcc/arm-none-eabi/10.3.1/../../../../arm-none-eabi/lib/thumb/v7e-m+fp/hard/libm.a
END GROUP
START GROUP
LOAD /home/cotti/st/stm32cubeide_1.10.1/plugins/com.st.stm32cube.ide.mcu.externaltools.gnu-tools-for-stm32.10.3-2021.10.linux64_1.0.0.202111181127/tools/bin/../lib/gcc/arm-none-eabi/10.3.1/thumb/v7e-m+fp/hard/libgcc.a
LOAD /home/cotti/st/stm32cubeide_1.10.1/plugins/com.st.stm32cube.ide.mcu.externaltools.gnu-tools-for-stm32.10.3-2021.10.linux64_1.0.0.202111181127/tools/bin/../lib/gcc/arm-none-eabi/10.3.1/../../../../arm-none-eabi/lib/thumb/v7e-m+fp/hard/libc_nano.a
END GROUP
START GROUP
LOAD /home/cotti/st/stm32cubeide_1.10.1/plugins/com.st.stm32cube.ide.mcu.externaltools.gnu-tools-for-stm32.10.3-2021.10.linux64_1.0.0.202111181127/tools/bin/../lib/gcc/arm-none-eabi/10.3.1/thumb/v7e-m+fp/hard/libgcc.a
LOAD /home/cotti/st/stm32cubeide_1.10.1/plugins/com.st.stm32cube.ide.mcu.externaltools.gnu-tools-for-stm32.10.3-2021.10.linux64_1.0.0.202111181127/tools/bin/../lib/gcc/arm-none-eabi/10.3.1/../../../../arm-none-eabi/lib/thumb/v7e-m+fp/hard/libc_nano.a
LOAD /home/cotti/st/stm32cubeide_1.10.1/plugins/com.st.stm32cube.ide.mcu.externaltools.gnu-tools-for-stm32.10.3-2021.10.linux64_1.0.0.202111181127/tools/bin/../lib/gcc/arm-none-eabi/10.3.1/../../../../arm-none-eabi/lib/thumb/v7e-m+fp/hard/libnosys.a
END GROUP
START GROUP
LOAD /home/cotti/st/stm32cubeide_1.10.1/plugins/com.st.stm32cube.ide.mcu.externaltools.gnu-tools-for-stm32.10.3-2021.10.linux64_1.0.0.202111181127/tools/bin/../lib/gcc/arm-none-eabi/10.3.1/thumb/v7e-m+fp/hard/libgcc.a
LOAD /home/cotti/st/stm32cubeide_1.10.1/plugins/com.st.stm32cube.ide.mcu.externaltools.gnu-tools-for-stm32.10.3-2021.10.linux64_1.0.0.202111181127/tools/bin/../lib/gcc/arm-none-eabi/10.3.1/../../../../arm-none-eabi/lib/thumb/v7e-m+fp/hard/libc_nano.a
LOAD /home/cotti/st/stm32cubeide_1.10.1/plugins/com.st.stm32cube.ide.mcu.externaltools.gnu-tools-for-stm32.10.3-2021.10.linux64_1.0.0.202111181127/tools/bin/../lib/gcc/arm-none-eabi/10.3.1/../../../../arm-none-eabi/lib/thumb/v7e-m+fp/hard/librdimon_nano.a
END GROUP
START GROUP
LOAD /home/cotti/st/stm32cubeide_1.10.1/plugins/com.st.stm32cube.ide.mcu.externaltools.gnu-tools-for-stm32.10.3-2021.10.linux64_1.0.0.202111181127/tools/bin/../lib/gcc/arm-none-eabi/10.3.1/thumb/v7e-m+fp/hard/libgcc.a
LOAD /home/cotti/st/stm32cubeide_1.10.1/plugins/com.st.stm32cube.ide.mcu.externaltools.gnu-tools-for-stm32.10.3-2021.10.linux64_1.0.0.202111181127/tools/bin/../lib/gcc/arm-none-eabi/10.3.1/../../../../arm-none-eabi/lib/thumb/v7e-m+fp/hard/libc_nano.a
LOAD /home/cotti/st/stm32cubeide_1.10.1/plugins/com.st.stm32cube.ide.mcu.externaltools.gnu-tools-for-stm32.10.3-2021.10.linux64_1.0.0.202111181127/tools/bin/../lib/gcc/arm-none-eabi/10.3.1/../../../../arm-none-eabi/lib/thumb/v7e-m+fp/hard/librdimon_nano.a
LOAD /home/cotti/st/stm32cubeide_1.10.1/plugins/com.st.stm32cube.ide.mcu.externaltools.gnu-tools-for-stm32.10.3-2021.10.linux64_1.0.0.202111181127/tools/bin/../lib/gcc/arm-none-eabi/10.3.1/../../../../arm-none-eabi/lib/thumb/v7e-m+fp/hard/libnosys.a
END GROUP
LOAD /home/cotti/st/stm32cubeide_1.10.1/plugins/com.st.stm32cube.ide.mcu.externaltools.gnu-tools-for-stm32.10.3-2021.10.linux64_1.0.0.202111181127/tools/bin/../lib/gcc/arm-none-eabi/10.3.1/thumb/v7e-m+fp/hard/crtend.o
LOAD /home/cotti/st/stm32cubeide_1.10.1/plugins/com.st.stm32cube.ide.mcu.externaltools.gnu-tools-for-stm32.10.3-2021.10.linux64_1.0.0.202111181127/tools/bin/../lib/gcc/arm-none-eabi/10.3.1/thumb/v7e-m+fp/hard/crtn.o
                0x0000000020018000                _estack = (ORIGIN (RAM) + LENGTH (RAM))
                0x0000000000000200                _Min_Heap_Size = 0x200
                0x0000000000000400                _Min_Stack_Size = 0x400

.isr_vector     0x0000000008000000      0x194
                0x0000000008000000                . = ALIGN (0x4)
 *(.isr_vector)
 .isr_vector    0x0000000008000000      0x194 ./Core/Startup/startup_stm32f401retx.o
                0x0000000008000000                g_pfnVectors
                0x0000000008000194                . = ALIGN (0x4)

.text           0x00000000080001a0     0x92fc
                0x00000000080001a0                . = ALIGN (0x4)
 *(.text)
 .text          0x00000000080001a0       0x40 /home/cotti/st/stm32cubeide_1.10.1/plugins/com.st.stm32cube.ide.mcu.externaltools.gnu-tools-for-stm32.10.3-2021.10.linux64_1.0.0.202111181127/tools/bin/../lib/gcc/arm-none-eabi/10.3.1/thumb/v7e-m+fp/hard/crtbegin.o
 .text          0x00000000080001e0       0x10 /home/cotti/st/stm32cubeide_1.10.1/plugins/com.st.stm32cube.ide.mcu.externaltools.gnu-tools-for-stm32.10.3-2021.10.linux64_1.0.0.202111181127/tools/bin/../lib/gcc/arm-none-eabi/10.3.1/../../../../arm-none-eabi/lib/thumb/v7e-m+fp/hard/libc_nano.a(lib_a-strlen.o)
                0x00000000080001e0                strlen
 .text          0x00000000080001f0       0xa0 /home/cotti/st/stm32cubeide_1.10.1/plugins/com.st.stm32cube.ide.mcu.externaltools.gnu-tools-for-stm32.10.3-2021.10.linux64_1.0.0.202111181127/tools/bin/../lib/gcc/arm-none-eabi/10.3.1/../../../../arm-none-eabi/lib/thumb/v7e-m+fp/hard/libc_nano.a(lib_a-memchr.o)
                0x00000000080001f0                memchr
 .text          0x0000000008000290       0x30 /home/cotti/st/stm32cubeide_1.10.1/plugins/com.st.stm32cube.ide.mcu.externaltools.gnu-tools-for-stm32.10.3-2021.10.linux64_1.0.0.202111181127/tools/bin/../lib/gcc/arm-none-eabi/10.3.1/thumb/v7e-m+fp/hard/libgcc.a(_aeabi_uldivmod.o)
                0x0000000008000290                __aeabi_uldivmod
 .text          0x00000000080002c0      0x2d0 /home/cotti/st/stm32cubeide_1.10.1/plugins/com.st.stm32cube.ide.mcu.externaltools.gnu-tools-for-stm32.10.3-2021.10.linux64_1.0.0.202111181127/tools/bin/../lib/gcc/arm-none-eabi/10.3.1/thumb/v7e-m+fp/hard/libgcc.a(_udivmoddi4.o)
                0x00000000080002c0                __udivmoddi4
 .text          0x0000000008000590        0x4 /home/cotti/st/stm32cubeide_1.10.1/plugins/com.st.stm32cube.ide.mcu.externaltools.gnu-tools-for-stm32.10.3-2021.10.linux64_1.0.0.202111181127/tools/bin/../lib/gcc/arm-none-eabi/10.3.1/thumb/v7e-m+fp/hard/libgcc.a(_dvmd_tls.o)
                0x0000000008000590                __aeabi_ldiv0
                0x0000000008000590                __aeabi_idiv0
 *(.text*)
 .text.vCameraInit
                0x0000000008000594      0x110 ./Core/Src/camera.o
                0x0000000008000594                vCameraInit
 .text.prvCameraTaskUart
                0x00000000080006a4       0x94 ./Core/Src/camera.o
 .text.prvCameraTaskController
                0x0000000008000738      0x15c ./Core/Src/camera.o
 .text.prvCriticalTask
                0x0000000008000894       0x2c ./Core/Src/camera.o
 .text.vCameraTestPatternOn
                0x00000000080008c0       0x12 ./Core/Src/camera_api.o
                0x00000000080008c0                vCameraTestPatternOn
 .text.vCameraTestPatternOff
                0x00000000080008d2       0x12 ./Core/Src/camera_api.o
                0x00000000080008d2                vCameraTestPatternOff
 .text.vCameraColorBarOn
                0x00000000080008e4       0x12 ./Core/Src/camera_api.o
                0x00000000080008e4                vCameraColorBarOn
 .text.vCameraColorBarOff
                0x00000000080008f6       0x12 ./Core/Src/camera_api.o
                0x00000000080008f6                vCameraColorBarOff
 .text.vCameraHMirrorOn
                0x0000000008000908       0x12 ./Core/Src/camera_api.o
                0x0000000008000908                vCameraHMirrorOn
 .text.vCameraHMirrorOff
                0x000000000800091a       0x12 ./Core/Src/camera_api.o
                0x000000000800091a                vCameraHMirrorOff
 .text.vCameraVFlipOn
                0x000000000800092c       0x12 ./Core/Src/camera_api.o
                0x000000000800092c                vCameraVFlipOn
 .text.vCameraVFlipOff
                0x000000000800093e       0x12 ./Core/Src/camera_api.o
                0x000000000800093e                vCameraVFlipOff
 .text.vCameraFreezeAGCAEC
                0x0000000008000950       0x12 ./Core/Src/camera_api.o
                0x0000000008000950                vCameraFreezeAGCAEC
 .text.vCameraUnfreezeAGCAEC
                0x0000000008000962       0x12 ./Core/Src/camera_api.o
                0x0000000008000962                vCameraUnfreezeAGCAEC
 .text.vCameraManualAGCAEC
                0x0000000008000974       0x1c ./Core/Src/camera_api.o
                0x0000000008000974                vCameraManualAGCAEC
 .text.vCameraAutoAGCAEC
                0x0000000008000990       0x1c ./Core/Src/camera_api.o
                0x0000000008000990                vCameraAutoAGCAEC
 .text.vCameraRGB565
                0x00000000080009ac       0x30 ./Core/Src/camera_api.o
                0x00000000080009ac                vCameraRGB565
 .text.vCameraYUV
                0x00000000080009dc       0x26 ./Core/Src/camera_api.o
                0x00000000080009dc                vCameraYUV
 .text.vCameraAWBB1
                0x0000000008000a02       0x1c ./Core/Src/camera_api.o
                0x0000000008000a02                vCameraAWBB1
 .text.vCameraAWBB125
                0x0000000008000a1e       0x1c ./Core/Src/camera_api.o
                0x0000000008000a1e                vCameraAWBB125
 .text.vCameraAWBB15
                0x0000000008000a3a       0x1c ./Core/Src/camera_api.o
                0x0000000008000a3a                vCameraAWBB15
 .text.vCameraAWBB175
                0x0000000008000a56       0x1c ./Core/Src/camera_api.o
                0x0000000008000a56                vCameraAWBB175
 .text.vCameraAWBR1
                0x0000000008000a72       0x1c ./Core/Src/camera_api.o
                0x0000000008000a72                vCameraAWBR1
 .text.vCameraAWBR125
                0x0000000008000a8e       0x1c ./Core/Src/camera_api.o
                0x0000000008000a8e                vCameraAWBR125
 .text.vCameraAWBR15
                0x0000000008000aaa       0x1c ./Core/Src/camera_api.o
                0x0000000008000aaa                vCameraAWBR15
 .text.vCameraAWBR175
                0x0000000008000ac6       0x1c ./Core/Src/camera_api.o
                0x0000000008000ac6                vCameraAWBR175
 .text.vCameraAWBGB1
                0x0000000008000ae2       0x1c ./Core/Src/camera_api.o
                0x0000000008000ae2                vCameraAWBGB1
 .text.vCameraAWBGB125
                0x0000000008000afe       0x1c ./Core/Src/camera_api.o
                0x0000000008000afe                vCameraAWBGB125
 .text.vCameraAWBGB15
                0x0000000008000b1a       0x1c ./Core/Src/camera_api.o
                0x0000000008000b1a                vCameraAWBGB15
 .text.vCameraAWBGB175
                0x0000000008000b36       0x1c ./Core/Src/camera_api.o
                0x0000000008000b36                vCameraAWBGB175
 .text.vCameraAWBGR1
                0x0000000008000b52       0x1c ./Core/Src/camera_api.o
                0x0000000008000b52                vCameraAWBGR1
 .text.vCameraAWBGR125
                0x0000000008000b6e       0x1c ./Core/Src/camera_api.o
                0x0000000008000b6e                vCameraAWBGR125
 .text.vCameraAWBGR15
                0x0000000008000b8a       0x1c ./Core/Src/camera_api.o
                0x0000000008000b8a                vCameraAWBGR15
 .text.vCameraAWBGR175
                0x0000000008000ba6       0x1c ./Core/Src/camera_api.o
                0x0000000008000ba6                vCameraAWBGR175
 *fill*         0x0000000008000bc2        0x2 
 .text.vCameraChangeRegBit
                0x0000000008000bc4       0x90 ./Core/Src/camera_reg.o
                0x0000000008000bc4                vCameraChangeRegBit
 .text.vCameraSetReg
                0x0000000008000c54       0x44 ./Core/Src/camera_reg.o
                0x0000000008000c54                vCameraSetReg
 .text.vCameraReset
                0x0000000008000c98       0x5c ./Core/Src/camera_reg.o
                0x0000000008000c98                vCameraReset
 .text.xCameraProbe
                0x0000000008000cf4       0x54 ./Core/Src/camera_reg.o
                0x0000000008000cf4                xCameraProbe
 .text.vCameraQQVGA
                0x0000000008000d48       0x78 ./Core/Src/camera_reg.o
                0x0000000008000d48                vCameraQQVGA
 .text.vCameraRegInit
                0x0000000008000dc0       0x3c ./Core/Src/camera_reg.o
                0x0000000008000dc0                vCameraRegInit
 .text.prvSDAOutput
                0x0000000008000dfc       0x3c ./Core/Src/camera_reg.o
 .text.prvSDAInput
                0x0000000008000e38       0x38 ./Core/Src/camera_reg.o
 .text.prvWrite
                0x0000000008000e70       0xbc ./Core/Src/camera_reg.o
 .text.prvStart
                0x0000000008000f2c       0x3c ./Core/Src/camera_reg.o
 .text.prvStop  0x0000000008000f68       0x3c ./Core/Src/camera_reg.o
 .text.prucRead
                0x0000000008000fa4       0xc0 ./Core/Src/camera_reg.o
 .text.prvCameraWriteReg
                0x0000000008001064       0x36 ./Core/Src/camera_reg.o
 .text.prucCameraReadReg
                0x000000000800109a       0x44 ./Core/Src/camera_reg.o
 *fill*         0x00000000080010de        0x2 
 .text.vApplicationGetIdleTaskMemory
                0x00000000080010e0       0x34 ./Core/Src/freertos.o
                0x00000000080010e0                vApplicationGetIdleTaskMemory
 .text.vDebugErrorRoutine
                0x0000000008001114       0x1c ./Core/Src/main.o
                0x0000000008001114                vDebugErrorRoutine
 .text.vDebugSuccessRoutine
                0x0000000008001130       0x1c ./Core/Src/main.o
                0x0000000008001130                vDebugSuccessRoutine
 .text.main     0x000000000800114c       0x60 ./Core/Src/main.o
                0x000000000800114c                main
 .text.SystemClock_Config
                0x00000000080011ac       0xe0 ./Core/Src/main.o
                0x00000000080011ac                SystemClock_Config
 .text.MX_NVIC_Init
                0x000000000800128c       0x26 ./Core/Src/main.o
 *fill*         0x00000000080012b2        0x2 
 .text.MX_TIM2_Init
                0x00000000080012b4       0xa0 ./Core/Src/main.o
 .text.MX_USART2_UART_Init
                0x0000000008001354       0x54 ./Core/Src/main.o
 .text.MX_DMA_Init
                0x00000000080013a8       0x40 ./Core/Src/main.o
 .text.MX_GPIO_Init
                0x00000000080013e8      0x160 ./Core/Src/main.o
 .text.StartDefaultTask
                0x0000000008001548       0x16 ./Core/Src/main.o
                0x0000000008001548                StartDefaultTask
 *fill*         0x000000000800155e        0x2 
 .text.HAL_TIM_PeriodElapsedCallback
                0x0000000008001560       0x24 ./Core/Src/main.o
                0x0000000008001560                HAL_TIM_PeriodElapsedCallback
 .text.Error_Handler
                0x0000000008001584        0xa ./Core/Src/main.o
                0x0000000008001584                Error_Handler
 *fill*         0x000000000800158e        0x2 
 .text.vStepperInit
                0x0000000008001590       0x2c ./Core/Src/stepper.o
                0x0000000008001590                vStepperInit
 .text.vStepperStart
                0x00000000080015bc       0x1c ./Core/Src/stepper.o
                0x00000000080015bc                vStepperStart
 .text.vStepperStop
                0x00000000080015d8       0x1c ./Core/Src/stepper.o
                0x00000000080015d8                vStepperStop
 .text.vStepperChangeDirection
                0x00000000080015f4       0x1c ./Core/Src/stepper.o
                0x00000000080015f4                vStepperChangeDirection
 .text.vStepperChangeVelocity
                0x0000000008001610       0x38 ./Core/Src/stepper.o
                0x0000000008001610                vStepperChangeVelocity
 .text.prvStepperTask
                0x0000000008001648      0x200 ./Core/Src/stepper.o
 .text.HAL_MspInit
                0x0000000008001848       0x58 ./Core/Src/stm32f4xx_hal_msp.o
                0x0000000008001848                HAL_MspInit
 .text.HAL_TIM_Base_MspInit
                0x00000000080018a0       0x40 ./Core/Src/stm32f4xx_hal_msp.o
                0x00000000080018a0                HAL_TIM_Base_MspInit
 .text.HAL_UART_MspInit
                0x00000000080018e0      0x104 ./Core/Src/stm32f4xx_hal_msp.o
                0x00000000080018e0                HAL_UART_MspInit
 .text.HAL_InitTick
                0x00000000080019e4       0xe4 ./Core/Src/stm32f4xx_hal_timebase_tim.o
                0x00000000080019e4                HAL_InitTick
 .text.NMI_Handler
                0x0000000008001ac8        0x6 ./Core/Src/stm32f4xx_it.o
                0x0000000008001ac8                NMI_Handler
 .text.HardFault_Handler
                0x0000000008001ace        0x6 ./Core/Src/stm32f4xx_it.o
                0x0000000008001ace                HardFault_Handler
 .text.MemManage_Handler
                0x0000000008001ad4        0x6 ./Core/Src/stm32f4xx_it.o
                0x0000000008001ad4                MemManage_Handler
 .text.BusFault_Handler
                0x0000000008001ada        0x6 ./Core/Src/stm32f4xx_it.o
                0x0000000008001ada                BusFault_Handler
 .text.UsageFault_Handler
                0x0000000008001ae0        0x6 ./Core/Src/stm32f4xx_it.o
                0x0000000008001ae0                UsageFault_Handler
 .text.DebugMon_Handler
                0x0000000008001ae6        0xe ./Core/Src/stm32f4xx_it.o
                0x0000000008001ae6                DebugMon_Handler
 .text.DMA1_Stream6_IRQHandler
                0x0000000008001af4       0x14 ./Core/Src/stm32f4xx_it.o
                0x0000000008001af4                DMA1_Stream6_IRQHandler
 .text.TIM1_UP_TIM10_IRQHandler
                0x0000000008001b08       0x14 ./Core/Src/stm32f4xx_it.o
                0x0000000008001b08                TIM1_UP_TIM10_IRQHandler
 .text.USART2_IRQHandler
                0x0000000008001b1c       0x14 ./Core/Src/stm32f4xx_it.o
                0x0000000008001b1c                USART2_IRQHandler
 .text.EXTI0_IRQHandler
                0x0000000008001b30       0x4c ./Core/Src/stm32f4xx_it.o
                0x0000000008001b30                EXTI0_IRQHandler
 .text.EXTI1_IRQHandler
                0x0000000008001b7c       0x74 ./Core/Src/stm32f4xx_it.o
                0x0000000008001b7c                EXTI1_IRQHandler
 .text.EXTI15_10_IRQHandler
                0x0000000008001bf0       0xb0 ./Core/Src/stm32f4xx_it.o
                0x0000000008001bf0                EXTI15_10_IRQHandler
 .text.HAL_UART_TxCpltCallback
                0x0000000008001ca0       0x40 ./Core/Src/stm32f4xx_it.o
                0x0000000008001ca0                HAL_UART_TxCpltCallback
 .text.HAL_UART_RxCpltCallback
                0x0000000008001ce0       0x44 ./Core/Src/stm32f4xx_it.o
                0x0000000008001ce0                HAL_UART_RxCpltCallback
 .text._sbrk    0x0000000008001d24       0x6c ./Core/Src/sysmem.o
                0x0000000008001d24                _sbrk
 .text.SystemInit
                0x0000000008001d90       0x24 ./Core/Src/system_stm32f4xx.o
                0x0000000008001d90                SystemInit
 .text.vDelayUs
                0x0000000008001db4       0x2e ./Core/Src/tools.o
                0x0000000008001db4                vDelayUs
 .text.vToolsErrorRoutine
                0x0000000008001de2        0x6 ./Core/Src/tools.o
                0x0000000008001de2                vToolsErrorRoutine
 .text.Reset_Handler
                0x0000000008001de8       0x50 ./Core/Startup/startup_stm32f401retx.o
                0x0000000008001de8                Reset_Handler
 .text.Default_Handler
                0x0000000008001e38        0x2 ./Core/Startup/startup_stm32f401retx.o
                0x0000000008001e38                RTC_Alarm_IRQHandler
                0x0000000008001e38                EXTI2_IRQHandler
                0x0000000008001e38                SPI4_IRQHandler
                0x0000000008001e38                TIM1_CC_IRQHandler
                0x0000000008001e38                DMA2_Stream5_IRQHandler
                0x0000000008001e38                DMA1_Stream5_IRQHandler
                0x0000000008001e38                PVD_IRQHandler
                0x0000000008001e38                SDIO_IRQHandler
                0x0000000008001e38                TAMP_STAMP_IRQHandler
                0x0000000008001e38                EXTI3_IRQHandler
                0x0000000008001e38                I2C3_ER_IRQHandler
                0x0000000008001e38                I2C2_EV_IRQHandler
                0x0000000008001e38                DMA1_Stream2_IRQHandler
                0x0000000008001e38                FPU_IRQHandler
                0x0000000008001e38                DMA2_Stream2_IRQHandler
                0x0000000008001e38                SPI1_IRQHandler
                0x0000000008001e38                TIM1_BRK_TIM9_IRQHandler
                0x0000000008001e38                DMA2_Stream3_IRQHandler
                0x0000000008001e38                USART6_IRQHandler
                0x0000000008001e38                DMA2_Stream0_IRQHandler
                0x0000000008001e38                TIM4_IRQHandler
                0x0000000008001e38                I2C1_EV_IRQHandler
                0x0000000008001e38                DMA1_Stream1_IRQHandler
                0x0000000008001e38                TIM3_IRQHandler
                0x0000000008001e38                RCC_IRQHandler
                0x0000000008001e38                Default_Handler
                0x0000000008001e38                ADC_IRQHandler
                0x0000000008001e38                DMA1_Stream7_IRQHandler
                0x0000000008001e38                TIM5_IRQHandler
                0x0000000008001e38                DMA2_Stream7_IRQHandler
                0x0000000008001e38                I2C3_EV_IRQHandler
                0x0000000008001e38                EXTI9_5_IRQHandler
                0x0000000008001e38                RTC_WKUP_IRQHandler
                0x0000000008001e38                SPI2_IRQHandler
                0x0000000008001e38                DMA1_Stream0_IRQHandler
                0x0000000008001e38                EXTI4_IRQHandler
                0x0000000008001e38                WWDG_IRQHandler
                0x0000000008001e38                TIM2_IRQHandler
                0x0000000008001e38                OTG_FS_WKUP_IRQHandler
                0x0000000008001e38                TIM1_TRG_COM_TIM11_IRQHandler
                0x0000000008001e38                I2C2_ER_IRQHandler
                0x0000000008001e38                DMA2_Stream1_IRQHandler
                0x0000000008001e38                FLASH_IRQHandler
                0x0000000008001e38                DMA2_Stream4_IRQHandler
                0x0000000008001e38                USART1_IRQHandler
                0x0000000008001e38                OTG_FS_IRQHandler
                0x0000000008001e38                SPI3_IRQHandler
                0x0000000008001e38                DMA1_Stream4_IRQHandler
                0x0000000008001e38                I2C1_ER_IRQHandler
                0x0000000008001e38                DMA2_Stream6_IRQHandler
                0x0000000008001e38                DMA1_Stream3_IRQHandler
 *fill*         0x0000000008001e3a        0x2 
 .text.HAL_Init
                0x0000000008001e3c       0x44 ./Drivers/STM32F4xx_HAL_Driver/Src/stm32f4xx_hal.o
                0x0000000008001e3c                HAL_Init
 .text.HAL_IncTick
                0x0000000008001e80       0x28 ./Drivers/STM32F4xx_HAL_Driver/Src/stm32f4xx_hal.o
                0x0000000008001e80                HAL_IncTick
 .text.HAL_GetTick
                0x0000000008001ea8       0x18 ./Drivers/STM32F4xx_HAL_Driver/Src/stm32f4xx_hal.o
                0x0000000008001ea8                HAL_GetTick
 .text.__NVIC_SetPriorityGrouping
                0x0000000008001ec0       0x48 ./Drivers/STM32F4xx_HAL_Driver/Src/stm32f4xx_hal_cortex.o
 .text.__NVIC_GetPriorityGrouping
                0x0000000008001f08       0x1c ./Drivers/STM32F4xx_HAL_Driver/Src/stm32f4xx_hal_cortex.o
 .text.__NVIC_EnableIRQ
                0x0000000008001f24       0x3c ./Drivers/STM32F4xx_HAL_Driver/Src/stm32f4xx_hal_cortex.o
 .text.__NVIC_DisableIRQ
                0x0000000008001f60       0x48 ./Drivers/STM32F4xx_HAL_Driver/Src/stm32f4xx_hal_cortex.o
 .text.__NVIC_SetPriority
                0x0000000008001fa8       0x54 ./Drivers/STM32F4xx_HAL_Driver/Src/stm32f4xx_hal_cortex.o
 .text.NVIC_EncodePriority
                0x0000000008001ffc       0x66 ./Drivers/STM32F4xx_HAL_Driver/Src/stm32f4xx_hal_cortex.o
 .text.HAL_NVIC_SetPriorityGrouping
                0x0000000008002062       0x16 ./Drivers/STM32F4xx_HAL_Driver/Src/stm32f4xx_hal_cortex.o
                0x0000000008002062                HAL_NVIC_SetPriorityGrouping
 .text.HAL_NVIC_SetPriority
                0x0000000008002078       0x38 ./Drivers/STM32F4xx_HAL_Driver/Src/stm32f4xx_hal_cortex.o
                0x0000000008002078                HAL_NVIC_SetPriority
 .text.HAL_NVIC_EnableIRQ
                0x00000000080020b0       0x1c ./Drivers/STM32F4xx_HAL_Driver/Src/stm32f4xx_hal_cortex.o
                0x00000000080020b0                HAL_NVIC_EnableIRQ
 .text.HAL_NVIC_DisableIRQ
                0x00000000080020cc       0x1c ./Drivers/STM32F4xx_HAL_Driver/Src/stm32f4xx_hal_cortex.o
                0x00000000080020cc                HAL_NVIC_DisableIRQ
 .text.HAL_DMA_Init
                0x00000000080020e8      0x15c ./Drivers/STM32F4xx_HAL_Driver/Src/stm32f4xx_hal_dma.o
                0x00000000080020e8                HAL_DMA_Init
 .text.HAL_DMA_Start_IT
                0x0000000008002244       0xb0 ./Drivers/STM32F4xx_HAL_Driver/Src/stm32f4xx_hal_dma.o
                0x0000000008002244                HAL_DMA_Start_IT
 .text.HAL_DMA_Abort
                0x00000000080022f4       0xe0 ./Drivers/STM32F4xx_HAL_Driver/Src/stm32f4xx_hal_dma.o
                0x00000000080022f4                HAL_DMA_Abort
 .text.HAL_DMA_Abort_IT
                0x00000000080023d4       0x44 ./Drivers/STM32F4xx_HAL_Driver/Src/stm32f4xx_hal_dma.o
                0x00000000080023d4                HAL_DMA_Abort_IT
 .text.HAL_DMA_IRQHandler
                0x0000000008002418      0x314 ./Drivers/STM32F4xx_HAL_Driver/Src/stm32f4xx_hal_dma.o
                0x0000000008002418                HAL_DMA_IRQHandler
 .text.DMA_SetConfig
                0x000000000800272c       0x5c ./Drivers/STM32F4xx_HAL_Driver/Src/stm32f4xx_hal_dma.o
 .text.DMA_CalcBaseAndBitshift
                0x0000000008002788       0x6c ./Drivers/STM32F4xx_HAL_Driver/Src/stm32f4xx_hal_dma.o
 .text.DMA_CheckFifoParam
                0x00000000080027f4       0xf8 ./Drivers/STM32F4xx_HAL_Driver/Src/stm32f4xx_hal_dma.o
 .text.HAL_GPIO_Init
                0x00000000080028ec      0x308 ./Drivers/STM32F4xx_HAL_Driver/Src/stm32f4xx_hal_gpio.o
                0x00000000080028ec                HAL_GPIO_Init
 .text.HAL_GPIO_ReadPin
                0x0000000008002bf4       0x30 ./Drivers/STM32F4xx_HAL_Driver/Src/stm32f4xx_hal_gpio.o
                0x0000000008002bf4                HAL_GPIO_ReadPin
 .text.HAL_GPIO_WritePin
                0x0000000008002c24       0x32 ./Drivers/STM32F4xx_HAL_Driver/Src/stm32f4xx_hal_gpio.o
                0x0000000008002c24                HAL_GPIO_WritePin
 *fill*         0x0000000008002c56        0x2 
 .text.HAL_RCC_OscConfig
                0x0000000008002c58      0x4f0 ./Drivers/STM32F4xx_HAL_Driver/Src/stm32f4xx_hal_rcc.o
                0x0000000008002c58                HAL_RCC_OscConfig
 .text.HAL_RCC_ClockConfig
                0x0000000008003148      0x1cc ./Drivers/STM32F4xx_HAL_Driver/Src/stm32f4xx_hal_rcc.o
                0x0000000008003148                HAL_RCC_ClockConfig
 .text.HAL_RCC_MCOConfig
                0x0000000008003314       0xd0 ./Drivers/STM32F4xx_HAL_Driver/Src/stm32f4xx_hal_rcc.o
                0x0000000008003314                HAL_RCC_MCOConfig
 .text.HAL_RCC_GetSysClockFreq
                0x00000000080033e4      0x18c ./Drivers/STM32F4xx_HAL_Driver/Src/stm32f4xx_hal_rcc.o
                0x00000000080033e4                HAL_RCC_GetSysClockFreq
 .text.HAL_RCC_GetHCLKFreq
                0x0000000008003570       0x18 ./Drivers/STM32F4xx_HAL_Driver/Src/stm32f4xx_hal_rcc.o
                0x0000000008003570                HAL_RCC_GetHCLKFreq
 .text.HAL_RCC_GetPCLK1Freq
                0x0000000008003588       0x28 ./Drivers/STM32F4xx_HAL_Driver/Src/stm32f4xx_hal_rcc.o
                0x0000000008003588                HAL_RCC_GetPCLK1Freq
 .text.HAL_RCC_GetPCLK2Freq
                0x00000000080035b0       0x28 ./Drivers/STM32F4xx_HAL_Driver/Src/stm32f4xx_hal_rcc.o
                0x00000000080035b0                HAL_RCC_GetPCLK2Freq
 .text.HAL_RCC_GetClockConfig
                0x00000000080035d8       0x64 ./Drivers/STM32F4xx_HAL_Driver/Src/stm32f4xx_hal_rcc.o
                0x00000000080035d8                HAL_RCC_GetClockConfig
 .text.HAL_TIM_Base_Init
                0x000000000800363c       0x9e ./Drivers/STM32F4xx_HAL_Driver/Src/stm32f4xx_hal_tim.o
                0x000000000800363c                HAL_TIM_Base_Init
 *fill*         0x00000000080036da        0x2 
 .text.HAL_TIM_Base_Start
                0x00000000080036dc       0xb4 ./Drivers/STM32F4xx_HAL_Driver/Src/stm32f4xx_hal_tim.o
                0x00000000080036dc                HAL_TIM_Base_Start
 .text.HAL_TIM_Base_Start_IT
                0x0000000008003790       0xc4 ./Drivers/STM32F4xx_HAL_Driver/Src/stm32f4xx_hal_tim.o
                0x0000000008003790                HAL_TIM_Base_Start_IT
 .text.HAL_TIM_IRQHandler
                0x0000000008003854      0x210 ./Drivers/STM32F4xx_HAL_Driver/Src/stm32f4xx_hal_tim.o
                0x0000000008003854                HAL_TIM_IRQHandler
 .text.HAL_TIM_ConfigClockSource
                0x0000000008003a64      0x18e ./Drivers/STM32F4xx_HAL_Driver/Src/stm32f4xx_hal_tim.o
                0x0000000008003a64                HAL_TIM_ConfigClockSource
 .text.HAL_TIM_OC_DelayElapsedCallback
                0x0000000008003bf2       0x14 ./Drivers/STM32F4xx_HAL_Driver/Src/stm32f4xx_hal_tim.o
                0x0000000008003bf2                HAL_TIM_OC_DelayElapsedCallback
 .text.HAL_TIM_IC_CaptureCallback
                0x0000000008003c06       0x14 ./Drivers/STM32F4xx_HAL_Driver/Src/stm32f4xx_hal_tim.o
                0x0000000008003c06                HAL_TIM_IC_CaptureCallback
 .text.HAL_TIM_PWM_PulseFinishedCallback
                0x0000000008003c1a       0x14 ./Drivers/STM32F4xx_HAL_Driver/Src/stm32f4xx_hal_tim.o
                0x0000000008003c1a                HAL_TIM_PWM_PulseFinishedCallback
 .text.HAL_TIM_TriggerCallback
                0x0000000008003c2e       0x14 ./Drivers/STM32F4xx_HAL_Driver/Src/stm32f4xx_hal_tim.o
                0x0000000008003c2e                HAL_TIM_TriggerCallback
 *fill*         0x0000000008003c42        0x2 
 .text.TIM_Base_SetConfig
                0x0000000008003c44      0x100 ./Drivers/STM32F4xx_HAL_Driver/Src/stm32f4xx_hal_tim.o
                0x0000000008003c44                TIM_Base_SetConfig
 .text.TIM_TI1_ConfigInputStage
                0x0000000008003d44       0x5e ./Drivers/STM32F4xx_HAL_Driver/Src/stm32f4xx_hal_tim.o
 .text.TIM_TI2_ConfigInputStage
                0x0000000008003da2       0x60 ./Drivers/STM32F4xx_HAL_Driver/Src/stm32f4xx_hal_tim.o
 .text.TIM_ITRx_SetConfig
                0x0000000008003e02       0x36 ./Drivers/STM32F4xx_HAL_Driver/Src/stm32f4xx_hal_tim.o
 .text.TIM_ETR_SetConfig
                0x0000000008003e38       0x40 ./Drivers/STM32F4xx_HAL_Driver/Src/stm32f4xx_hal_tim.o
                0x0000000008003e38                TIM_ETR_SetConfig
 .text.HAL_TIMEx_MasterConfigSynchronization
                0x0000000008003e78       0xdc ./Drivers/STM32F4xx_HAL_Driver/Src/stm32f4xx_hal_tim_ex.o
                0x0000000008003e78                HAL_TIMEx_MasterConfigSynchronization
 .text.HAL_TIMEx_CommutCallback
                0x0000000008003f54       0x14 ./Drivers/STM32F4xx_HAL_Driver/Src/stm32f4xx_hal_tim_ex.o
                0x0000000008003f54                HAL_TIMEx_CommutCallback
 .text.HAL_TIMEx_BreakCallback
                0x0000000008003f68       0x14 ./Drivers/STM32F4xx_HAL_Driver/Src/stm32f4xx_hal_tim_ex.o
                0x0000000008003f68                HAL_TIMEx_BreakCallback
 .text.HAL_UART_Init
                0x0000000008003f7c       0x9a ./Drivers/STM32F4xx_HAL_Driver/Src/stm32f4xx_hal_uart.o
                0x0000000008003f7c                HAL_UART_Init
 .text.HAL_UART_Receive_IT
                0x0000000008004016       0x60 ./Drivers/STM32F4xx_HAL_Driver/Src/stm32f4xx_hal_uart.o
                0x0000000008004016                HAL_UART_Receive_IT
 *fill*         0x0000000008004076        0x2 
 .text.HAL_UART_Transmit_DMA
                0x0000000008004078       0xfc ./Drivers/STM32F4xx_HAL_Driver/Src/stm32f4xx_hal_uart.o
                0x0000000008004078                HAL_UART_Transmit_DMA
 .text.HAL_UART_IRQHandler
                0x0000000008004174      0x51c ./Drivers/STM32F4xx_HAL_Driver/Src/stm32f4xx_hal_uart.o
                0x0000000008004174                HAL_UART_IRQHandler
 .text.HAL_UART_TxHalfCpltCallback
                0x0000000008004690       0x14 ./Drivers/STM32F4xx_HAL_Driver/Src/stm32f4xx_hal_uart.o
                0x0000000008004690                HAL_UART_TxHalfCpltCallback
 .text.HAL_UART_ErrorCallback
                0x00000000080046a4       0x14 ./Drivers/STM32F4xx_HAL_Driver/Src/stm32f4xx_hal_uart.o
                0x00000000080046a4                HAL_UART_ErrorCallback
 .text.HAL_UARTEx_RxEventCallback
                0x00000000080046b8       0x18 ./Drivers/STM32F4xx_HAL_Driver/Src/stm32f4xx_hal_uart.o
                0x00000000080046b8                HAL_UARTEx_RxEventCallback
 .text.UART_DMATransmitCplt
                0x00000000080046d0       0x9a ./Drivers/STM32F4xx_HAL_Driver/Src/stm32f4xx_hal_uart.o
 .text.UART_DMATxHalfCplt
                0x000000000800476a       0x1c ./Drivers/STM32F4xx_HAL_Driver/Src/stm32f4xx_hal_uart.o
 .text.UART_DMAError
                0x0000000008004786       0x94 ./Drivers/STM32F4xx_HAL_Driver/Src/stm32f4xx_hal_uart.o
 .text.UART_Start_Receive_IT
                0x000000000800481a       0x7c ./Drivers/STM32F4xx_HAL_Driver/Src/stm32f4xx_hal_uart.o
                0x000000000800481a                UART_Start_Receive_IT
 .text.UART_EndTxTransfer
                0x0000000008004896       0x50 ./Drivers/STM32F4xx_HAL_Driver/Src/stm32f4xx_hal_uart.o
 .text.UART_EndRxTransfer
                0x00000000080048e6       0xc6 ./Drivers/STM32F4xx_HAL_Driver/Src/stm32f4xx_hal_uart.o
 .text.UART_DMAAbortOnError
                0x00000000080049ac       0x28 ./Drivers/STM32F4xx_HAL_Driver/Src/stm32f4xx_hal_uart.o
 .text.UART_Transmit_IT
                0x00000000080049d4       0xa0 ./Drivers/STM32F4xx_HAL_Driver/Src/stm32f4xx_hal_uart.o
 .text.UART_EndTransmit_IT
                0x0000000008004a74       0x30 ./Drivers/STM32F4xx_HAL_Driver/Src/stm32f4xx_hal_uart.o
 .text.UART_Receive_IT
                0x0000000008004aa4      0x176 ./Drivers/STM32F4xx_HAL_Driver/Src/stm32f4xx_hal_uart.o
 *fill*         0x0000000008004c1a        0x2 
 .text.UART_SetConfig
                0x0000000008004c1c      0x4e8 ./Drivers/STM32F4xx_HAL_Driver/Src/stm32f4xx_hal_uart.o
 .text.makeFreeRtosPriority
                0x0000000008005104       0x30 ./Middlewares/Third_Party/FreeRTOS/Source/CMSIS_RTOS/cmsis_os.o
 .text.osKernelStart
                0x0000000008005134        0xe ./Middlewares/Third_Party/FreeRTOS/Source/CMSIS_RTOS/cmsis_os.o
                0x0000000008005134                osKernelStart
 .text.osThreadCreate
                0x0000000008005142       0x98 ./Middlewares/Third_Party/FreeRTOS/Source/CMSIS_RTOS/cmsis_os.o
                0x0000000008005142                osThreadCreate
 .text.osDelay  0x00000000080051da       0x28 ./Middlewares/Third_Party/FreeRTOS/Source/CMSIS_RTOS/cmsis_os.o
                0x00000000080051da                osDelay
 .text.vListInitialise
                0x0000000008005202       0x40 ./Middlewares/Third_Party/FreeRTOS/Source/list.o
                0x0000000008005202                vListInitialise
 .text.vListInitialiseItem
                0x0000000008005242       0x1a ./Middlewares/Third_Party/FreeRTOS/Source/list.o
                0x0000000008005242                vListInitialiseItem
 .text.vListInsertEnd
                0x000000000800525c       0x48 ./Middlewares/Third_Party/FreeRTOS/Source/list.o
                0x000000000800525c                vListInsertEnd
 .text.vListInsert
                0x00000000080052a4       0x72 ./Middlewares/Third_Party/FreeRTOS/Source/list.o
                0x00000000080052a4                vListInsert
 .text.uxListRemove
                0x0000000008005316       0x54 ./Middlewares/Third_Party/FreeRTOS/Source/list.o
                0x0000000008005316                uxListRemove
 *fill*         0x000000000800536a        0x2 
 .text.xQueueGenericReset
                0x000000000800536c       0xd0 ./Middlewares/Third_Party/FreeRTOS/Source/queue.o
                0x000000000800536c                xQueueGenericReset
 .text.xQueueGenericCreate
                0x000000000800543c       0x74 ./Middlewares/Third_Party/FreeRTOS/Source/queue.o
                0x000000000800543c                xQueueGenericCreate
 .text.prvInitialiseNewQueue
                0x00000000080054b0       0x3e ./Middlewares/Third_Party/FreeRTOS/Source/queue.o
 .text.prvInitialiseMutex
                0x00000000080054ee       0x34 ./Middlewares/Third_Party/FreeRTOS/Source/queue.o
 .text.xQueueCreateMutex
                0x0000000008005522       0x30 ./Middlewares/Third_Party/FreeRTOS/Source/queue.o
                0x0000000008005522                xQueueCreateMutex
 *fill*         0x0000000008005552        0x2 
 .text.xQueueGenericSend
                0x0000000008005554      0x1fc ./Middlewares/Third_Party/FreeRTOS/Source/queue.o
                0x0000000008005554                xQueueGenericSend
 .text.xQueueGenericSendFromISR
                0x0000000008005750      0x136 ./Middlewares/Third_Party/FreeRTOS/Source/queue.o
                0x0000000008005750                xQueueGenericSendFromISR
 .text.xQueueGiveFromISR
                0x0000000008005886      0x11a ./Middlewares/Third_Party/FreeRTOS/Source/queue.o
                0x0000000008005886                xQueueGiveFromISR
 .text.xQueueReceive
                0x00000000080059a0      0x1c0 ./Middlewares/Third_Party/FreeRTOS/Source/queue.o
                0x00000000080059a0                xQueueReceive
 .text.xQueueSemaphoreTake
                0x0000000008005b60      0x218 ./Middlewares/Third_Party/FreeRTOS/Source/queue.o
                0x0000000008005b60                xQueueSemaphoreTake
 .text.prvGetDisinheritPriorityAfterTimeout
                0x0000000008005d78       0x30 ./Middlewares/Third_Party/FreeRTOS/Source/queue.o
 .text.prvCopyDataToQueue
                0x0000000008005da8       0xd4 ./Middlewares/Third_Party/FreeRTOS/Source/queue.o
 .text.prvCopyDataFromQueue
                0x0000000008005e7c       0x4c ./Middlewares/Third_Party/FreeRTOS/Source/queue.o
 .text.prvUnlockQueue
                0x0000000008005ec8       0xa4 ./Middlewares/Third_Party/FreeRTOS/Source/queue.o
 .text.prvIsQueueEmpty
                0x0000000008005f6c       0x2c ./Middlewares/Third_Party/FreeRTOS/Source/queue.o
 .text.prvIsQueueFull
                0x0000000008005f98       0x30 ./Middlewares/Third_Party/FreeRTOS/Source/queue.o
 .text.xTaskCreateStatic
                0x0000000008005fc8       0xba ./Middlewares/Third_Party/FreeRTOS/Source/tasks.o
                0x0000000008005fc8                xTaskCreateStatic
 .text.xTaskCreate
                0x0000000008006082       0x8a ./Middlewares/Third_Party/FreeRTOS/Source/tasks.o
                0x0000000008006082                xTaskCreate
 .text.prvInitialiseNewTask
                0x000000000800610c      0x13c ./Middlewares/Third_Party/FreeRTOS/Source/tasks.o
 .text.prvAddNewTaskToReadyList
                0x0000000008006248       0xd4 ./Middlewares/Third_Party/FreeRTOS/Source/tasks.o
 .text.vTaskDelay
                0x000000000800631c       0x68 ./Middlewares/Third_Party/FreeRTOS/Source/tasks.o
                0x000000000800631c                vTaskDelay
 .text.vTaskSuspend
                0x0000000008006384      0x124 ./Middlewares/Third_Party/FreeRTOS/Source/tasks.o
                0x0000000008006384                vTaskSuspend
 .text.prvTaskIsTaskSuspended
                0x00000000080064a8       0x64 ./Middlewares/Third_Party/FreeRTOS/Source/tasks.o
 .text.xTaskResumeFromISR
                0x000000000800650c       0xe4 ./Middlewares/Third_Party/FreeRTOS/Source/tasks.o
                0x000000000800650c                xTaskResumeFromISR
 .text.vTaskStartScheduler
                0x00000000080065f0       0xd4 ./Middlewares/Third_Party/FreeRTOS/Source/tasks.o
                0x00000000080065f0                vTaskStartScheduler
 .text.vTaskSuspendAll
                0x00000000080066c4       0x1c ./Middlewares/Third_Party/FreeRTOS/Source/tasks.o
                0x00000000080066c4                vTaskSuspendAll
 .text.xTaskResumeAll
                0x00000000080066e0      0x138 ./Middlewares/Third_Party/FreeRTOS/Source/tasks.o
                0x00000000080066e0                xTaskResumeAll
 .text.xTaskIncrementTick
                0x0000000008006818      0x170 ./Middlewares/Third_Party/FreeRTOS/Source/tasks.o
                0x0000000008006818                xTaskIncrementTick
 .text.vTaskSwitchContext
                0x0000000008006988       0xc4 ./Middlewares/Third_Party/FreeRTOS/Source/tasks.o
                0x0000000008006988                vTaskSwitchContext
 .text.vTaskPlaceOnEventList
                0x0000000008006a4c       0x48 ./Middlewares/Third_Party/FreeRTOS/Source/tasks.o
                0x0000000008006a4c                vTaskPlaceOnEventList
 .text.xTaskRemoveFromEventList
                0x0000000008006a94       0xc4 ./Middlewares/Third_Party/FreeRTOS/Source/tasks.o
                0x0000000008006a94                xTaskRemoveFromEventList
 .text.vTaskInternalSetTimeOutState
                0x0000000008006b58       0x2c ./Middlewares/Third_Party/FreeRTOS/Source/tasks.o
                0x0000000008006b58                vTaskInternalSetTimeOutState
 .text.xTaskCheckForTimeOut
                0x0000000008006b84       0xc4 ./Middlewares/Third_Party/FreeRTOS/Source/tasks.o
                0x0000000008006b84                xTaskCheckForTimeOut
 .text.vTaskMissedYield
                0x0000000008006c48       0x18 ./Middlewares/Third_Party/FreeRTOS/Source/tasks.o
                0x0000000008006c48                vTaskMissedYield
 .text.prvIdleTask
                0x0000000008006c60       0x30 ./Middlewares/Third_Party/FreeRTOS/Source/tasks.o
 .text.prvInitialiseTaskLists
                0x0000000008006c90       0x80 ./Middlewares/Third_Party/FreeRTOS/Source/tasks.o
 .text.prvCheckTasksWaitingTermination
                0x0000000008006d10       0x5c ./Middlewares/Third_Party/FreeRTOS/Source/tasks.o
 .text.prvDeleteTCB
                0x0000000008006d6c       0x68 ./Middlewares/Third_Party/FreeRTOS/Source/tasks.o
 .text.prvResetNextTaskUnblockTime
                0x0000000008006dd4       0x40 ./Middlewares/Third_Party/FreeRTOS/Source/tasks.o
 .text.xTaskGetSchedulerState
                0x0000000008006e14       0x3c ./Middlewares/Third_Party/FreeRTOS/Source/tasks.o
                0x0000000008006e14                xTaskGetSchedulerState
 .text.xTaskPriorityInherit
                0x0000000008006e50       0xec ./Middlewares/Third_Party/FreeRTOS/Source/tasks.o
                0x0000000008006e50                xTaskPriorityInherit
 .text.xTaskPriorityDisinherit
                0x0000000008006f3c      0x10c ./Middlewares/Third_Party/FreeRTOS/Source/tasks.o
                0x0000000008006f3c                xTaskPriorityDisinherit
 .text.vTaskPriorityDisinheritAfterTimeout
                0x0000000008007048      0x11c ./Middlewares/Third_Party/FreeRTOS/Source/tasks.o
                0x0000000008007048                vTaskPriorityDisinheritAfterTimeout
 .text.pvTaskIncrementMutexHeldCount
                0x0000000008007164       0x28 ./Middlewares/Third_Party/FreeRTOS/Source/tasks.o
                0x0000000008007164                pvTaskIncrementMutexHeldCount
 .text.ulTaskNotifyTake
                0x000000000800718c       0x98 ./Middlewares/Third_Party/FreeRTOS/Source/tasks.o
                0x000000000800718c                ulTaskNotifyTake
 .text.xTaskNotifyWait
                0x0000000008007224       0xc0 ./Middlewares/Third_Party/FreeRTOS/Source/tasks.o
                0x0000000008007224                xTaskNotifyWait
 .text.xTaskGenericNotify
                0x00000000080072e4      0x17c ./Middlewares/Third_Party/FreeRTOS/Source/tasks.o
                0x00000000080072e4                xTaskGenericNotify
 .text.vTaskNotifyGiveFromISR
                0x0000000008007460      0x128 ./Middlewares/Third_Party/FreeRTOS/Source/tasks.o
                0x0000000008007460                vTaskNotifyGiveFromISR
 .text.prvAddCurrentTaskToDelayedList
                0x0000000008007588       0xcc ./Middlewares/Third_Party/FreeRTOS/Source/tasks.o
 .text.pxPortInitialiseStack
                0x0000000008007654       0x68 ./Middlewares/Third_Party/FreeRTOS/Source/portable/GCC/ARM_CM4F/port.o
                0x0000000008007654                pxPortInitialiseStack
 .text.prvTaskExitError
                0x00000000080076bc       0x58 ./Middlewares/Third_Party/FreeRTOS/Source/portable/GCC/ARM_CM4F/port.o
 *fill*         0x0000000008007714        0xc 
 .text.SVC_Handler
                0x0000000008007720       0x28 ./Middlewares/Third_Party/FreeRTOS/Source/portable/GCC/ARM_CM4F/port.o
                0x0000000008007720                SVC_Handler
 .text.prvPortStartFirstTask
                0x0000000008007748       0x28 ./Middlewares/Third_Party/FreeRTOS/Source/portable/GCC/ARM_CM4F/port.o
 .text.xPortStartScheduler
                0x0000000008007770      0x144 ./Middlewares/Third_Party/FreeRTOS/Source/portable/GCC/ARM_CM4F/port.o
                0x0000000008007770                xPortStartScheduler
 .text.vPortEnterCritical
                0x00000000080078b4       0x60 ./Middlewares/Third_Party/FreeRTOS/Source/portable/GCC/ARM_CM4F/port.o
                0x00000000080078b4                vPortEnterCritical
 .text.vPortExitCritical
                0x0000000008007914       0x54 ./Middlewares/Third_Party/FreeRTOS/Source/portable/GCC/ARM_CM4F/port.o
                0x0000000008007914                vPortExitCritical
 *fill*         0x0000000008007968        0x8 
 .text.PendSV_Handler
                0x0000000008007970       0x68 ./Middlewares/Third_Party/FreeRTOS/Source/portable/GCC/ARM_CM4F/port.o
                0x0000000008007970                PendSV_Handler
 .text.SysTick_Handler
                0x00000000080079d8       0x44 ./Middlewares/Third_Party/FreeRTOS/Source/portable/GCC/ARM_CM4F/port.o
                0x00000000080079d8                SysTick_Handler
 .text.vPortSetupTimerInterrupt
                0x0000000008007a1c       0x48 ./Middlewares/Third_Party/FreeRTOS/Source/portable/GCC/ARM_CM4F/port.o
                0x0000000008007a1c                vPortSetupTimerInterrupt
 .text.vPortEnableVFP
                0x0000000008007a64       0x14 ./Middlewares/Third_Party/FreeRTOS/Source/portable/GCC/ARM_CM4F/port.o
 .text.vPortValidateInterruptPriority
                0x0000000008007a78       0x80 ./Middlewares/Third_Party/FreeRTOS/Source/portable/GCC/ARM_CM4F/port.o
                0x0000000008007a78                vPortValidateInterruptPriority
 .text.pvPortMalloc
                0x0000000008007af8      0x198 ./Middlewares/Third_Party/FreeRTOS/Source/portable/MemMang/heap_4.o
                0x0000000008007af8                pvPortMalloc
 .text.vPortFree
                0x0000000008007c90       0xc4 ./Middlewares/Third_Party/FreeRTOS/Source/portable/MemMang/heap_4.o
                0x0000000008007c90                vPortFree
 .text.prvHeapInit
                0x0000000008007d54       0xc4 ./Middlewares/Third_Party/FreeRTOS/Source/portable/MemMang/heap_4.o
 .text.prvInsertBlockIntoFreeList
                0x0000000008007e18       0xb4 ./Middlewares/Third_Party/FreeRTOS/Source/portable/MemMang/heap_4.o
 .text.findslot
                0x0000000008007ecc       0x34 /home/cotti/st/stm32cubeide_1.10.1/plugins/com.st.stm32cube.ide.mcu.externaltools.gnu-tools-for-stm32.10.3-2021.10.linux64_1.0.0.202111181127/tools/bin/../lib/gcc/arm-none-eabi/10.3.1/../../../../arm-none-eabi/lib/thumb/v7e-m+fp/hard/librdimon_nano.a(rdimon-syscalls.o)
 .text.error    0x0000000008007f00       0x1c /home/cotti/st/stm32cubeide_1.10.1/plugins/com.st.stm32cube.ide.mcu.externaltools.gnu-tools-for-stm32.10.3-2021.10.linux64_1.0.0.202111181127/tools/bin/../lib/gcc/arm-none-eabi/10.3.1/../../../../arm-none-eabi/lib/thumb/v7e-m+fp/hard/librdimon_nano.a(rdimon-syscalls.o)
 .text.checkerror
                0x0000000008007f1c        0xa /home/cotti/st/stm32cubeide_1.10.1/plugins/com.st.stm32cube.ide.mcu.externaltools.gnu-tools-for-stm32.10.3-2021.10.linux64_1.0.0.202111181127/tools/bin/../lib/gcc/arm-none-eabi/10.3.1/../../../../arm-none-eabi/lib/thumb/v7e-m+fp/hard/librdimon_nano.a(rdimon-syscalls.o)
 .text._swiread
                0x0000000008007f26       0x20 /home/cotti/st/stm32cubeide_1.10.1/plugins/com.st.stm32cube.ide.mcu.externaltools.gnu-tools-for-stm32.10.3-2021.10.linux64_1.0.0.202111181127/tools/bin/../lib/gcc/arm-none-eabi/10.3.1/../../../../arm-none-eabi/lib/thumb/v7e-m+fp/hard/librdimon_nano.a(rdimon-syscalls.o)
                0x0000000008007f26                _swiread
 .text._read    0x0000000008007f46       0x38 /home/cotti/st/stm32cubeide_1.10.1/plugins/com.st.stm32cube.ide.mcu.externaltools.gnu-tools-for-stm32.10.3-2021.10.linux64_1.0.0.202111181127/tools/bin/../lib/gcc/arm-none-eabi/10.3.1/../../../../arm-none-eabi/lib/thumb/v7e-m+fp/hard/librdimon_nano.a(rdimon-syscalls.o)
                0x0000000008007f46                _read
 .text._swilseek
                0x0000000008007f7e       0x78 /home/cotti/st/stm32cubeide_1.10.1/plugins/com.st.stm32cube.ide.mcu.externaltools.gnu-tools-for-stm32.10.3-2021.10.linux64_1.0.0.202111181127/tools/bin/../lib/gcc/arm-none-eabi/10.3.1/../../../../arm-none-eabi/lib/thumb/v7e-m+fp/hard/librdimon_nano.a(rdimon-syscalls.o)
                0x0000000008007f7e                _swilseek
 .text._lseek   0x0000000008007ff6        0x4 /home/cotti/st/stm32cubeide_1.10.1/plugins/com.st.stm32cube.ide.mcu.externaltools.gnu-tools-for-stm32.10.3-2021.10.linux64_1.0.0.202111181127/tools/bin/../lib/gcc/arm-none-eabi/10.3.1/../../../../arm-none-eabi/lib/thumb/v7e-m+fp/hard/librdimon_nano.a(rdimon-syscalls.o)
                0x0000000008007ff6                _lseek
 .text._swiwrite
                0x0000000008007ffa       0x20 /home/cotti/st/stm32cubeide_1.10.1/plugins/com.st.stm32cube.ide.mcu.externaltools.gnu-tools-for-stm32.10.3-2021.10.linux64_1.0.0.202111181127/tools/bin/../lib/gcc/arm-none-eabi/10.3.1/../../../../arm-none-eabi/lib/thumb/v7e-m+fp/hard/librdimon_nano.a(rdimon-syscalls.o)
                0x0000000008007ffa                _swiwrite
 .text._write   0x000000000800801a       0x48 /home/cotti/st/stm32cubeide_1.10.1/plugins/com.st.stm32cube.ide.mcu.externaltools.gnu-tools-for-stm32.10.3-2021.10.linux64_1.0.0.202111181127/tools/bin/../lib/gcc/arm-none-eabi/10.3.1/../../../../arm-none-eabi/lib/thumb/v7e-m+fp/hard/librdimon_nano.a(rdimon-syscalls.o)
                0x000000000800801a                _write
 .text._swiclose
                0x0000000008008062       0x1a /home/cotti/st/stm32cubeide_1.10.1/plugins/com.st.stm32cube.ide.mcu.externaltools.gnu-tools-for-stm32.10.3-2021.10.linux64_1.0.0.202111181127/tools/bin/../lib/gcc/arm-none-eabi/10.3.1/../../../../arm-none-eabi/lib/thumb/v7e-m+fp/hard/librdimon_nano.a(rdimon-syscalls.o)
                0x0000000008008062                _swiclose
 .text._close   0x000000000800807c       0x4c /home/cotti/st/stm32cubeide_1.10.1/plugins/com.st.stm32cube.ide.mcu.externaltools.gnu-tools-for-stm32.10.3-2021.10.linux64_1.0.0.202111181127/tools/bin/../lib/gcc/arm-none-eabi/10.3.1/../../../../arm-none-eabi/lib/thumb/v7e-m+fp/hard/librdimon_nano.a(rdimon-syscalls.o)
                0x000000000800807c                _close
 .text._swistat
                0x00000000080080c8       0x42 /home/cotti/st/stm32cubeide_1.10.1/plugins/com.st.stm32cube.ide.mcu.externaltools.gnu-tools-for-stm32.10.3-2021.10.linux64_1.0.0.202111181127/tools/bin/../lib/gcc/arm-none-eabi/10.3.1/../../../../arm-none-eabi/lib/thumb/v7e-m+fp/hard/librdimon_nano.a(rdimon-syscalls.o)
                0x00000000080080c8                _swistat
 .text._fstat   0x000000000800810a       0x1c /home/cotti/st/stm32cubeide_1.10.1/plugins/com.st.stm32cube.ide.mcu.externaltools.gnu-tools-for-stm32.10.3-2021.10.linux64_1.0.0.202111181127/tools/bin/../lib/gcc/arm-none-eabi/10.3.1/../../../../arm-none-eabi/lib/thumb/v7e-m+fp/hard/librdimon_nano.a(rdimon-syscalls.o)
                0x000000000800810a                _fstat
 .text._stat    0x0000000008008126       0x3a /home/cotti/st/stm32cubeide_1.10.1/plugins/com.st.stm32cube.ide.mcu.externaltools.gnu-tools-for-stm32.10.3-2021.10.linux64_1.0.0.202111181127/tools/bin/../lib/gcc/arm-none-eabi/10.3.1/../../../../arm-none-eabi/lib/thumb/v7e-m+fp/hard/librdimon_nano.a(rdimon-syscalls.o)
                0x0000000008008126                _stat
 .text._swiopen
                0x0000000008008160       0xb4 /home/cotti/st/stm32cubeide_1.10.1/plugins/com.st.stm32cube.ide.mcu.externaltools.gnu-tools-for-stm32.10.3-2021.10.linux64_1.0.0.202111181127/tools/bin/../lib/gcc/arm-none-eabi/10.3.1/../../../../arm-none-eabi/lib/thumb/v7e-m+fp/hard/librdimon_nano.a(rdimon-syscalls.o)
                0x0000000008008160                _swiopen
 .text._get_semihosting_exts
                0x0000000008008214       0xb8 /home/cotti/st/stm32cubeide_1.10.1/plugins/com.st.stm32cube.ide.mcu.externaltools.gnu-tools-for-stm32.10.3-2021.10.linux64_1.0.0.202111181127/tools/bin/../lib/gcc/arm-none-eabi/10.3.1/../../../../arm-none-eabi/lib/thumb/v7e-m+fp/hard/librdimon_nano.a(rdimon-syscalls.o)
                0x0000000008008214                _get_semihosting_exts
 .text.initialise_semihosting_exts
                0x00000000080082cc       0x34 /home/cotti/st/stm32cubeide_1.10.1/plugins/com.st.stm32cube.ide.mcu.externaltools.gnu-tools-for-stm32.10.3-2021.10.linux64_1.0.0.202111181127/tools/bin/../lib/gcc/arm-none-eabi/10.3.1/../../../../arm-none-eabi/lib/thumb/v7e-m+fp/hard/librdimon_nano.a(rdimon-syscalls.o)
 .text._has_ext_stdout_stderr
                0x0000000008008300       0x18 /home/cotti/st/stm32cubeide_1.10.1/plugins/com.st.stm32cube.ide.mcu.externaltools.gnu-tools-for-stm32.10.3-2021.10.linux64_1.0.0.202111181127/tools/bin/../lib/gcc/arm-none-eabi/10.3.1/../../../../arm-none-eabi/lib/thumb/v7e-m+fp/hard/librdimon_nano.a(rdimon-syscalls.o)
                0x0000000008008300                _has_ext_stdout_stderr
 .text.initialise_monitor_handles
                0x0000000008008318       0xc0 /home/cotti/st/stm32cubeide_1.10.1/plugins/com.st.stm32cube.ide.mcu.externaltools.gnu-tools-for-stm32.10.3-2021.10.linux64_1.0.0.202111181127/tools/bin/../lib/gcc/arm-none-eabi/10.3.1/../../../../arm-none-eabi/lib/thumb/v7e-m+fp/hard/librdimon_nano.a(rdimon-syscalls.o)
                0x0000000008008318                initialise_monitor_handles
 .text._isatty  0x00000000080083d8       0x38 /home/cotti/st/stm32cubeide_1.10.1/plugins/com.st.stm32cube.ide.mcu.externaltools.gnu-tools-for-stm32.10.3-2021.10.linux64_1.0.0.202111181127/tools/bin/../lib/gcc/arm-none-eabi/10.3.1/../../../../arm-none-eabi/lib/thumb/v7e-m+fp/hard/librdimon_nano.a(rdimon-syscalls.o)
                0x00000000080083d8                _isatty
 .text.__errno  0x0000000008008410        0xc /home/cotti/st/stm32cubeide_1.10.1/plugins/com.st.stm32cube.ide.mcu.externaltools.gnu-tools-for-stm32.10.3-2021.10.linux64_1.0.0.202111181127/tools/bin/../lib/gcc/arm-none-eabi/10.3.1/../../../../arm-none-eabi/lib/thumb/v7e-m+fp/hard/libc_nano.a(lib_a-errno.o)
                0x0000000008008410                __errno
 .text.std      0x000000000800841c       0x48 /home/cotti/st/stm32cubeide_1.10.1/plugins/com.st.stm32cube.ide.mcu.externaltools.gnu-tools-for-stm32.10.3-2021.10.linux64_1.0.0.202111181127/tools/bin/../lib/gcc/arm-none-eabi/10.3.1/../../../../arm-none-eabi/lib/thumb/v7e-m+fp/hard/libc_nano.a(lib_a-findfp.o)
 .text._cleanup_r
                0x0000000008008464        0xc /home/cotti/st/stm32cubeide_1.10.1/plugins/com.st.stm32cube.ide.mcu.externaltools.gnu-tools-for-stm32.10.3-2021.10.linux64_1.0.0.202111181127/tools/bin/../lib/gcc/arm-none-eabi/10.3.1/../../../../arm-none-eabi/lib/thumb/v7e-m+fp/hard/libc_nano.a(lib_a-findfp.o)
                0x0000000008008464                _cleanup_r
 .text.__sfmoreglue
                0x0000000008008470       0x2c /home/cotti/st/stm32cubeide_1.10.1/plugins/com.st.stm32cube.ide.mcu.externaltools.gnu-tools-for-stm32.10.3-2021.10.linux64_1.0.0.202111181127/tools/bin/../lib/gcc/arm-none-eabi/10.3.1/../../../../arm-none-eabi/lib/thumb/v7e-m+fp/hard/libc_nano.a(lib_a-findfp.o)
                0x0000000008008470                __sfmoreglue
 .text.__sfp_lock_acquire
                0x000000000800849c        0xc /home/cotti/st/stm32cubeide_1.10.1/plugins/com.st.stm32cube.ide.mcu.externaltools.gnu-tools-for-stm32.10.3-2021.10.linux64_1.0.0.202111181127/tools/bin/../lib/gcc/arm-none-eabi/10.3.1/../../../../arm-none-eabi/lib/thumb/v7e-m+fp/hard/libc_nano.a(lib_a-findfp.o)
                0x000000000800849c                __sfp_lock_acquire
 .text.__sfp_lock_release
                0x00000000080084a8        0xc /home/cotti/st/stm32cubeide_1.10.1/plugins/com.st.stm32cube.ide.mcu.externaltools.gnu-tools-for-stm32.10.3-2021.10.linux64_1.0.0.202111181127/tools/bin/../lib/gcc/arm-none-eabi/10.3.1/../../../../arm-none-eabi/lib/thumb/v7e-m+fp/hard/libc_nano.a(lib_a-findfp.o)
                0x00000000080084a8                __sfp_lock_release
 .text.__sinit_lock_acquire
                0x00000000080084b4        0xc /home/cotti/st/stm32cubeide_1.10.1/plugins/com.st.stm32cube.ide.mcu.externaltools.gnu-tools-for-stm32.10.3-2021.10.linux64_1.0.0.202111181127/tools/bin/../lib/gcc/arm-none-eabi/10.3.1/../../../../arm-none-eabi/lib/thumb/v7e-m+fp/hard/libc_nano.a(lib_a-findfp.o)
                0x00000000080084b4                __sinit_lock_acquire
 .text.__sinit_lock_release
                0x00000000080084c0        0xc /home/cotti/st/stm32cubeide_1.10.1/plugins/com.st.stm32cube.ide.mcu.externaltools.gnu-tools-for-stm32.10.3-2021.10.linux64_1.0.0.202111181127/tools/bin/../lib/gcc/arm-none-eabi/10.3.1/../../../../arm-none-eabi/lib/thumb/v7e-m+fp/hard/libc_nano.a(lib_a-findfp.o)
                0x00000000080084c0                __sinit_lock_release
 .text.__sinit  0x00000000080084cc       0x70 /home/cotti/st/stm32cubeide_1.10.1/plugins/com.st.stm32cube.ide.mcu.externaltools.gnu-tools-for-stm32.10.3-2021.10.linux64_1.0.0.202111181127/tools/bin/../lib/gcc/arm-none-eabi/10.3.1/../../../../arm-none-eabi/lib/thumb/v7e-m+fp/hard/libc_nano.a(lib_a-findfp.o)
                0x00000000080084cc                __sinit
 .text.__sfp    0x000000000800853c       0x8c /home/cotti/st/stm32cubeide_1.10.1/plugins/com.st.stm32cube.ide.mcu.externaltools.gnu-tools-for-stm32.10.3-2021.10.linux64_1.0.0.202111181127/tools/bin/../lib/gcc/arm-none-eabi/10.3.1/../../../../arm-none-eabi/lib/thumb/v7e-m+fp/hard/libc_nano.a(lib_a-findfp.o)
                0x000000000800853c                __sfp
 .text._fwalk_reent
                0x00000000080085c8       0x3e /home/cotti/st/stm32cubeide_1.10.1/plugins/com.st.stm32cube.ide.mcu.externaltools.gnu-tools-for-stm32.10.3-2021.10.linux64_1.0.0.202111181127/tools/bin/../lib/gcc/arm-none-eabi/10.3.1/../../../../arm-none-eabi/lib/thumb/v7e-m+fp/hard/libc_nano.a(lib_a-fwalk.o)
                0x00000000080085c8                _fwalk_reent
 *fill*         0x0000000008008606        0x2 
 .text.__libc_init_array
                0x0000000008008608       0x48 /home/cotti/st/stm32cubeide_1.10.1/plugins/com.st.stm32cube.ide.mcu.externaltools.gnu-tools-for-stm32.10.3-2021.10.linux64_1.0.0.202111181127/tools/bin/../lib/gcc/arm-none-eabi/10.3.1/../../../../arm-none-eabi/lib/thumb/v7e-m+fp/hard/libc_nano.a(lib_a-init.o)
                0x0000000008008608                __libc_init_array
 .text.__retarget_lock_init_recursive
                0x0000000008008650        0x2 /home/cotti/st/stm32cubeide_1.10.1/plugins/com.st.stm32cube.ide.mcu.externaltools.gnu-tools-for-stm32.10.3-2021.10.linux64_1.0.0.202111181127/tools/bin/../lib/gcc/arm-none-eabi/10.3.1/../../../../arm-none-eabi/lib/thumb/v7e-m+fp/hard/libc_nano.a(lib_a-lock.o)
                0x0000000008008650                __retarget_lock_init_recursive
 .text.__retarget_lock_acquire_recursive
                0x0000000008008652        0x2 /home/cotti/st/stm32cubeide_1.10.1/plugins/com.st.stm32cube.ide.mcu.externaltools.gnu-tools-for-stm32.10.3-2021.10.linux64_1.0.0.202111181127/tools/bin/../lib/gcc/arm-none-eabi/10.3.1/../../../../arm-none-eabi/lib/thumb/v7e-m+fp/hard/libc_nano.a(lib_a-lock.o)
                0x0000000008008652                __retarget_lock_acquire_recursive
 .text.__retarget_lock_release_recursive
                0x0000000008008654        0x2 /home/cotti/st/stm32cubeide_1.10.1/plugins/com.st.stm32cube.ide.mcu.externaltools.gnu-tools-for-stm32.10.3-2021.10.linux64_1.0.0.202111181127/tools/bin/../lib/gcc/arm-none-eabi/10.3.1/../../../../arm-none-eabi/lib/thumb/v7e-m+fp/hard/libc_nano.a(lib_a-lock.o)
                0x0000000008008654                __retarget_lock_release_recursive
 .text.memcpy   0x0000000008008656       0x1c /home/cotti/st/stm32cubeide_1.10.1/plugins/com.st.stm32cube.ide.mcu.externaltools.gnu-tools-for-stm32.10.3-2021.10.linux64_1.0.0.202111181127/tools/bin/../lib/gcc/arm-none-eabi/10.3.1/../../../../arm-none-eabi/lib/thumb/v7e-m+fp/hard/libc_nano.a(lib_a-memcpy-stub.o)
                0x0000000008008656                memcpy
 .text.memset   0x0000000008008672       0x10 /home/cotti/st/stm32cubeide_1.10.1/plugins/com.st.stm32cube.ide.mcu.externaltools.gnu-tools-for-stm32.10.3-2021.10.linux64_1.0.0.202111181127/tools/bin/../lib/gcc/arm-none-eabi/10.3.1/../../../../arm-none-eabi/lib/thumb/v7e-m+fp/hard/libc_nano.a(lib_a-memset.o)
                0x0000000008008672                memset
 *fill*         0x0000000008008682        0x2 
 .text.sbrk_aligned
                0x0000000008008684       0x40 /home/cotti/st/stm32cubeide_1.10.1/plugins/com.st.stm32cube.ide.mcu.externaltools.gnu-tools-for-stm32.10.3-2021.10.linux64_1.0.0.202111181127/tools/bin/../lib/gcc/arm-none-eabi/10.3.1/../../../../arm-none-eabi/lib/thumb/v7e-m+fp/hard/libc_nano.a(lib_a-nano-mallocr.o)
 .text._malloc_r
                0x00000000080086c4       0xe8 /home/cotti/st/stm32cubeide_1.10.1/plugins/com.st.stm32cube.ide.mcu.externaltools.gnu-tools-for-stm32.10.3-2021.10.linux64_1.0.0.202111181127/tools/bin/../lib/gcc/arm-none-eabi/10.3.1/../../../../arm-none-eabi/lib/thumb/v7e-m+fp/hard/libc_nano.a(lib_a-nano-mallocr.o)
                0x00000000080086c4                _malloc_r
 .text.printf   0x00000000080087ac       0x30 /home/cotti/st/stm32cubeide_1.10.1/plugins/com.st.stm32cube.ide.mcu.externaltools.gnu-tools-for-stm32.10.3-2021.10.linux64_1.0.0.202111181127/tools/bin/../lib/gcc/arm-none-eabi/10.3.1/../../../../arm-none-eabi/lib/thumb/v7e-m+fp/hard/libc_nano.a(lib_a-printf.o)
                0x00000000080087ac                printf
                0x00000000080087ac                iprintf
 .text.cleanup_glue
                0x00000000080087dc       0x1a /home/cotti/st/stm32cubeide_1.10.1/plugins/com.st.stm32cube.ide.mcu.externaltools.gnu-tools-for-stm32.10.3-2021.10.linux64_1.0.0.202111181127/tools/bin/../lib/gcc/arm-none-eabi/10.3.1/../../../../arm-none-eabi/lib/thumb/v7e-m+fp/hard/libc_nano.a(lib_a-reent.o)
                0x00000000080087dc                cleanup_glue
 *fill*         0x00000000080087f6        0x2 
 .text._reclaim_reent
                0x00000000080087f8       0xb8 /home/cotti/st/stm32cubeide_1.10.1/plugins/com.st.stm32cube.ide.mcu.externaltools.gnu-tools-for-stm32.10.3-2021.10.linux64_1.0.0.202111181127/tools/bin/../lib/gcc/arm-none-eabi/10.3.1/../../../../arm-none-eabi/lib/thumb/v7e-m+fp/hard/libc_nano.a(lib_a-reent.o)
                0x00000000080087f8                _reclaim_reent
 .text._sbrk_r  0x00000000080088b0       0x20 /home/cotti/st/stm32cubeide_1.10.1/plugins/com.st.stm32cube.ide.mcu.externaltools.gnu-tools-for-stm32.10.3-2021.10.linux64_1.0.0.202111181127/tools/bin/../lib/gcc/arm-none-eabi/10.3.1/../../../../arm-none-eabi/lib/thumb/v7e-m+fp/hard/libc_nano.a(lib_a-sbrkr.o)
                0x00000000080088b0                _sbrk_r
 .text.__sread  0x00000000080088d0       0x22 /home/cotti/st/stm32cubeide_1.10.1/plugins/com.st.stm32cube.ide.mcu.externaltools.gnu-tools-for-stm32.10.3-2021.10.linux64_1.0.0.202111181127/tools/bin/../lib/gcc/arm-none-eabi/10.3.1/../../../../arm-none-eabi/lib/thumb/v7e-m+fp/hard/libc_nano.a(lib_a-stdio.o)
                0x00000000080088d0                __sread
 .text.__swrite
                0x00000000080088f2       0x38 /home/cotti/st/stm32cubeide_1.10.1/plugins/com.st.stm32cube.ide.mcu.externaltools.gnu-tools-for-stm32.10.3-2021.10.linux64_1.0.0.202111181127/tools/bin/../lib/gcc/arm-none-eabi/10.3.1/../../../../arm-none-eabi/lib/thumb/v7e-m+fp/hard/libc_nano.a(lib_a-stdio.o)
                0x00000000080088f2                __swrite
 .text.__sseek  0x000000000800892a       0x24 /home/cotti/st/stm32cubeide_1.10.1/plugins/com.st.stm32cube.ide.mcu.externaltools.gnu-tools-for-stm32.10.3-2021.10.linux64_1.0.0.202111181127/tools/bin/../lib/gcc/arm-none-eabi/10.3.1/../../../../arm-none-eabi/lib/thumb/v7e-m+fp/hard/libc_nano.a(lib_a-stdio.o)
                0x000000000800892a                __sseek
 .text.__sclose
                0x000000000800894e        0x8 /home/cotti/st/stm32cubeide_1.10.1/plugins/com.st.stm32cube.ide.mcu.externaltools.gnu-tools-for-stm32.10.3-2021.10.linux64_1.0.0.202111181127/tools/bin/../lib/gcc/arm-none-eabi/10.3.1/../../../../arm-none-eabi/lib/thumb/v7e-m+fp/hard/libc_nano.a(lib_a-stdio.o)
                0x000000000800894e                __sclose
 *fill*         0x0000000008008956        0x2 
 .text._write_r
                0x0000000008008958       0x24 /home/cotti/st/stm32cubeide_1.10.1/plugins/com.st.stm32cube.ide.mcu.externaltools.gnu-tools-for-stm32.10.3-2021.10.linux64_1.0.0.202111181127/tools/bin/../lib/gcc/arm-none-eabi/10.3.1/../../../../arm-none-eabi/lib/thumb/v7e-m+fp/hard/libc_nano.a(lib_a-writer.o)
                0x0000000008008958                _write_r
 .text._close_r
                0x000000000800897c       0x20 /home/cotti/st/stm32cubeide_1.10.1/plugins/com.st.stm32cube.ide.mcu.externaltools.gnu-tools-for-stm32.10.3-2021.10.linux64_1.0.0.202111181127/tools/bin/../lib/gcc/arm-none-eabi/10.3.1/../../../../arm-none-eabi/lib/thumb/v7e-m+fp/hard/libc_nano.a(lib_a-closer.o)
                0x000000000800897c                _close_r
 .text.__sflush_r
                0x000000000800899c      0x10c /home/cotti/st/stm32cubeide_1.10.1/plugins/com.st.stm32cube.ide.mcu.externaltools.gnu-tools-for-stm32.10.3-2021.10.linux64_1.0.0.202111181127/tools/bin/../lib/gcc/arm-none-eabi/10.3.1/../../../../arm-none-eabi/lib/thumb/v7e-m+fp/hard/libc_nano.a(lib_a-fflush.o)
                0x000000000800899c                __sflush_r
 .text._fflush_r
                0x0000000008008aa8       0x78 /home/cotti/st/stm32cubeide_1.10.1/plugins/com.st.stm32cube.ide.mcu.externaltools.gnu-tools-for-stm32.10.3-2021.10.linux64_1.0.0.202111181127/tools/bin/../lib/gcc/arm-none-eabi/10.3.1/../../../../arm-none-eabi/lib/thumb/v7e-m+fp/hard/libc_nano.a(lib_a-fflush.o)
                0x0000000008008aa8                _fflush_r
 .text._lseek_r
                0x0000000008008b20       0x24 /home/cotti/st/stm32cubeide_1.10.1/plugins/com.st.stm32cube.ide.mcu.externaltools.gnu-tools-for-stm32.10.3-2021.10.linux64_1.0.0.202111181127/tools/bin/../lib/gcc/arm-none-eabi/10.3.1/../../../../arm-none-eabi/lib/thumb/v7e-m+fp/hard/libc_nano.a(lib_a-lseekr.o)
                0x0000000008008b20                _lseek_r
 .text.__malloc_lock
                0x0000000008008b44        0xc /home/cotti/st/stm32cubeide_1.10.1/plugins/com.st.stm32cube.ide.mcu.externaltools.gnu-tools-for-stm32.10.3-2021.10.linux64_1.0.0.202111181127/tools/bin/../lib/gcc/arm-none-eabi/10.3.1/../../../../arm-none-eabi/lib/thumb/v7e-m+fp/hard/libc_nano.a(lib_a-mlock.o)
                0x0000000008008b44                __malloc_lock
 .text.__malloc_unlock
                0x0000000008008b50        0xc /home/cotti/st/stm32cubeide_1.10.1/plugins/com.st.stm32cube.ide.mcu.externaltools.gnu-tools-for-stm32.10.3-2021.10.linux64_1.0.0.202111181127/tools/bin/../lib/gcc/arm-none-eabi/10.3.1/../../../../arm-none-eabi/lib/thumb/v7e-m+fp/hard/libc_nano.a(lib_a-mlock.o)
                0x0000000008008b50                __malloc_unlock
 .text._free_r  0x0000000008008b5c       0x98 /home/cotti/st/stm32cubeide_1.10.1/plugins/com.st.stm32cube.ide.mcu.externaltools.gnu-tools-for-stm32.10.3-2021.10.linux64_1.0.0.202111181127/tools/bin/../lib/gcc/arm-none-eabi/10.3.1/../../../../arm-none-eabi/lib/thumb/v7e-m+fp/hard/libc_nano.a(lib_a-nano-freer.o)
                0x0000000008008b5c                _free_r
 .text.__sfputc_r
                0x0000000008008bf4       0x2e /home/cotti/st/stm32cubeide_1.10.1/plugins/com.st.stm32cube.ide.mcu.externaltools.gnu-tools-for-stm32.10.3-2021.10.linux64_1.0.0.202111181127/tools/bin/../lib/gcc/arm-none-eabi/10.3.1/../../../../arm-none-eabi/lib/thumb/v7e-m+fp/hard/libc_nano.a(lib_a-nano-vfprintf.o)
 .text.__sfputs_r
                0x0000000008008c22       0x24 /home/cotti/st/stm32cubeide_1.10.1/plugins/com.st.stm32cube.ide.mcu.externaltools.gnu-tools-for-stm32.10.3-2021.10.linux64_1.0.0.202111181127/tools/bin/../lib/gcc/arm-none-eabi/10.3.1/../../../../arm-none-eabi/lib/thumb/v7e-m+fp/hard/libc_nano.a(lib_a-nano-vfprintf.o)
                0x0000000008008c22                __sfputs_r
 *fill*         0x0000000008008c46        0x2 
 .text._vfprintf_r
                0x0000000008008c48      0x260 /home/cotti/st/stm32cubeide_1.10.1/plugins/com.st.stm32cube.ide.mcu.externaltools.gnu-tools-for-stm32.10.3-2021.10.linux64_1.0.0.202111181127/tools/bin/../lib/gcc/arm-none-eabi/10.3.1/../../../../arm-none-eabi/lib/thumb/v7e-m+fp/hard/libc_nano.a(lib_a-nano-vfprintf.o)
                0x0000000008008c48                _vfiprintf_r
                0x0000000008008c48                _vfprintf_r
 .text._printf_common
                0x0000000008008ea8       0xda /home/cotti/st/stm32cubeide_1.10.1/plugins/com.st.stm32cube.ide.mcu.externaltools.gnu-tools-for-stm32.10.3-2021.10.linux64_1.0.0.202111181127/tools/bin/../lib/gcc/arm-none-eabi/10.3.1/../../../../arm-none-eabi/lib/thumb/v7e-m+fp/hard/libc_nano.a(lib_a-nano-vfprintf_i.o)
                0x0000000008008ea8                _printf_common
 *fill*         0x0000000008008f82        0x2 
 .text._printf_i
                0x0000000008008f84      0x24c /home/cotti/st/stm32cubeide_1.10.1/plugins/com.st.stm32cube.ide.mcu.externaltools.gnu-tools-for-stm32.10.3-2021.10.linux64_1.0.0.202111181127/tools/bin/../lib/gcc/arm-none-eabi/10.3.1/../../../../arm-none-eabi/lib/thumb/v7e-m+fp/hard/libc_nano.a(lib_a-nano-vfprintf_i.o)
                0x0000000008008f84                _printf_i
 .text._read_r  0x00000000080091d0       0x24 /home/cotti/st/stm32cubeide_1.10.1/plugins/com.st.stm32cube.ide.mcu.externaltools.gnu-tools-for-stm32.10.3-2021.10.linux64_1.0.0.202111181127/tools/bin/../lib/gcc/arm-none-eabi/10.3.1/../../../../arm-none-eabi/lib/thumb/v7e-m+fp/hard/libc_nano.a(lib_a-readr.o)
                0x00000000080091d0                _read_r
 .text.__swbuf_r
                0x00000000080091f4       0xa4 /home/cotti/st/stm32cubeide_1.10.1/plugins/com.st.stm32cube.ide.mcu.externaltools.gnu-tools-for-stm32.10.3-2021.10.linux64_1.0.0.202111181127/tools/bin/../lib/gcc/arm-none-eabi/10.3.1/../../../../arm-none-eabi/lib/thumb/v7e-m+fp/hard/libc_nano.a(lib_a-wbuf.o)
                0x00000000080091f4                __swbuf_r
 .text.__swsetup_r
                0x0000000008009298       0xdc /home/cotti/st/stm32cubeide_1.10.1/plugins/com.st.stm32cube.ide.mcu.externaltools.gnu-tools-for-stm32.10.3-2021.10.linux64_1.0.0.202111181127/tools/bin/../lib/gcc/arm-none-eabi/10.3.1/../../../../arm-none-eabi/lib/thumb/v7e-m+fp/hard/libc_nano.a(lib_a-wsetup.o)
                0x0000000008009298                __swsetup_r
 .text.__swhatbuf_r
                0x0000000008009374       0x4a /home/cotti/st/stm32cubeide_1.10.1/plugins/com.st.stm32cube.ide.mcu.externaltools.gnu-tools-for-stm32.10.3-2021.10.linux64_1.0.0.202111181127/tools/bin/../lib/gcc/arm-none-eabi/10.3.1/../../../../arm-none-eabi/lib/thumb/v7e-m+fp/hard/libc_nano.a(lib_a-makebuf.o)
                0x0000000008009374                __swhatbuf_r
 *fill*         0x00000000080093be        0x2 
 .text.__smakebuf_r
                0x00000000080093c0       0x80 /home/cotti/st/stm32cubeide_1.10.1/plugins/com.st.stm32cube.ide.mcu.externaltools.gnu-tools-for-stm32.10.3-2021.10.linux64_1.0.0.202111181127/tools/bin/../lib/gcc/arm-none-eabi/10.3.1/../../../../arm-none-eabi/lib/thumb/v7e-m+fp/hard/libc_nano.a(lib_a-makebuf.o)
                0x00000000080093c0                __smakebuf_r
 .text._fstat_r
                0x0000000008009440       0x24 /home/cotti/st/stm32cubeide_1.10.1/plugins/com.st.stm32cube.ide.mcu.externaltools.gnu-tools-for-stm32.10.3-2021.10.linux64_1.0.0.202111181127/tools/bin/../lib/gcc/arm-none-eabi/10.3.1/../../../../arm-none-eabi/lib/thumb/v7e-m+fp/hard/libc_nano.a(lib_a-fstatr.o)
                0x0000000008009440                _fstat_r
 .text._isatty_r
                0x0000000008009464       0x20 /home/cotti/st/stm32cubeide_1.10.1/plugins/com.st.stm32cube.ide.mcu.externaltools.gnu-tools-for-stm32.10.3-2021.10.linux64_1.0.0.202111181127/tools/bin/../lib/gcc/arm-none-eabi/10.3.1/../../../../arm-none-eabi/lib/thumb/v7e-m+fp/hard/libc_nano.a(lib_a-isattyr.o)
                0x0000000008009464                _isatty_r
 *(.glue_7)
 .glue_7        0x0000000008009484        0x0 linker stubs
 *(.glue_7t)
 .glue_7t       0x0000000008009484        0x0 linker stubs
 *(.eh_frame)
 .eh_frame      0x0000000008009484        0x0 /home/cotti/st/stm32cubeide_1.10.1/plugins/com.st.stm32cube.ide.mcu.externaltools.gnu-tools-for-stm32.10.3-2021.10.linux64_1.0.0.202111181127/tools/bin/../lib/gcc/arm-none-eabi/10.3.1/thumb/v7e-m+fp/hard/crtbegin.o
 *(.init)
 .init          0x0000000008009484        0x4 /home/cotti/st/stm32cubeide_1.10.1/plugins/com.st.stm32cube.ide.mcu.externaltools.gnu-tools-for-stm32.10.3-2021.10.linux64_1.0.0.202111181127/tools/bin/../lib/gcc/arm-none-eabi/10.3.1/thumb/v7e-m+fp/hard/crti.o
                0x0000000008009484                _init
 .init          0x0000000008009488        0x8 /home/cotti/st/stm32cubeide_1.10.1/plugins/com.st.stm32cube.ide.mcu.externaltools.gnu-tools-for-stm32.10.3-2021.10.linux64_1.0.0.202111181127/tools/bin/../lib/gcc/arm-none-eabi/10.3.1/thumb/v7e-m+fp/hard/crtn.o
 *(.fini)
 .fini          0x0000000008009490        0x4 /home/cotti/st/stm32cubeide_1.10.1/plugins/com.st.stm32cube.ide.mcu.externaltools.gnu-tools-for-stm32.10.3-2021.10.linux64_1.0.0.202111181127/tools/bin/../lib/gcc/arm-none-eabi/10.3.1/thumb/v7e-m+fp/hard/crti.o
                0x0000000008009490                _fini
 .fini          0x0000000008009494        0x8 /home/cotti/st/stm32cubeide_1.10.1/plugins/com.st.stm32cube.ide.mcu.externaltools.gnu-tools-for-stm32.10.3-2021.10.linux64_1.0.0.202111181127/tools/bin/../lib/gcc/arm-none-eabi/10.3.1/thumb/v7e-m+fp/hard/crtn.o
                0x000000000800949c                . = ALIGN (0x4)
                0x000000000800949c                _etext = .

.vfp11_veneer   0x000000000800949c        0x0
 .vfp11_veneer  0x000000000800949c        0x0 linker stubs

.v4_bx          0x000000000800949c        0x0
 .v4_bx         0x000000000800949c        0x0 linker stubs

.iplt           0x000000000800949c        0x0
 .iplt          0x000000000800949c        0x0 /home/cotti/st/stm32cubeide_1.10.1/plugins/com.st.stm32cube.ide.mcu.externaltools.gnu-tools-for-stm32.10.3-2021.10.linux64_1.0.0.202111181127/tools/bin/../lib/gcc/arm-none-eabi/10.3.1/thumb/v7e-m+fp/hard/crtbegin.o

.rodata         0x000000000800949c      0x2a4
                0x000000000800949c                . = ALIGN (0x4)
 *(.rodata)
 .rodata        0x000000000800949c      0x153 ./Core/Src/camera.o
 *fill*         0x00000000080095ef        0x1 
 .rodata        0x00000000080095f0       0x1c ./Core/Src/camera_reg.o
 .rodata        0x000000000800960c       0x48 ./Core/Src/main.o
 .rodata        0x0000000008009654        0xd ./Core/Src/stepper.o
 *fill*         0x0000000008009661        0x3 
 .rodata        0x0000000008009664        0x5 ./Middlewares/Third_Party/FreeRTOS/Source/tasks.o
 *(.rodata*)
 *fill*         0x0000000008009669        0x3 
 .rodata.AHBPrescTable
                0x000000000800966c       0x10 ./Core/Src/system_stm32f4xx.o
                0x000000000800966c                AHBPrescTable
 .rodata.APBPrescTable
                0x000000000800967c        0x8 ./Core/Src/system_stm32f4xx.o
                0x000000000800967c                APBPrescTable
 .rodata.flagBitshiftOffset.0
                0x0000000008009684        0x8 ./Drivers/STM32F4xx_HAL_Driver/Src/stm32f4xx_hal_dma.o
 .rodata._get_semihosting_exts.str1.1
                0x000000000800968c       0x16 /home/cotti/st/stm32cubeide_1.10.1/plugins/com.st.stm32cube.ide.mcu.externaltools.gnu-tools-for-stm32.10.3-2021.10.linux64_1.0.0.202111181127/tools/bin/../lib/gcc/arm-none-eabi/10.3.1/../../../../arm-none-eabi/lib/thumb/v7e-m+fp/hard/librdimon_nano.a(rdimon-syscalls.o)
 .rodata.initialise_monitor_handles.str1.1
                0x00000000080096a2        0x4 /home/cotti/st/stm32cubeide_1.10.1/plugins/com.st.stm32cube.ide.mcu.externaltools.gnu-tools-for-stm32.10.3-2021.10.linux64_1.0.0.202111181127/tools/bin/../lib/gcc/arm-none-eabi/10.3.1/../../../../arm-none-eabi/lib/thumb/v7e-m+fp/hard/librdimon_nano.a(rdimon-syscalls.o)
 *fill*         0x00000000080096a6        0x2 
 .rodata.__sf_fake_stderr
                0x00000000080096a8       0x20 /home/cotti/st/stm32cubeide_1.10.1/plugins/com.st.stm32cube.ide.mcu.externaltools.gnu-tools-for-stm32.10.3-2021.10.linux64_1.0.0.202111181127/tools/bin/../lib/gcc/arm-none-eabi/10.3.1/../../../../arm-none-eabi/lib/thumb/v7e-m+fp/hard/libc_nano.a(lib_a-findfp.o)
                0x00000000080096a8                __sf_fake_stderr
 .rodata.__sf_fake_stdin
                0x00000000080096c8       0x20 /home/cotti/st/stm32cubeide_1.10.1/plugins/com.st.stm32cube.ide.mcu.externaltools.gnu-tools-for-stm32.10.3-2021.10.linux64_1.0.0.202111181127/tools/bin/../lib/gcc/arm-none-eabi/10.3.1/../../../../arm-none-eabi/lib/thumb/v7e-m+fp/hard/libc_nano.a(lib_a-findfp.o)
                0x00000000080096c8                __sf_fake_stdin
 .rodata.__sf_fake_stdout
                0x00000000080096e8       0x20 /home/cotti/st/stm32cubeide_1.10.1/plugins/com.st.stm32cube.ide.mcu.externaltools.gnu-tools-for-stm32.10.3-2021.10.linux64_1.0.0.202111181127/tools/bin/../lib/gcc/arm-none-eabi/10.3.1/../../../../arm-none-eabi/lib/thumb/v7e-m+fp/hard/libc_nano.a(lib_a-findfp.o)
                0x00000000080096e8                __sf_fake_stdout
 .rodata._global_impure_ptr
                0x0000000008009708        0x4 /home/cotti/st/stm32cubeide_1.10.1/plugins/com.st.stm32cube.ide.mcu.externaltools.gnu-tools-for-stm32.10.3-2021.10.linux64_1.0.0.202111181127/tools/bin/../lib/gcc/arm-none-eabi/10.3.1/../../../../arm-none-eabi/lib/thumb/v7e-m+fp/hard/libc_nano.a(lib_a-impure.o)
                0x0000000008009708                _global_impure_ptr
 .rodata._vfprintf_r.str1.1
                0x000000000800970c       0x11 /home/cotti/st/stm32cubeide_1.10.1/plugins/com.st.stm32cube.ide.mcu.externaltools.gnu-tools-for-stm32.10.3-2021.10.linux64_1.0.0.202111181127/tools/bin/../lib/gcc/arm-none-eabi/10.3.1/../../../../arm-none-eabi/lib/thumb/v7e-m+fp/hard/libc_nano.a(lib_a-nano-vfprintf.o)
 .rodata._printf_i.str1.1
                0x000000000800971d       0x22 /home/cotti/st/stm32cubeide_1.10.1/plugins/com.st.stm32cube.ide.mcu.externaltools.gnu-tools-for-stm32.10.3-2021.10.linux64_1.0.0.202111181127/tools/bin/../lib/gcc/arm-none-eabi/10.3.1/../../../../arm-none-eabi/lib/thumb/v7e-m+fp/hard/libc_nano.a(lib_a-nano-vfprintf_i.o)
                0x0000000008009740                . = ALIGN (0x4)
 *fill*         0x000000000800973f        0x1 

.ARM.extab      0x0000000008009740        0x0
                0x0000000008009740                . = ALIGN (0x4)
 *(.ARM.extab* .gnu.linkonce.armextab.*)
                0x0000000008009740                . = ALIGN (0x4)

.ARM            0x0000000008009740        0x8
                0x0000000008009740                . = ALIGN (0x4)
                0x0000000008009740                __exidx_start = .
 *(.ARM.exidx*)
 .ARM.exidx     0x0000000008009740        0x8 /home/cotti/st/stm32cubeide_1.10.1/plugins/com.st.stm32cube.ide.mcu.externaltools.gnu-tools-for-stm32.10.3-2021.10.linux64_1.0.0.202111181127/tools/bin/../lib/gcc/arm-none-eabi/10.3.1/thumb/v7e-m+fp/hard/libgcc.a(_udivmoddi4.o)
                0x0000000008009748                __exidx_end = .
                0x0000000008009748                . = ALIGN (0x4)

.rel.dyn        0x0000000008009748        0x0
 .rel.iplt      0x0000000008009748        0x0 /home/cotti/st/stm32cubeide_1.10.1/plugins/com.st.stm32cube.ide.mcu.externaltools.gnu-tools-for-stm32.10.3-2021.10.linux64_1.0.0.202111181127/tools/bin/../lib/gcc/arm-none-eabi/10.3.1/thumb/v7e-m+fp/hard/crtbegin.o

.preinit_array  0x0000000008009748        0x0
                0x0000000008009748                . = ALIGN (0x4)
                0x0000000008009748                PROVIDE (__preinit_array_start = .)
 *(.preinit_array*)
                0x0000000008009748                PROVIDE (__preinit_array_end = .)
                0x0000000008009748                . = ALIGN (0x4)

.init_array     0x0000000008009748        0x4
                0x0000000008009748                . = ALIGN (0x4)
                0x0000000008009748                PROVIDE (__init_array_start = .)
 *(SORT_BY_NAME(.init_array.*))
 *(.init_array*)
 .init_array    0x0000000008009748        0x4 /home/cotti/st/stm32cubeide_1.10.1/plugins/com.st.stm32cube.ide.mcu.externaltools.gnu-tools-for-stm32.10.3-2021.10.linux64_1.0.0.202111181127/tools/bin/../lib/gcc/arm-none-eabi/10.3.1/thumb/v7e-m+fp/hard/crtbegin.o
                0x000000000800974c                PROVIDE (__init_array_end = .)
                0x000000000800974c                . = ALIGN (0x4)

.fini_array     0x000000000800974c        0x4
                0x000000000800974c                . = ALIGN (0x4)
                [!provide]                        PROVIDE (__fini_array_start = .)
 *(SORT_BY_NAME(.fini_array.*))
 *(.fini_array*)
 .fini_array    0x000000000800974c        0x4 /home/cotti/st/stm32cubeide_1.10.1/plugins/com.st.stm32cube.ide.mcu.externaltools.gnu-tools-for-stm32.10.3-2021.10.linux64_1.0.0.202111181127/tools/bin/../lib/gcc/arm-none-eabi/10.3.1/thumb/v7e-m+fp/hard/crtbegin.o
                [!provide]                        PROVIDE (__fini_array_end = .)
                0x0000000008009750                . = ALIGN (0x4)
                0x0000000008009750                _sidata = LOADADDR (.data)

.data           0x0000000020000000       0x7c load address 0x0000000008009750
                0x0000000020000000                . = ALIGN (0x4)
                0x0000000020000000                _sdata = .
 *(.data)
 *(.data*)
 .data.SystemCoreClock
                0x0000000020000000        0x4 ./Core/Src/system_stm32f4xx.o
                0x0000000020000000                SystemCoreClock
 .data.uwTickPrio
                0x0000000020000004        0x4 ./Drivers/STM32F4xx_HAL_Driver/Src/stm32f4xx_hal.o
                0x0000000020000004                uwTickPrio
 .data.uwTickFreq
                0x0000000020000008        0x1 ./Drivers/STM32F4xx_HAL_Driver/Src/stm32f4xx_hal.o
                0x0000000020000008                uwTickFreq
 *fill*         0x0000000020000009        0x3 
 .data.uxCriticalNesting
                0x000000002000000c        0x4 ./Middlewares/Third_Party/FreeRTOS/Source/portable/GCC/ARM_CM4F/port.o
 .data.supports_ext_exit_extended
                0x0000000020000010        0x4 /home/cotti/st/stm32cubeide_1.10.1/plugins/com.st.stm32cube.ide.mcu.externaltools.gnu-tools-for-stm32.10.3-2021.10.linux64_1.0.0.202111181127/tools/bin/../lib/gcc/arm-none-eabi/10.3.1/../../../../arm-none-eabi/lib/thumb/v7e-m+fp/hard/librdimon_nano.a(rdimon-syscalls.o)
 .data.supports_ext_stdout_stderr
                0x0000000020000014        0x4 /home/cotti/st/stm32cubeide_1.10.1/plugins/com.st.stm32cube.ide.mcu.externaltools.gnu-tools-for-stm32.10.3-2021.10.linux64_1.0.0.202111181127/tools/bin/../lib/gcc/arm-none-eabi/10.3.1/../../../../arm-none-eabi/lib/thumb/v7e-m+fp/hard/librdimon_nano.a(rdimon-syscalls.o)
 .data._impure_ptr
                0x0000000020000018        0x4 /home/cotti/st/stm32cubeide_1.10.1/plugins/com.st.stm32cube.ide.mcu.externaltools.gnu-tools-for-stm32.10.3-2021.10.linux64_1.0.0.202111181127/tools/bin/../lib/gcc/arm-none-eabi/10.3.1/../../../../arm-none-eabi/lib/thumb/v7e-m+fp/hard/libc_nano.a(lib_a-impure.o)
                0x0000000020000018                _impure_ptr
 .data.impure_data
                0x000000002000001c       0x60 /home/cotti/st/stm32cubeide_1.10.1/plugins/com.st.stm32cube.ide.mcu.externaltools.gnu-tools-for-stm32.10.3-2021.10.linux64_1.0.0.202111181127/tools/bin/../lib/gcc/arm-none-eabi/10.3.1/../../../../arm-none-eabi/lib/thumb/v7e-m+fp/hard/libc_nano.a(lib_a-impure.o)
 *(.RamFunc)
 *(.RamFunc*)
                0x000000002000007c                . = ALIGN (0x4)
                0x000000002000007c                _edata = .

.igot.plt       0x000000002000007c        0x0 load address 0x00000000080097cc
 .igot.plt      0x000000002000007c        0x0 /home/cotti/st/stm32cubeide_1.10.1/plugins/com.st.stm32cube.ide.mcu.externaltools.gnu-tools-for-stm32.10.3-2021.10.linux64_1.0.0.202111181127/tools/bin/../lib/gcc/arm-none-eabi/10.3.1/thumb/v7e-m+fp/hard/crtbegin.o
                0x000000002000007c                . = ALIGN (0x4)

.bss            0x000000002000007c    0x10788 load address 0x00000000080097cc
                0x000000002000007c                _sbss = .
                0x000000002000007c                __bss_start__ = _sbss
 *(.bss)
 .bss           0x000000002000007c       0x1c /home/cotti/st/stm32cubeide_1.10.1/plugins/com.st.stm32cube.ide.mcu.externaltools.gnu-tools-for-stm32.10.3-2021.10.linux64_1.0.0.202111181127/tools/bin/../lib/gcc/arm-none-eabi/10.3.1/thumb/v7e-m+fp/hard/crtbegin.o
 *(.bss*)
 .bss.xCameraTaskControllerHandle
                0x0000000020000098        0x4 ./Core/Src/camera.o
                0x0000000020000098                xCameraTaskControllerHandle
 .bss.xCameraTaskUartHandle
                0x000000002000009c        0x4 ./Core/Src/camera.o
                0x000000002000009c                xCameraTaskUartHandle
 .bss.xCameraTaskCriticalHandle
                0x00000000200000a0        0x4 ./Core/Src/camera.o
                0x00000000200000a0                xCameraTaskCriticalHandle
 .bss.xCameraImageQueue
                0x00000000200000a4        0x4 ./Core/Src/camera.o
                0x00000000200000a4                xCameraImageQueue
 .bss.xCameraSemUart
                0x00000000200000a8        0x4 ./Core/Src/camera.o
                0x00000000200000a8                xCameraSemUart
 .bss.ucExitCritical
                0x00000000200000ac        0x1 ./Core/Src/camera.o
                0x00000000200000ac                ucExitCritical
 *fill*         0x00000000200000ad        0x3 
 .bss.xCameraMutexSCCB
                0x00000000200000b0        0x4 ./Core/Src/camera_reg.o
 .bss.xIdleTaskTCBBuffer
                0x00000000200000b4       0xb4 ./Core/Src/freertos.o
 .bss.xIdleStack
                0x0000000020000168      0x200 ./Core/Src/freertos.o
 .bss.htim2     0x0000000020000368       0x48 ./Core/Src/main.o
                0x0000000020000368                htim2
 .bss.huart2    0x00000000200003b0       0x44 ./Core/Src/main.o
                0x00000000200003b0                huart2
 .bss.hdma_usart2_tx
                0x00000000200003f4       0x60 ./Core/Src/main.o
                0x00000000200003f4                hdma_usart2_tx
 .bss.defaultTaskHandle
                0x0000000020000454        0x4 ./Core/Src/main.o
                0x0000000020000454                defaultTaskHandle
 .bss.xStepperTaskHandle
                0x0000000020000458        0x4 ./Core/Src/stepper.o
 .bss.htim1     0x000000002000045c       0x48 ./Core/Src/stm32f4xx_hal_timebase_tim.o
                0x000000002000045c                htim1
 .bss.xMsg      0x00000000200004a4      0x146 ./Core/Src/stm32f4xx_it.o
 *fill*         0x00000000200005ea        0x2 
 .bss.__sbrk_heap_end
                0x00000000200005ec        0x4 ./Core/Src/sysmem.o
 .bss.uwTick    0x00000000200005f0        0x4 ./Drivers/STM32F4xx_HAL_Driver/Src/stm32f4xx_hal.o
                0x00000000200005f0                uwTick
 .bss.pxCurrentTCB
                0x00000000200005f4        0x4 ./Middlewares/Third_Party/FreeRTOS/Source/tasks.o
                0x00000000200005f4                pxCurrentTCB
 .bss.pxReadyTasksLists
                0x00000000200005f8       0x8c ./Middlewares/Third_Party/FreeRTOS/Source/tasks.o
 .bss.xDelayedTaskList1
                0x0000000020000684       0x14 ./Middlewares/Third_Party/FreeRTOS/Source/tasks.o
 .bss.xDelayedTaskList2
                0x0000000020000698       0x14 ./Middlewares/Third_Party/FreeRTOS/Source/tasks.o
 .bss.pxDelayedTaskList
                0x00000000200006ac        0x4 ./Middlewares/Third_Party/FreeRTOS/Source/tasks.o
 .bss.pxOverflowDelayedTaskList
                0x00000000200006b0        0x4 ./Middlewares/Third_Party/FreeRTOS/Source/tasks.o
 .bss.xPendingReadyList
                0x00000000200006b4       0x14 ./Middlewares/Third_Party/FreeRTOS/Source/tasks.o
 .bss.xTasksWaitingTermination
                0x00000000200006c8       0x14 ./Middlewares/Third_Party/FreeRTOS/Source/tasks.o
 .bss.uxDeletedTasksWaitingCleanUp
                0x00000000200006dc        0x4 ./Middlewares/Third_Party/FreeRTOS/Source/tasks.o
 .bss.xSuspendedTaskList
                0x00000000200006e0       0x14 ./Middlewares/Third_Party/FreeRTOS/Source/tasks.o
 .bss.uxCurrentNumberOfTasks
                0x00000000200006f4        0x4 ./Middlewares/Third_Party/FreeRTOS/Source/tasks.o
 .bss.xTickCount