Archive member included to satisfy reference by file (symbol)

/home/cotti/st/stm32cubeide_1.10.1/plugins/com.st.stm32cube.ide.mcu.externaltools.gnu-tools-for-stm32.10.3-2021.10.linux64_1.0.0.202111181127/tools/bin/../lib/gcc/arm-none-eabi/10.3.1/../../../../arm-none-eabi/lib/thumb/v7e-m+fp/hard/libc_nano.a(lib_a-errno.o)
                              ./Core/Src/syscalls.o (__errno)
/home/cotti/st/stm32cubeide_1.10.1/plugins/com.st.stm32cube.ide.mcu.externaltools.gnu-tools-for-stm32.10.3-2021.10.linux64_1.0.0.202111181127/tools/bin/../lib/gcc/arm-none-eabi/10.3.1/../../../../arm-none-eabi/lib/thumb/v7e-m+fp/hard/libc_nano.a(lib_a-exit.o)
                              /home/cotti/st/stm32cubeide_1.10.1/plugins/com.st.stm32cube.ide.mcu.externaltools.gnu-tools-for-stm32.10.3-2021.10.linux64_1.0.0.202111181127/tools/bin/../lib/gcc/arm-none-eabi/10.3.1/../../../../arm-none-eabi/lib/thumb/v7e-m+fp/hard/crt0.o (exit)
/home/cotti/st/stm32cubeide_1.10.1/plugins/com.st.stm32cube.ide.mcu.externaltools.gnu-tools-for-stm32.10.3-2021.10.linux64_1.0.0.202111181127/tools/bin/../lib/gcc/arm-none-eabi/10.3.1/../../../../arm-none-eabi/lib/thumb/v7e-m+fp/hard/libc_nano.a(lib_a-findfp.o)
                              ./Middlewares/Third_Party/FreeRTOS/Source/tasks.o (__sf_fake_stderr)
/home/cotti/st/stm32cubeide_1.10.1/plugins/com.st.stm32cube.ide.mcu.externaltools.gnu-tools-for-stm32.10.3-2021.10.linux64_1.0.0.202111181127/tools/bin/../lib/gcc/arm-none-eabi/10.3.1/../../../../arm-none-eabi/lib/thumb/v7e-m+fp/hard/libc_nano.a(lib_a-fwalk.o)
                              /home/cotti/st/stm32cubeide_1.10.1/plugins/com.st.stm32cube.ide.mcu.externaltools.gnu-tools-for-stm32.10.3-2021.10.linux64_1.0.0.202111181127/tools/bin/../lib/gcc/arm-none-eabi/10.3.1/../../../../arm-none-eabi/lib/thumb/v7e-m+fp/hard/libc_nano.a(lib_a-findfp.o) (_fwalk)
/home/cotti/st/stm32cubeide_1.10.1/plugins/com.st.stm32cube.ide.mcu.externaltools.gnu-tools-for-stm32.10.3-2021.10.linux64_1.0.0.202111181127/tools/bin/../lib/gcc/arm-none-eabi/10.3.1/../../../../arm-none-eabi/lib/thumb/v7e-m+fp/hard/libc_nano.a(lib_a-impure.o)
                              /home/cotti/st/stm32cubeide_1.10.1/plugins/com.st.stm32cube.ide.mcu.externaltools.gnu-tools-for-stm32.10.3-2021.10.linux64_1.0.0.202111181127/tools/bin/../lib/gcc/arm-none-eabi/10.3.1/../../../../arm-none-eabi/lib/thumb/v7e-m+fp/hard/libc_nano.a(lib_a-exit.o) (_global_impure_ptr)
/home/cotti/st/stm32cubeide_1.10.1/plugins/com.st.stm32cube.ide.mcu.externaltools.gnu-tools-for-stm32.10.3-2021.10.linux64_1.0.0.202111181127/tools/bin/../lib/gcc/arm-none-eabi/10.3.1/../../../../arm-none-eabi/lib/thumb/v7e-m+fp/hard/libc_nano.a(lib_a-init.o)
                              /home/cotti/st/stm32cubeide_1.10.1/plugins/com.st.stm32cube.ide.mcu.externaltools.gnu-tools-for-stm32.10.3-2021.10.linux64_1.0.0.202111181127/tools/bin/../lib/gcc/arm-none-eabi/10.3.1/../../../../arm-none-eabi/lib/thumb/v7e-m+fp/hard/crt0.o (__libc_init_array)
/home/cotti/st/stm32cubeide_1.10.1/plugins/com.st.stm32cube.ide.mcu.externaltools.gnu-tools-for-stm32.10.3-2021.10.linux64_1.0.0.202111181127/tools/bin/../lib/gcc/arm-none-eabi/10.3.1/../../../../arm-none-eabi/lib/thumb/v7e-m+fp/hard/libc_nano.a(lib_a-lock.o)
                              /home/cotti/st/stm32cubeide_1.10.1/plugins/com.st.stm32cube.ide.mcu.externaltools.gnu-tools-for-stm32.10.3-2021.10.linux64_1.0.0.202111181127/tools/bin/../lib/gcc/arm-none-eabi/10.3.1/../../../../arm-none-eabi/lib/thumb/v7e-m+fp/hard/libc_nano.a(lib_a-findfp.o) (__retarget_lock_init_recursive)
/home/cotti/st/stm32cubeide_1.10.1/plugins/com.st.stm32cube.ide.mcu.externaltools.gnu-tools-for-stm32.10.3-2021.10.linux64_1.0.0.202111181127/tools/bin/../lib/gcc/arm-none-eabi/10.3.1/../../../../arm-none-eabi/lib/thumb/v7e-m+fp/hard/libc_nano.a(lib_a-memcpy-stub.o)
                              ./Core/Src/camera.o (memcpy)
/home/cotti/st/stm32cubeide_1.10.1/plugins/com.st.stm32cube.ide.mcu.externaltools.gnu-tools-for-stm32.10.3-2021.10.linux64_1.0.0.202111181127/tools/bin/../lib/gcc/arm-none-eabi/10.3.1/../../../../arm-none-eabi/lib/thumb/v7e-m+fp/hard/libc_nano.a(lib_a-memset.o)
                              /home/cotti/st/stm32cubeide_1.10.1/plugins/com.st.stm32cube.ide.mcu.externaltools.gnu-tools-for-stm32.10.3-2021.10.linux64_1.0.0.202111181127/tools/bin/../lib/gcc/arm-none-eabi/10.3.1/../../../../arm-none-eabi/lib/thumb/v7e-m+fp/hard/crt0.o (memset)
/home/cotti/st/stm32cubeide_1.10.1/plugins/com.st.stm32cube.ide.mcu.externaltools.gnu-tools-for-stm32.10.3-2021.10.linux64_1.0.0.202111181127/tools/bin/../lib/gcc/arm-none-eabi/10.3.1/../../../../arm-none-eabi/lib/thumb/v7e-m+fp/hard/libc_nano.a(lib_a-nano-mallocr.o)
                              /home/cotti/st/stm32cubeide_1.10.1/plugins/com.st.stm32cube.ide.mcu.externaltools.gnu-tools-for-stm32.10.3-2021.10.linux64_1.0.0.202111181127/tools/bin/../lib/gcc/arm-none-eabi/10.3.1/../../../../arm-none-eabi/lib/thumb/v7e-m+fp/hard/libc_nano.a(lib_a-findfp.o) (_malloc_r)
[...]
Memory Configuration

Name             Origin             Length             Attributes
RAM              0x0000000020000000 0x0000000000018000 xrw
FLASH            0x0000000008000000 0x0000000000080000 xr
*default*        0x0000000000000000 0xffffffffffffffff

Linker script and memory map

LOAD /home/cotti/st/stm32cubeide_1.10.1/plugins/com.st.stm32cube.ide.mcu.externaltools.gnu-tools-for-stm32.10.3-2021.10.linux64_1.0.0.202111181127/tools/bin/../lib/gcc/arm-none-eabi/10.3.1/thumb/v7e-m+fp/hard/crti.o
LOAD /home/cotti/st/stm32cubeide_1.10.1/plugins/com.st.stm32cube.ide.mcu.externaltools.gnu-tools-for-stm32.10.3-2021.10.linux64_1.0.0.202111181127/tools/bin/../lib/gcc/arm-none-eabi/10.3.1/thumb/v7e-m+fp/hard/crtbegin.o
LOAD /home/cotti/st/stm32cubeide_1.10.1/plugins/com.st.stm32cube.ide.mcu.externaltools.gnu-tools-for-stm32.10.3-2021.10.linux64_1.0.0.202111181127/tools/bin/../lib/gcc/arm-none-eabi/10.3.1/../../../../arm-none-eabi/lib/thumb/v7e-m+fp/hard/crt0.o
LOAD ./Core/Src/camera.o
LOAD ./Core/Src/camera_api.o
LOAD ./Core/Src/camera_reg.o
LOAD ./Core/Src/freertos.o
LOAD ./Core/Src/main.o
LOAD ./Core/Src/stepper.o
LOAD ./Core/Src/stm32f4xx_hal_msp.o
LOAD ./Core/Src/stm32f4xx_hal_timebase_tim.o
LOAD ./Core/Src/stm32f4xx_it.o
LOAD ./Core/Src/syscalls.o
LOAD ./Core/Src/sysmem.o
LOAD ./Core/Src/system_stm32f4xx.o
LOAD ./Core/Src/tools.o
LOAD ./Core/Startup/startup_stm32f401retx.o
LOAD ./Drivers/STM32F4xx_HAL_Driver/Src/stm32f4xx_hal.o
LOAD ./Drivers/STM32F4xx_HAL_Driver/Src/stm32f4xx_hal_cortex.o
LOAD ./Drivers/STM32F4xx_HAL_Driver/Src/stm32f4xx_hal_dma.o
LOAD ./Drivers/STM32F4xx_HAL_Driver/Src/stm32f4xx_hal_dma_ex.o
LOAD ./Drivers/STM32F4xx_HAL_Driver/Src/stm32f4xx_hal_exti.o
LOAD ./Drivers/STM32F4xx_HAL_Driver/Src/stm32f4xx_hal_flash.o
LOAD ./Drivers/STM32F4xx_HAL_Driver/Src/stm32f4xx_hal_flash_ex.o
LOAD ./Drivers/STM32F4xx_HAL_Driver/Src/stm32f4xx_hal_flash_ramfunc.o
LOAD ./Drivers/STM32F4xx_HAL_Driver/Src/stm32f4xx_hal_gpio.o
LOAD ./Drivers/STM32F4xx_HAL_Driver/Src/stm32f4xx_hal_pwr.o
LOAD ./Drivers/STM32F4xx_HAL_Driver/Src/stm32f4xx_hal_pwr_ex.o
LOAD ./Drivers/STM32F4xx_HAL_Driver/Src/stm32f4xx_hal_rcc.o
LOAD ./Drivers/STM32F4xx_HAL_Driver/Src/stm32f4xx_hal_rcc_ex.o
LOAD ./Drivers/STM32F4xx_HAL_Driver/Src/stm32f4xx_hal_tim.o
LOAD ./Drivers/STM32F4xx_HAL_Driver/Src/stm32f4xx_hal_tim_ex.o
LOAD ./Drivers/STM32F4xx_HAL_Driver/Src/stm32f4xx_hal_uart.o
LOAD ./Middlewares/Third_Party/FreeRTOS/Source/CMSIS_RTOS/cmsis_os.o
LOAD ./Middlewares/Third_Party/FreeRTOS/Source/croutine.o
LOAD ./Middlewares/Third_Party/FreeRTOS/Source/event_groups.o
LOAD ./Middlewares/Third_Party/FreeRTOS/Source/list.o
LOAD ./Middlewares/Third_Party/FreeRTOS/Source/queue.o
LOAD ./Middlewares/Third_Party/FreeRTOS/Source/stream_buffer.o
LOAD ./Middlewares/Third_Party/FreeRTOS/Source/tasks.o
LOAD ./Middlewares/Third_Party/FreeRTOS/Source/timers.o
LOAD ./Middlewares/Third_Party/FreeRTOS/Source/portable/GCC/ARM_CM4F/port.o
LOAD ./Middlewares/Third_Party/FreeRTOS/Source/portable/MemMang/heap_4.o
START GROUP
LOAD /home/cotti/st/stm32cubeide_1.10.1/plugins/com.st.stm32cube.ide.mcu.externaltools.gnu-tools-for-stm32.10.3-2021.10.linux64_1.0.0.202111181127/tools/bin/../lib/gcc/arm-none-eabi/10.3.1/../../../../arm-none-eabi/lib/thumb/v7e-m+fp/hard/libc_nano.a
LOAD /home/cotti/st/stm32cubeide_1.10.1/plugins/com.st.stm32cube.ide.mcu.externaltools.gnu-tools-for-stm32.10.3-2021.10.linux64_1.0.0.202111181127/tools/bin/../lib/gcc/arm-none-eabi/10.3.1/../../../../arm-none-eabi/lib/thumb/v7e-m+fp/hard/libm.a
END GROUP
START GROUP
LOAD /home/cotti/st/stm32cubeide_1.10.1/plugins/com.st.stm32cube.ide.mcu.externaltools.gnu-tools-for-stm32.10.3-2021.10.linux64_1.0.0.202111181127/tools/bin/../lib/gcc/arm-none-eabi/10.3.1/thumb/v7e-m+fp/hard/libgcc.a
LOAD /home/cotti/st/stm32cubeide_1.10.1/plugins/com.st.stm32cube.ide.mcu.externaltools.gnu-tools-for-stm32.10.3-2021.10.linux64_1.0.0.202111181127/tools/bin/../lib/gcc/arm-none-eabi/10.3.1/../../../../arm-none-eabi/lib/thumb/v7e-m+fp/hard/libc_nano.a
END GROUP
START GROUP
LOAD /home/cotti/st/stm32cubeide_1.10.1/plugins/com.st.stm32cube.ide.mcu.externaltools.gnu-tools-for-stm32.10.3-2021.10.linux64_1.0.0.202111181127/tools/bin/../lib/gcc/arm-none-eabi/10.3.1/thumb/v7e-m+fp/hard/libgcc.a
LOAD /home/cotti/st/stm32cubeide_1.10.1/plugins/com.st.stm32cube.ide.mcu.externaltools.gnu-tools-for-stm32.10.3-2021.10.linux64_1.0.0.202111181127/tools/bin/../lib/gcc/arm-none-eabi/10.3.1/../../../../arm-none-eabi/lib/thumb/v7e-m+fp/hard/libc_nano.a
LOAD /home/cotti/st/stm32cubeide_1.10.1/plugins/com.st.stm32cube.ide.mcu.externaltools.gnu-tools-for-stm32.10.3-2021.10.linux64_1.0.0.202111181127/tools/bin/../lib/gcc/arm-none-eabi/10.3.1/../../../../arm-none-eabi/lib/thumb/v7e-m+fp/hard/libnosys.a
END GROUP
START GROUP
LOAD /home/cotti/st/stm32cubeide_1.10.1/plugins/com.st.stm32cube.ide.mcu.externaltools.gnu-tools-for-stm32.10.3-2021.10.linux64_1.0.0.202111181127/tools/bin/../lib/gcc/arm-none-eabi/10.3.1/thumb/v7e-m+fp/hard/libgcc.a
LOAD /home/cotti/st/stm32cubeide_1.10.1/plugins/com.st.stm32cube.ide.mcu.externaltools.gnu-tools-for-stm32.10.3-2021.10.linux64_1.0.0.202111181127/tools/bin/../lib/gcc/arm-none-eabi/10.3.1/../../../../arm-none-eabi/lib/thumb/v7e-m+fp/hard/libc_nano.a
LOAD /home/cotti/st/stm32cubeide_1.10.1/plugins/com.st.stm32cube.ide.mcu.externaltools.gnu-tools-for-stm32.10.3-2021.10.linux64_1.0.0.202111181127/tools/bin/../lib/gcc/arm-none-eabi/10.3.1/../../../../arm-none-eabi/lib/thumb/v7e-m+fp/hard/libnosys.a
END GROUP
LOAD /home/cotti/st/stm32cubeide_1.10.1/plugins/com.st.stm32cube.ide.mcu.externaltools.gnu-tools-for-stm32.10.3-2021.10.linux64_1.0.0.202111181127/tools/bin/../lib/gcc/arm-none-eabi/10.3.1/thumb/v7e-m+fp/hard/crtend.o
LOAD /home/cotti/st/stm32cubeide_1.10.1/plugins/com.st.stm32cube.ide.mcu.externaltools.gnu-tools-for-stm32.10.3-2021.10.linux64_1.0.0.202111181127/tools/bin/../lib/gcc/arm-none-eabi/10.3.1/thumb/v7e-m+fp/hard/crtn.o
                0x0000000020018000                _estack = (ORIGIN (RAM) + LENGTH (RAM))
                0x0000000000000200                _Min_Heap_Size = 0x200
                0x0000000000000400                _Min_Stack_Size = 0x400

.isr_vector     0x0000000008000000      0x194
                0x0000000008000000                . = ALIGN (0x4)
 *(.isr_vector)
 .isr_vector    0x0000000008000000      0x194 ./Core/Startup/startup_stm32f401retx.o
                0x0000000008000000                g_pfnVectors
                0x0000000008000194                . = ALIGN (0x4)

.text           0x00000000080001a0     0x5b6c
                0x00000000080001a0                . = ALIGN (0x4)
 *(.text)
 .text          0x00000000080001a0       0x40 /home/cotti/st/stm32cubeide_1.10.1/plugins/com.st.stm32cube.ide.mcu.externaltools.gnu-tools-for-stm32.10.3-2021.10.linux64_1.0.0.202111181127/tools/bin/../lib/gcc/arm-none-eabi/10.3.1/thumb/v7e-m+fp/hard/crtbegin.o
 .text          0x00000000080001e0       0xa0 /home/cotti/st/stm32cubeide_1.10.1/plugins/com.st.stm32cube.ide.mcu.externaltools.gnu-tools-for-stm32.10.3-2021.10.linux64_1.0.0.202111181127/tools/bin/../lib/gcc/arm-none-eabi/10.3.1/../../../../arm-none-eabi/lib/thumb/v7e-m+fp/hard/libc_nano.a(lib_a-memchr.o)
                0x00000000080001e0                memchr
 .text          0x0000000008000280       0x30 /home/cotti/st/stm32cubeide_1.10.1/plugins/com.st.stm32cube.ide.mcu.externaltools.gnu-tools-for-stm32.10.3-2021.10.linux64_1.0.0.202111181127/tools/bin/../lib/gcc/arm-none-eabi/10.3.1/thumb/v7e-m+fp/hard/libgcc.a(_aeabi_uldivmod.o)
                0x0000000008000280                __aeabi_uldivmod
 .text          0x00000000080002b0      0x2d0 /home/cotti/st/stm32cubeide_1.10.1/plugins/com.st.stm32cube.ide.mcu.externaltools.gnu-tools-for-stm32.10.3-2021.10.linux64_1.0.0.202111181127/tools/bin/../lib/gcc/arm-none-eabi/10.3.1/thumb/v7e-m+fp/hard/libgcc.a(_udivmoddi4.o)
                0x00000000080002b0                __udivmoddi4
 .text          0x0000000008000580        0x4 /home/cotti/st/stm32cubeide_1.10.1/plugins/com.st.stm32cube.ide.mcu.externaltools.gnu-tools-for-stm32.10.3-2021.10.linux64_1.0.0.202111181127/tools/bin/../lib/gcc/arm-none-eabi/10.3.1/thumb/v7e-m+fp/hard/libgcc.a(_dvmd_tls.o)
                0x0000000008000580                __aeabi_ldiv0
                0x0000000008000580                __aeabi_idiv0
 *(.text*)
 .text.prvCriticalTask
                0x0000000008000584       0x18 ./Core/Src/camera.o
 .text.prvCameraTaskUart
                0x000000000800059c       0x70 ./Core/Src/camera.o
 .text.prvCameraTaskController
                0x000000000800060c       0xe8 ./Core/Src/camera.o
 .text.vCameraInit
                0x00000000080006f4       0xf8 ./Core/Src/camera.o
                0x00000000080006f4                vCameraInit
 .text.vCameraTestPatternOn
                0x00000000080007ec        0xa ./Core/Src/camera_api.o
                0x00000000080007ec                vCameraTestPatternOn
 .text.vCameraTestPatternOff
                0x00000000080007f6        0xa ./Core/Src/camera_api.o
                0x00000000080007f6                vCameraTestPatternOff
 .text.vCameraColorBarOn
                0x0000000008000800        0xa ./Core/Src/camera_api.o
                0x0000000008000800                vCameraColorBarOn
 .text.vCameraColorBarOff
                0x000000000800080a        0xa ./Core/Src/camera_api.o
                0x000000000800080a                vCameraColorBarOff
 .text.vCameraHMirrorOn
                0x0000000008000814        0xa ./Core/Src/camera_api.o
                0x0000000008000814                vCameraHMirrorOn
 .text.vCameraHMirrorOff
                0x000000000800081e        0xa ./Core/Src/camera_api.o
                0x000000000800081e                vCameraHMirrorOff
 .text.vCameraVFlipOn
                0x0000000008000828        0xa ./Core/Src/camera_api.o
                0x0000000008000828                vCameraVFlipOn
 .text.vCameraVFlipOff
                0x0000000008000832        0xa ./Core/Src/camera_api.o
                0x0000000008000832                vCameraVFlipOff
 .text.vCameraFreezeAGCAEC
                0x000000000800083c        0xa ./Core/Src/camera_api.o
                0x000000000800083c                vCameraFreezeAGCAEC
 .text.vCameraUnfreezeAGCAEC
                0x0000000008000846        0xa ./Core/Src/camera_api.o
                0x0000000008000846                vCameraUnfreezeAGCAEC
 .text.vCameraManualAGCAEC
                0x0000000008000850       0x1a ./Core/Src/camera_api.o
                0x0000000008000850                vCameraManualAGCAEC
 .text.vCameraAutoAGCAEC
                0x000000000800086a       0x1a ./Core/Src/camera_api.o
                0x000000000800086a                vCameraAutoAGCAEC
 .text.vCameraRGB565
                0x0000000008000884       0x2e ./Core/Src/camera_api.o
                0x0000000008000884                vCameraRGB565
 .text.vCameraYUV
                0x00000000080008b2       0x24 ./Core/Src/camera_api.o
                0x00000000080008b2                vCameraYUV
 .text.vCameraAWBB1
                0x00000000080008d6       0x1a ./Core/Src/camera_api.o
                0x00000000080008d6                vCameraAWBB1
 .text.vCameraAWBB125
                0x00000000080008f0       0x1a ./Core/Src/camera_api.o
                0x00000000080008f0                vCameraAWBB125
 .text.vCameraAWBB15
                0x000000000800090a       0x1a ./Core/Src/camera_api.o
                0x000000000800090a                vCameraAWBB15
 .text.vCameraAWBB175
                0x0000000008000924       0x1a ./Core/Src/camera_api.o
                0x0000000008000924                vCameraAWBB175
 .text.vCameraAWBR1
                0x000000000800093e       0x1a ./Core/Src/camera_api.o
                0x000000000800093e                vCameraAWBR1
 .text.vCameraAWBR125
                0x0000000008000958       0x1a ./Core/Src/camera_api.o
                0x0000000008000958                vCameraAWBR125
 .text.vCameraAWBR15
                0x0000000008000972       0x1a ./Core/Src/camera_api.o
                0x0000000008000972                vCameraAWBR15
 .text.vCameraAWBR175
                0x000000000800098c       0x1a ./Core/Src/camera_api.o
                0x000000000800098c                vCameraAWBR175
 .text.vCameraAWBGB1
                0x00000000080009a6       0x1a ./Core/Src/camera_api.o
                0x00000000080009a6                vCameraAWBGB1
 .text.vCameraAWBGB125
                0x00000000080009c0       0x1a ./Core/Src/camera_api.o
                0x00000000080009c0                vCameraAWBGB125
 .text.vCameraAWBGB15
                0x00000000080009da       0x1a ./Core/Src/camera_api.o
                0x00000000080009da                vCameraAWBGB15
 .text.vCameraAWBGB175
                0x00000000080009f4       0x1a ./Core/Src/camera_api.o
                0x00000000080009f4                vCameraAWBGB175
 .text.vCameraAWBGR1
                0x0000000008000a0e       0x1a ./Core/Src/camera_api.o
                0x0000000008000a0e                vCameraAWBGR1
 .text.vCameraAWBGR125
                0x0000000008000a28       0x1a ./Core/Src/camera_api.o
                0x0000000008000a28                vCameraAWBGR125
 .text.vCameraAWBGR15
                0x0000000008000a42       0x1a ./Core/Src/camera_api.o
                0x0000000008000a42                vCameraAWBGR15
 .text.vCameraAWBGR175
                0x0000000008000a5c       0x1a ./Core/Src/camera_api.o
                0x0000000008000a5c                vCameraAWBGR175
 *fill*         0x0000000008000a76        0x2 
 .text.prvSDAOutput
                0x0000000008000a78       0x28 ./Core/Src/camera_reg.o
 .text.prvStart
                0x0000000008000aa0       0x3c ./Core/Src/camera_reg.o
 .text.prvWrite
                0x0000000008000adc       0x94 ./Core/Src/camera_reg.o
 .text.prvStop  0x0000000008000b70       0x3c ./Core/Src/camera_reg.o
 .text.prvCameraWriteReg
                0x0000000008000bac       0x24 ./Core/Src/camera_reg.o
 .text.prucCameraReadReg
                0x0000000008000bd0       0xd0 ./Core/Src/camera_reg.o
 .text.vCameraChangeRegBit
                0x0000000008000ca0       0x4c ./Core/Src/camera_reg.o
                0x0000000008000ca0                vCameraChangeRegBit
 .text.vCameraSetReg
                0x0000000008000cec       0x30 ./Core/Src/camera_reg.o
                0x0000000008000cec                vCameraSetReg
 .text.xCameraProbe
                0x0000000008000d1c       0x48 ./Core/Src/camera_reg.o
                0x0000000008000d1c                xCameraProbe
 .text.vCameraQQVGA
                0x0000000008000d64       0x74 ./Core/Src/camera_reg.o
                0x0000000008000d64                vCameraQQVGA
 .text.vCameraReset
                0x0000000008000dd8       0x58 ./Core/Src/camera_reg.o
                0x0000000008000dd8                vCameraReset
 .text.vCameraRegInit
                0x0000000008000e30       0x30 ./Core/Src/camera_reg.o
                0x0000000008000e30                vCameraRegInit
 .text.vApplicationGetIdleTaskMemory
                0x0000000008000e60       0x18 ./Core/Src/freertos.o
                0x0000000008000e60                vApplicationGetIdleTaskMemory
 .text.StartDefaultTask
                0x0000000008000e78       0x10 ./Core/Src/main.o
                0x0000000008000e78                StartDefaultTask
 .text.vDebugErrorRoutine
                0x0000000008000e88        0xc ./Core/Src/main.o
                0x0000000008000e88                vDebugErrorRoutine
 .text.vDebugSuccessRoutine
                0x0000000008000e94        0xc ./Core/Src/main.o
                0x0000000008000e94                vDebugSuccessRoutine
 .text.SystemClock_Config
                0x0000000008000ea0       0xa8 ./Core/Src/main.o
                0x0000000008000ea0                SystemClock_Config
 .text.startup.main
                0x0000000008000f48      0x21c ./Core/Src/main.o
                0x0000000008000f48                main
 .text.HAL_TIM_PeriodElapsedCallback
                0x0000000008001164       0x14 ./Core/Src/main.o
                0x0000000008001164                HAL_TIM_PeriodElapsedCallback
 .text.Error_Handler
                0x0000000008001178        0x4 ./Core/Src/main.o
                0x0000000008001178                Error_Handler
 .text.prvStepperTask
                0x000000000800117c      0x148 ./Core/Src/stepper.o
 .text.vStepperInit
                0x00000000080012c4       0x28 ./Core/Src/stepper.o
                0x00000000080012c4                vStepperInit
 .text.vStepperStart
                0x00000000080012ec       0x14 ./Core/Src/stepper.o
                0x00000000080012ec                vStepperStart
 .text.vStepperStop
                0x0000000008001300       0x14 ./Core/Src/stepper.o
                0x0000000008001300                vStepperStop
 .text.vStepperChangeDirection
                0x0000000008001314       0x14 ./Core/Src/stepper.o
                0x0000000008001314                vStepperChangeDirection
 .text.vStepperChangeVelocity
                0x0000000008001328       0x1c ./Core/Src/stepper.o
                0x0000000008001328                vStepperChangeVelocity
 .text.HAL_MspInit
                0x0000000008001344       0x40 ./Core/Src/stm32f4xx_hal_msp.o
                0x0000000008001344                HAL_MspInit
 .text.HAL_TIM_Base_MspInit
                0x0000000008001384       0x2c ./Core/Src/stm32f4xx_hal_msp.o
                0x0000000008001384                HAL_TIM_Base_MspInit
 .text.HAL_UART_MspInit
                0x00000000080013b0       0xb4 ./Core/Src/stm32f4xx_hal_msp.o
                0x00000000080013b0                HAL_UART_MspInit
 .text.HAL_InitTick
                0x0000000008001464       0x90 ./Core/Src/stm32f4xx_hal_timebase_tim.o
                0x0000000008001464                HAL_InitTick
 .text.NMI_Handler
                0x00000000080014f4        0x2 ./Core/Src/stm32f4xx_it.o
                0x00000000080014f4                NMI_Handler
 .text.HardFault_Handler
                0x00000000080014f6        0x2 ./Core/Src/stm32f4xx_it.o
                0x00000000080014f6                HardFault_Handler
 .text.MemManage_Handler
                0x00000000080014f8        0x2 ./Core/Src/stm32f4xx_it.o
                0x00000000080014f8                MemManage_Handler
 .text.BusFault_Handler
                0x00000000080014fa        0x2 ./Core/Src/stm32f4xx_it.o
                0x00000000080014fa                BusFault_Handler
 .text.UsageFault_Handler
                0x00000000080014fc        0x2 ./Core/Src/stm32f4xx_it.o
                0x00000000080014fc                UsageFault_Handler
 .text.DebugMon_Handler
                0x00000000080014fe        0x2 ./Core/Src/stm32f4xx_it.o
                0x00000000080014fe                DebugMon_Handler
 .text.DMA1_Stream6_IRQHandler
                0x0000000008001500        0xc ./Core/Src/stm32f4xx_it.o
                0x0000000008001500                DMA1_Stream6_IRQHandler
 .text.TIM1_UP_TIM10_IRQHandler
                0x000000000800150c        0xc ./Core/Src/stm32f4xx_it.o
                0x000000000800150c                TIM1_UP_TIM10_IRQHandler
 .text.USART2_IRQHandler
                0x0000000008001518        0xc ./Core/Src/stm32f4xx_it.o
                0x0000000008001518                USART2_IRQHandler
 .text.EXTI0_IRQHandler
                0x0000000008001524       0x2c ./Core/Src/stm32f4xx_it.o
                0x0000000008001524                EXTI0_IRQHandler
 .text.EXTI1_IRQHandler
                0x0000000008001550       0x44 ./Core/Src/stm32f4xx_it.o
                0x0000000008001550                EXTI1_IRQHandler
 .text.EXTI15_10_IRQHandler
                0x0000000008001594       0x90 ./Core/Src/stm32f4xx_it.o
                0x0000000008001594                EXTI15_10_IRQHandler
 .text.HAL_UART_TxCpltCallback
                0x0000000008001624       0x30 ./Core/Src/stm32f4xx_it.o
                0x0000000008001624                HAL_UART_TxCpltCallback
 .text.HAL_UART_RxCpltCallback
                0x0000000008001654       0x34 ./Core/Src/stm32f4xx_it.o
                0x0000000008001654                HAL_UART_RxCpltCallback
 .text.initialise_monitor_handles
                0x0000000008001688        0x2 ./Core/Src/syscalls.o
                0x0000000008001688                initialise_monitor_handles
 .text._read    0x000000000800168a       0x1c ./Core/Src/syscalls.o
                0x000000000800168a                _read
 .text._write   0x00000000080016a6       0x1c ./Core/Src/syscalls.o
                0x00000000080016a6                _write
 .text._close   0x00000000080016c2        0x6 ./Core/Src/syscalls.o
                0x00000000080016c2                _close
 .text._fstat   0x00000000080016c8        0xa ./Core/Src/syscalls.o
                0x00000000080016c8                _fstat
 .text._isatty  0x00000000080016d2        0x4 ./Core/Src/syscalls.o
                0x00000000080016d2                _isatty
 .text._lseek   0x00000000080016d6        0x4 ./Core/Src/syscalls.o
                0x00000000080016d6                _lseek
 *fill*         0x00000000080016da        0x2 
 .text._sbrk    0x00000000080016dc       0x40 ./Core/Src/sysmem.o
                0x00000000080016dc                _sbrk
 .text.SystemInit
                0x000000000800171c       0x14 ./Core/Src/system_stm32f4xx.o
                0x000000000800171c                SystemInit
 .text.vDelayUs
                0x0000000008001730       0x10 ./Core/Src/tools.o
                0x0000000008001730                vDelayUs
 .text.vToolsErrorRoutine
                0x0000000008001740        0x2 ./Core/Src/tools.o
                0x0000000008001740                vToolsErrorRoutine
 *fill*         0x0000000008001742        0x2 
 .text.Reset_Handler
                0x0000000008001744       0x50 ./Core/Startup/startup_stm32f401retx.o
                0x0000000008001744                Reset_Handler
 .text.Default_Handler
                0x0000000008001794        0x2 ./Core/Startup/startup_stm32f401retx.o
                0x0000000008001794                RTC_Alarm_IRQHandler
                0x0000000008001794                EXTI2_IRQHandler
                0x0000000008001794                SPI4_IRQHandler
                0x0000000008001794                TIM1_CC_IRQHandler
                0x0000000008001794                DMA2_Stream5_IRQHandler
                0x0000000008001794                DMA1_Stream5_IRQHandler
                0x0000000008001794                PVD_IRQHandler
                0x0000000008001794                SDIO_IRQHandler
                0x0000000008001794                TAMP_STAMP_IRQHandler
                0x0000000008001794                EXTI3_IRQHandler
                0x0000000008001794                I2C3_ER_IRQHandler
                0x0000000008001794                I2C2_EV_IRQHandler
                0x0000000008001794                DMA1_Stream2_IRQHandler
                0x0000000008001794                FPU_IRQHandler
                0x0000000008001794                DMA2_Stream2_IRQHandler
                0x0000000008001794                SPI1_IRQHandler
                0x0000000008001794                TIM1_BRK_TIM9_IRQHandler
                0x0000000008001794                DMA2_Stream3_IRQHandler
                0x0000000008001794                USART6_IRQHandler
                0x0000000008001794                DMA2_Stream0_IRQHandler
                0x0000000008001794                TIM4_IRQHandler
                0x0000000008001794                I2C1_EV_IRQHandler
                0x0000000008001794                DMA1_Stream1_IRQHandler
                0x0000000008001794                TIM3_IRQHandler
                0x0000000008001794                RCC_IRQHandler
                0x0000000008001794                Default_Handler
                0x0000000008001794                ADC_IRQHandler
                0x0000000008001794                DMA1_Stream7_IRQHandler
                0x0000000008001794                TIM5_IRQHandler
                0x0000000008001794                DMA2_Stream7_IRQHandler
                0x0000000008001794                I2C3_EV_IRQHandler
                0x0000000008001794                EXTI9_5_IRQHandler
                0x0000000008001794                RTC_WKUP_IRQHandler
                0x0000000008001794                SPI2_IRQHandler
                0x0000000008001794                DMA1_Stream0_IRQHandler
                0x0000000008001794                EXTI4_IRQHandler
                0x0000000008001794                WWDG_IRQHandler
                0x0000000008001794                TIM2_IRQHandler
                0x0000000008001794                OTG_FS_WKUP_IRQHandler
                0x0000000008001794                TIM1_TRG_COM_TIM11_IRQHandler
                0x0000000008001794                I2C2_ER_IRQHandler
                0x0000000008001794                DMA2_Stream1_IRQHandler
                0x0000000008001794                FLASH_IRQHandler
                0x0000000008001794                DMA2_Stream4_IRQHandler
                0x0000000008001794                USART1_IRQHandler
                0x0000000008001794                OTG_FS_IRQHandler
                0x0000000008001794                SPI3_IRQHandler
                0x0000000008001794                DMA1_Stream4_IRQHandler
                0x0000000008001794                I2C1_ER_IRQHandler
                0x0000000008001794                DMA2_Stream6_IRQHandler
                0x0000000008001794                DMA1_Stream3_IRQHandler
 *fill*         0x0000000008001796        0x2 
 .text.HAL_Init
                0x0000000008001798       0x34 ./Drivers/STM32F4xx_HAL_Driver/Src/stm32f4xx_hal.o
                0x0000000008001798                HAL_Init
 .text.HAL_IncTick
                0x00000000080017cc       0x18 ./Drivers/STM32F4xx_HAL_Driver/Src/stm32f4xx_hal.o
                0x00000000080017cc                HAL_IncTick
 .text.HAL_GetTick
                0x00000000080017e4        0xc ./Drivers/STM32F4xx_HAL_Driver/Src/stm32f4xx_hal.o
                0x00000000080017e4                HAL_GetTick
 .text.HAL_NVIC_SetPriorityGrouping
                0x00000000080017f0       0x24 ./Drivers/STM32F4xx_HAL_Driver/Src/stm32f4xx_hal_cortex.o
                0x00000000080017f0                HAL_NVIC_SetPriorityGrouping
 .text.HAL_NVIC_SetPriority
                0x0000000008001814       0x64 ./Drivers/STM32F4xx_HAL_Driver/Src/stm32f4xx_hal_cortex.o
                0x0000000008001814                HAL_NVIC_SetPriority
 .text.HAL_NVIC_EnableIRQ
                0x0000000008001878       0x1c ./Drivers/STM32F4xx_HAL_Driver/Src/stm32f4xx_hal_cortex.o
                0x0000000008001878                HAL_NVIC_EnableIRQ
 .text.HAL_NVIC_DisableIRQ
                0x0000000008001894       0x28 ./Drivers/STM32F4xx_HAL_Driver/Src/stm32f4xx_hal_cortex.o
                0x0000000008001894                HAL_NVIC_DisableIRQ
 .text.DMA_CalcBaseAndBitshift
                0x00000000080018bc       0x2c ./Drivers/STM32F4xx_HAL_Driver/Src/stm32f4xx_hal_dma.o
 .text.HAL_DMA_Init
                0x00000000080018e8      0x100 ./Drivers/STM32F4xx_HAL_Driver/Src/stm32f4xx_hal_dma.o
                0x00000000080018e8                HAL_DMA_Init
 .text.HAL_DMA_Start_IT
                0x00000000080019e8       0x74 ./Drivers/STM32F4xx_HAL_Driver/Src/stm32f4xx_hal_dma.o
                0x00000000080019e8                HAL_DMA_Start_IT
 .text.HAL_DMA_Abort
                0x0000000008001a5c       0x88 ./Drivers/STM32F4xx_HAL_Driver/Src/stm32f4xx_hal_dma.o
                0x0000000008001a5c                HAL_DMA_Abort
 .text.HAL_DMA_Abort_IT
                0x0000000008001ae4       0x24 ./Drivers/STM32F4xx_HAL_Driver/Src/stm32f4xx_hal_dma.o
                0x0000000008001ae4                HAL_DMA_Abort_IT
 .text.HAL_DMA_IRQHandler
                0x0000000008001b08      0x17c ./Drivers/STM32F4xx_HAL_Driver/Src/stm32f4xx_hal_dma.o
                0x0000000008001b08                HAL_DMA_IRQHandler
 .text.HAL_GPIO_Init
                0x0000000008001c84      0x190 ./Drivers/STM32F4xx_HAL_Driver/Src/stm32f4xx_hal_gpio.o
                0x0000000008001c84                HAL_GPIO_Init
 .text.HAL_GPIO_ReadPin
                0x0000000008001e14        0xc ./Drivers/STM32F4xx_HAL_Driver/Src/stm32f4xx_hal_gpio.o
                0x0000000008001e14                HAL_GPIO_ReadPin
 .text.HAL_GPIO_WritePin
                0x0000000008001e20        0xa ./Drivers/STM32F4xx_HAL_Driver/Src/stm32f4xx_hal_gpio.o
                0x0000000008001e20                HAL_GPIO_WritePin
 *fill*         0x0000000008001e2a        0x2 
 .text.HAL_RCC_OscConfig
                0x0000000008001e2c      0x360 ./Drivers/STM32F4xx_HAL_Driver/Src/stm32f4xx_hal_rcc.o
                0x0000000008001e2c                HAL_RCC_OscConfig
 .text.HAL_RCC_MCOConfig
                0x000000000800218c       0x98 ./Drivers/STM32F4xx_HAL_Driver/Src/stm32f4xx_hal_rcc.o
                0x000000000800218c                HAL_RCC_MCOConfig
 .text.HAL_RCC_GetSysClockFreq
                0x0000000008002224       0x5c ./Drivers/STM32F4xx_HAL_Driver/Src/stm32f4xx_hal_rcc.o
                0x0000000008002224                HAL_RCC_GetSysClockFreq
 .text.HAL_RCC_ClockConfig
                0x0000000008002280      0x138 ./Drivers/STM32F4xx_HAL_Driver/Src/stm32f4xx_hal_rcc.o
                0x0000000008002280                HAL_RCC_ClockConfig
 .text.HAL_RCC_GetPCLK1Freq
                0x00000000080023b8       0x20 ./Drivers/STM32F4xx_HAL_Driver/Src/stm32f4xx_hal_rcc.o
                0x00000000080023b8                HAL_RCC_GetPCLK1Freq
 .text.HAL_RCC_GetPCLK2Freq
                0x00000000080023d8       0x20 ./Drivers/STM32F4xx_HAL_Driver/Src/stm32f4xx_hal_rcc.o
                0x00000000080023d8                HAL_RCC_GetPCLK2Freq
 .text.HAL_RCC_GetClockConfig
                0x00000000080023f8       0x3c ./Drivers/STM32F4xx_HAL_Driver/Src/stm32f4xx_hal_rcc.o
                0x00000000080023f8                HAL_RCC_GetClockConfig
 .text.HAL_TIM_Base_Start
                0x0000000008002434       0x5c ./Drivers/STM32F4xx_HAL_Driver/Src/stm32f4xx_hal_tim.o
                0x0000000008002434                HAL_TIM_Base_Start
 .text.HAL_TIM_Base_Start_IT
                0x0000000008002490       0x64 ./Drivers/STM32F4xx_HAL_Driver/Src/stm32f4xx_hal_tim.o
                0x0000000008002490                HAL_TIM_Base_Start_IT
 .text.HAL_TIM_OC_DelayElapsedCallback
                0x00000000080024f4        0x2 ./Drivers/STM32F4xx_HAL_Driver/Src/stm32f4xx_hal_tim.o
                0x00000000080024f4                HAL_TIM_OC_DelayElapsedCallback
 .text.HAL_TIM_IC_CaptureCallback
                0x00000000080024f6        0x2 ./Drivers/STM32F4xx_HAL_Driver/Src/stm32f4xx_hal_tim.o
                0x00000000080024f6                HAL_TIM_IC_CaptureCallback
 .text.HAL_TIM_PWM_PulseFinishedCallback
                0x00000000080024f8        0x2 ./Drivers/STM32F4xx_HAL_Driver/Src/stm32f4xx_hal_tim.o
                0x00000000080024f8                HAL_TIM_PWM_PulseFinishedCallback
 .text.HAL_TIM_TriggerCallback
                0x00000000080024fa        0x2 ./Drivers/STM32F4xx_HAL_Driver/Src/stm32f4xx_hal_tim.o
                0x00000000080024fa                HAL_TIM_TriggerCallback
 .text.HAL_TIM_IRQHandler
                0x00000000080024fc      0x144 ./Drivers/STM32F4xx_HAL_Driver/Src/stm32f4xx_hal_tim.o
                0x00000000080024fc                HAL_TIM_IRQHandler
 .text.TIM_Base_SetConfig
                0x0000000008002640       0x9c ./Drivers/STM32F4xx_HAL_Driver/Src/stm32f4xx_hal_tim.o
                0x0000000008002640                TIM_Base_SetConfig
 .text.HAL_TIM_Base_Init
                0x00000000080026dc       0x58 ./Drivers/STM32F4xx_HAL_Driver/Src/stm32f4xx_hal_tim.o
                0x00000000080026dc                HAL_TIM_Base_Init
 .text.TIM_ETR_SetConfig
                0x0000000008002734       0x14 ./Drivers/STM32F4xx_HAL_Driver/Src/stm32f4xx_hal_tim.o
                0x0000000008002734                TIM_ETR_SetConfig
 .text.HAL_TIM_ConfigClockSource
                0x0000000008002748      0x138 ./Drivers/STM32F4xx_HAL_Driver/Src/stm32f4xx_hal_tim.o
                0x0000000008002748                HAL_TIM_ConfigClockSource
 .text.HAL_TIMEx_MasterConfigSynchronization
                0x0000000008002880       0x6c ./Drivers/STM32F4xx_HAL_Driver/Src/stm32f4xx_hal_tim_ex.o
                0x0000000008002880                HAL_TIMEx_MasterConfigSynchronization
 .text.HAL_TIMEx_CommutCallback
                0x00000000080028ec        0x2 ./Drivers/STM32F4xx_HAL_Driver/Src/stm32f4xx_hal_tim_ex.o
                0x00000000080028ec                HAL_TIMEx_CommutCallback
 .text.HAL_TIMEx_BreakCallback
                0x00000000080028ee        0x2 ./Drivers/STM32F4xx_HAL_Driver/Src/stm32f4xx_hal_tim_ex.o
                0x00000000080028ee                HAL_TIMEx_BreakCallback
 .text.UART_EndRxTransfer
                0x00000000080028f0       0x5c ./Drivers/STM32F4xx_HAL_Driver/Src/stm32f4xx_hal_uart.o
 .text.UART_SetConfig
                0x000000000800294c       0xbc ./Drivers/STM32F4xx_HAL_Driver/Src/stm32f4xx_hal_uart.o
 .text.HAL_UART_Init
                0x0000000008002a08       0x5c ./Drivers/STM32F4xx_HAL_Driver/Src/stm32f4xx_hal_uart.o
                0x0000000008002a08                HAL_UART_Init
 .text.HAL_UART_Transmit_DMA
                0x0000000008002a64       0x84 ./Drivers/STM32F4xx_HAL_Driver/Src/stm32f4xx_hal_uart.o
                0x0000000008002a64                HAL_UART_Transmit_DMA
 .text.UART_DMATransmitCplt
                0x0000000008002ae8       0x4c ./Drivers/STM32F4xx_HAL_Driver/Src/stm32f4xx_hal_uart.o
 .text.HAL_UART_TxHalfCpltCallback
                0x0000000008002b34        0x2 ./Drivers/STM32F4xx_HAL_Driver/Src/stm32f4xx_hal_uart.o
                0x0000000008002b34                HAL_UART_TxHalfCpltCallback
 .text.UART_DMATxHalfCplt
                0x0000000008002b36        0xa ./Drivers/STM32F4xx_HAL_Driver/Src/stm32f4xx_hal_uart.o
 .text.HAL_UART_ErrorCallback
                0x0000000008002b40        0x2 ./Drivers/STM32F4xx_HAL_Driver/Src/stm32f4xx_hal_uart.o
                0x0000000008002b40                HAL_UART_ErrorCallback
 .text.UART_DMAError
                0x0000000008002b42       0x5a ./Drivers/STM32F4xx_HAL_Driver/Src/stm32f4xx_hal_uart.o
 .text.UART_DMAAbortOnError
                0x0000000008002b9c       0x10 ./Drivers/STM32F4xx_HAL_Driver/Src/stm32f4xx_hal_uart.o
 .text.HAL_UARTEx_RxEventCallback
                0x0000000008002bac        0x2 ./Drivers/STM32F4xx_HAL_Driver/Src/stm32f4xx_hal_uart.o
                0x0000000008002bac                HAL_UARTEx_RxEventCallback
 .text.UART_Receive_IT.part.0.isra.0
                0x0000000008002bae       0xac ./Drivers/STM32F4xx_HAL_Driver/Src/stm32f4xx_hal_uart.o
 *fill*         0x0000000008002c5a        0x2 
 .text.HAL_UART_IRQHandler
                0x0000000008002c5c      0x2a0 ./Drivers/STM32F4xx_HAL_Driver/Src/stm32f4xx_hal_uart.o
                0x0000000008002c5c                HAL_UART_IRQHandler
 .text.UART_Start_Receive_IT
                0x0000000008002efc       0x36 ./Drivers/STM32F4xx_HAL_Driver/Src/stm32f4xx_hal_uart.o
                0x0000000008002efc                UART_Start_Receive_IT
 .text.HAL_UART_Receive_IT
                0x0000000008002f32       0x30 ./Drivers/STM32F4xx_HAL_Driver/Src/stm32f4xx_hal_uart.o
                0x0000000008002f32                HAL_UART_Receive_IT
 .text.osKernelStart
                0x0000000008002f62        0xa ./Middlewares/Third_Party/FreeRTOS/Source/CMSIS_RTOS/cmsis_os.o
                0x0000000008002f62                osKernelStart
 .text.osThreadCreate
                0x0000000008002f6c       0x50 ./Middlewares/Third_Party/FreeRTOS/Source/CMSIS_RTOS/cmsis_os.o
                0x0000000008002f6c                osThreadCreate
 .text.osDelay  0x0000000008002fbc       0x10 ./Middlewares/Third_Party/FreeRTOS/Source/CMSIS_RTOS/cmsis_os.o
                0x0000000008002fbc                osDelay
 .text.vListInitialise
                0x0000000008002fcc       0x16 ./Middlewares/Third_Party/FreeRTOS/Source/list.o
                0x0000000008002fcc                vListInitialise
 .text.vListInitialiseItem
                0x0000000008002fe2        0x6 ./Middlewares/Third_Party/FreeRTOS/Source/list.o
                0x0000000008002fe2                vListInitialiseItem
 .text.vListInsertEnd
                0x0000000008002fe8       0x18 ./Middlewares/Third_Party/FreeRTOS/Source/list.o
                0x0000000008002fe8                vListInsertEnd
 .text.vListInsert
                0x0000000008003000       0x2e ./Middlewares/Third_Party/FreeRTOS/Source/list.o
                0x0000000008003000                vListInsert
 .text.uxListRemove
                0x000000000800302e       0x20 ./Middlewares/Third_Party/FreeRTOS/Source/list.o
                0x000000000800302e                uxListRemove
 .text.prvIsQueueEmpty
                0x000000000800304e       0x16 ./Middlewares/Third_Party/FreeRTOS/Source/queue.o
 .text.prvCopyDataToQueue
                0x0000000008003064       0x6a ./Middlewares/Third_Party/FreeRTOS/Source/queue.o
 .text.prvCopyDataFromQueue
                0x00000000080030ce       0x2c ./Middlewares/Third_Party/FreeRTOS/Source/queue.o
 .text.prvUnlockQueue
                0x00000000080030fa       0x70 ./Middlewares/Third_Party/FreeRTOS/Source/queue.o
 .text.xQueueGenericReset
                0x000000000800316a       0x7e ./Middlewares/Third_Party/FreeRTOS/Source/queue.o
                0x000000000800316a                xQueueGenericReset
 .text.xQueueGenericCreate
                0x00000000080031e8       0x48 ./Middlewares/Third_Party/FreeRTOS/Source/queue.o
                0x00000000080031e8                xQueueGenericCreate
 .text.xQueueGenericSend
                0x0000000008003230      0x166 ./Middlewares/Third_Party/FreeRTOS/Source/queue.o
                0x0000000008003230                xQueueGenericSend
 .text.xQueueCreateMutex
                0x0000000008003396       0x34 ./Middlewares/Third_Party/FreeRTOS/Source/queue.o
                0x0000000008003396                xQueueCreateMutex
 .text.xQueueGenericSendFromISR
                0x00000000080033ca       0xc4 ./Middlewares/Third_Party/FreeRTOS/Source/queue.o
                0x00000000080033ca                xQueueGenericSendFromISR
 .text.xQueueGiveFromISR
                0x000000000800348e       0xa8 ./Middlewares/Third_Party/FreeRTOS/Source/queue.o
                0x000000000800348e                xQueueGiveFromISR
 .text.xQueueReceive
                0x0000000008003536      0x13e ./Middlewares/Third_Party/FreeRTOS/Source/queue.o
                0x0000000008003536                xQueueReceive
 .text.xQueueSemaphoreTake
                0x0000000008003674      0x186 ./Middlewares/Third_Party/FreeRTOS/Source/queue.o
                0x0000000008003674                xQueueSemaphoreTake
 *fill*         0x00000000080037fa        0x2 
 .text.prvAddNewTaskToReadyList
                0x00000000080037fc       0xfc ./Middlewares/Third_Party/FreeRTOS/Source/tasks.o
 .text.prvAddCurrentTaskToDelayedList
                0x00000000080038f8       0x88 ./Middlewares/Third_Party/FreeRTOS/Source/tasks.o
 .text.prvTaskIsTaskSuspended
                0x0000000008003980       0x38 ./Middlewares/Third_Party/FreeRTOS/Source/tasks.o
 .text.prvResetNextTaskUnblockTime
                0x00000000080039b8       0x24 ./Middlewares/Third_Party/FreeRTOS/Source/tasks.o
 .text.prvDeleteTCB
                0x00000000080039dc       0x3c ./Middlewares/Third_Party/FreeRTOS/Source/tasks.o
 .text.prvIdleTask
                0x0000000008003a18       0x60 ./Middlewares/Third_Party/FreeRTOS/Source/tasks.o
 .text.prvInitialiseNewTask.constprop.0
                0x0000000008003a78       0xb8 ./Middlewares/Third_Party/FreeRTOS/Source/tasks.o
 .text.xTaskCreateStatic
                0x0000000008003b30       0x70 ./Middlewares/Third_Party/FreeRTOS/Source/tasks.o
                0x0000000008003b30                xTaskCreateStatic
 .text.xTaskCreate
                0x0000000008003ba0       0x5a ./Middlewares/Third_Party/FreeRTOS/Source/tasks.o
                0x0000000008003ba0                xTaskCreate
 *fill*         0x0000000008003bfa        0x2 
 .text.xTaskResumeFromISR
                0x0000000008003bfc       0xa4 ./Middlewares/Third_Party/FreeRTOS/Source/tasks.o
                0x0000000008003bfc                xTaskResumeFromISR
 .text.vTaskStartScheduler
                0x0000000008003ca0       0x84 ./Middlewares/Third_Party/FreeRTOS/Source/tasks.o
                0x0000000008003ca0                vTaskStartScheduler
 .text.vTaskSuspendAll
                0x0000000008003d24       0x10 ./Middlewares/Third_Party/FreeRTOS/Source/tasks.o
                0x0000000008003d24                vTaskSuspendAll
 .text.xTaskIncrementTick
                0x0000000008003d34      0x130 ./Middlewares/Third_Party/FreeRTOS/Source/tasks.o
                0x0000000008003d34                xTaskIncrementTick
 .text.xTaskResumeAll
                0x0000000008003e64       0xf0 ./Middlewares/Third_Party/FreeRTOS/Source/tasks.o
                0x0000000008003e64                xTaskResumeAll
 .text.vTaskDelay
                0x0000000008003f54       0x48 ./Middlewares/Third_Party/FreeRTOS/Source/tasks.o
                0x0000000008003f54                vTaskDelay
 .text.vTaskSwitchContext
                0x0000000008003f9c       0x80 ./Middlewares/Third_Party/FreeRTOS/Source/tasks.o
                0x0000000008003f9c                vTaskSwitchContext
 .text.vTaskSuspend
                0x000000000800401c       0xd8 ./Middlewares/Third_Party/FreeRTOS/Source/tasks.o
                0x000000000800401c                vTaskSuspend
 .text.vTaskPlaceOnEventList
                0x00000000080040f4       0x34 ./Middlewares/Third_Party/FreeRTOS/Source/tasks.o
                0x00000000080040f4                vTaskPlaceOnEventList
 .text.xTaskRemoveFromEventList
                0x0000000008004128       0x88 ./Middlewares/Third_Party/FreeRTOS/Source/tasks.o
                0x0000000008004128                xTaskRemoveFromEventList
 .text.vTaskInternalSetTimeOutState
                0x00000000080041b0       0x18 ./Middlewares/Third_Party/FreeRTOS/Source/tasks.o
                0x00000000080041b0                vTaskInternalSetTimeOutState
 .text.xTaskCheckForTimeOut
                0x00000000080041c8       0x78 ./Middlewares/Third_Party/FreeRTOS/Source/tasks.o
                0x00000000080041c8                xTaskCheckForTimeOut
 .text.vTaskMissedYield
                0x0000000008004240        0xc ./Middlewares/Third_Party/FreeRTOS/Source/tasks.o
                0x0000000008004240                vTaskMissedYield
 .text.xTaskGetSchedulerState
                0x000000000800424c       0x20 ./Middlewares/Third_Party/FreeRTOS/Source/tasks.o
                0x000000000800424c                xTaskGetSchedulerState
 .text.xTaskPriorityInherit
                0x000000000800426c       0x98 ./Middlewares/Third_Party/FreeRTOS/Source/tasks.o
                0x000000000800426c                xTaskPriorityInherit
 .text.xTaskPriorityDisinherit
                0x0000000008004304       0xa4 ./Middlewares/Third_Party/FreeRTOS/Source/tasks.o
                0x0000000008004304                xTaskPriorityDisinherit
 .text.vTaskPriorityDisinheritAfterTimeout
                0x00000000080043a8       0xb0 ./Middlewares/Third_Party/FreeRTOS/Source/tasks.o
                0x00000000080043a8                vTaskPriorityDisinheritAfterTimeout
 .text.pvTaskIncrementMutexHeldCount
                0x0000000008004458       0x18 ./Middlewares/Third_Party/FreeRTOS/Source/tasks.o
                0x0000000008004458                pvTaskIncrementMutexHeldCount
 .text.ulTaskNotifyTake
                0x0000000008004470       0x6c ./Middlewares/Third_Party/FreeRTOS/Source/tasks.o
                0x0000000008004470                ulTaskNotifyTake
 .text.xTaskNotifyWait
                0x00000000080044dc       0x94 ./Middlewares/Third_Party/FreeRTOS/Source/tasks.o
                0x00000000080044dc                xTaskNotifyWait
 .text.xTaskGenericNotify
                0x0000000008004570       0xf8 ./Middlewares/Third_Party/FreeRTOS/Source/tasks.o
                0x0000000008004570                xTaskGenericNotify
 .text.vTaskNotifyGiveFromISR
                0x0000000008004668       0xcc ./Middlewares/Third_Party/FreeRTOS/Source/tasks.o
                0x0000000008004668                vTaskNotifyGiveFromISR
 .text.prvPortStartFirstTask
                0x0000000008004734       0x28 ./Middlewares/Third_Party/FreeRTOS/Source/portable/GCC/ARM_CM4F/port.o
 .text.vPortEnableVFP
                0x000000000800475c       0x14 ./Middlewares/Third_Party/FreeRTOS/Source/portable/GCC/ARM_CM4F/port.o
 .text.prvTaskExitError
                0x0000000008004770       0x40 ./Middlewares/Third_Party/FreeRTOS/Source/portable/GCC/ARM_CM4F/port.o
 .text.pxPortInitialiseStack
                0x00000000080047b0       0x2c ./Middlewares/Third_Party/FreeRTOS/Source/portable/GCC/ARM_CM4F/port.o
                0x00000000080047b0                pxPortInitialiseStack
 *fill*         0x00000000080047dc        0x4 
 .text.SVC_Handler
                0x00000000080047e0       0x24 ./Middlewares/Third_Party/FreeRTOS/Source/portable/GCC/ARM_CM4F/port.o
                0x00000000080047e0                SVC_Handler
 .text.vPortEnterCritical
                0x0000000008004804       0x40 ./Middlewares/Third_Party/FreeRTOS/Source/portable/GCC/ARM_CM4F/port.o
                0x0000000008004804                vPortEnterCritical
 .text.vPortExitCritical
                0x0000000008004844       0x28 ./Middlewares/Third_Party/FreeRTOS/Source/portable/GCC/ARM_CM4F/port.o
                0x0000000008004844                vPortExitCritical
 *fill*         0x000000000800486c        0x4 
 .text.PendSV_Handler
                0x0000000008004870       0x64 ./Middlewares/Third_Party/FreeRTOS/Source/portable/GCC/ARM_CM4F/port.o
                0x0000000008004870                PendSV_Handler
 .text.SysTick_Handler
                0x00000000080048d4       0x2c ./Middlewares/Third_Party/FreeRTOS/Source/portable/GCC/ARM_CM4F/port.o
                0x00000000080048d4                SysTick_Handler
 .text.vPortSetupTimerInterrupt
                0x0000000008004900       0x24 ./Middlewares/Third_Party/FreeRTOS/Source/portable/GCC/ARM_CM4F/port.o
                0x0000000008004900                vPortSetupTimerInterrupt
 .text.xPortStartScheduler
                0x0000000008004924      0x10c ./Middlewares/Third_Party/FreeRTOS/Source/portable/GCC/ARM_CM4F/port.o
                0x0000000008004924                xPortStartScheduler
 .text.vPortValidateInterruptPriority
                0x0000000008004a30       0x5c ./Middlewares/Third_Party/FreeRTOS/Source/portable/GCC/ARM_CM4F/port.o
                0x0000000008004a30                vPortValidateInterruptPriority
 .text.prvInsertBlockIntoFreeList
                0x0000000008004a8c       0x48 ./Middlewares/Third_Party/FreeRTOS/Source/portable/MemMang/heap_4.o
 .text.pvPortMalloc
                0x0000000008004ad4      0x130 ./Middlewares/Third_Party/FreeRTOS/Source/portable/MemMang/heap_4.o
                0x0000000008004ad4                pvPortMalloc
 .text.vPortFree
                0x0000000008004c04       0x7c ./Middlewares/Third_Party/FreeRTOS/Source/portable/MemMang/heap_4.o
                0x0000000008004c04                vPortFree
 .text.__errno  0x0000000008004c80        0xc /home/cotti/st/stm32cubeide_1.10.1/plugins/com.st.stm32cube.ide.mcu.externaltools.gnu-tools-for-stm32.10.3-2021.10.linux64_1.0.0.202111181127/tools/bin/../lib/gcc/arm-none-eabi/10.3.1/../../../../arm-none-eabi/lib/thumb/v7e-m+fp/hard/libc_nano.a(lib_a-errno.o)
                0x0000000008004c80                __errno
 .text.std      0x0000000008004c8c       0x48 /home/cotti/st/stm32cubeide_1.10.1/plugins/com.st.stm32cube.ide.mcu.externaltools.gnu-tools-for-stm32.10.3-2021.10.linux64_1.0.0.202111181127/tools/bin/../lib/gcc/arm-none-eabi/10.3.1/../../../../arm-none-eabi/lib/thumb/v7e-m+fp/hard/libc_nano.a(lib_a-findfp.o)
 .text._cleanup_r
                0x0000000008004cd4        0xc /home/cotti/st/stm32cubeide_1.10.1/plugins/com.st.stm32cube.ide.mcu.externaltools.gnu-tools-for-stm32.10.3-2021.10.linux64_1.0.0.202111181127/tools/bin/../lib/gcc/arm-none-eabi/10.3.1/../../../../arm-none-eabi/lib/thumb/v7e-m+fp/hard/libc_nano.a(lib_a-findfp.o)
                0x0000000008004cd4                _cleanup_r
 .text.__sfmoreglue
                0x0000000008004ce0       0x2c /home/cotti/st/stm32cubeide_1.10.1/plugins/com.st.stm32cube.ide.mcu.externaltools.gnu-tools-for-stm32.10.3-2021.10.linux64_1.0.0.202111181127/tools/bin/../lib/gcc/arm-none-eabi/10.3.1/../../../../arm-none-eabi/lib/thumb/v7e-m+fp/hard/libc_nano.a(lib_a-findfp.o)
                0x0000000008004ce0                __sfmoreglue
 .text.__sfp_lock_acquire
                0x0000000008004d0c        0xc /home/cotti/st/stm32cubeide_1.10.1/plugins/com.st.stm32cube.ide.mcu.externaltools.gnu-tools-for-stm32.10.3-2021.10.linux64_1.0.0.202111181127/tools/bin/../lib/gcc/arm-none-eabi/10.3.1/../../../../arm-none-eabi/lib/thumb/v7e-m+fp/hard/libc_nano.a(lib_a-findfp.o)
                0x0000000008004d0c                __sfp_lock_acquire
 .text.__sfp_lock_release
                0x0000000008004d18        0xc /home/cotti/st/stm32cubeide_1.10.1/plugins/com.st.stm32cube.ide.mcu.externaltools.gnu-tools-for-stm32.10.3-2021.10.linux64_1.0.0.202111181127/tools/bin/../lib/gcc/arm-none-eabi/10.3.1/../../../../arm-none-eabi/lib/thumb/v7e-m+fp/hard/libc_nano.a(lib_a-findfp.o)
                0x0000000008004d18                __sfp_lock_release
 .text.__sinit_lock_acquire
                0x0000000008004d24        0xc /home/cotti/st/stm32cubeide_1.10.1/plugins/com.st.stm32cube.ide.mcu.externaltools.gnu-tools-for-stm32.10.3-2021.10.linux64_1.0.0.202111181127/tools/bin/../lib/gcc/arm-none-eabi/10.3.1/../../../../arm-none-eabi/lib/thumb/v7e-m+fp/hard/libc_nano.a(lib_a-findfp.o)
                0x0000000008004d24                __sinit_lock_acquire
 .text.__sinit_lock_release
                0x0000000008004d30        0xc /home/cotti/st/stm32cubeide_1.10.1/plugins/com.st.stm32cube.ide.mcu.externaltools.gnu-tools-for-stm32.10.3-2021.10.linux64_1.0.0.202111181127/tools/bin/../lib/gcc/arm-none-eabi/10.3.1/../../../../arm-none-eabi/lib/thumb/v7e-m+fp/hard/libc_nano.a(lib_a-findfp.o)
                0x0000000008004d30                __sinit_lock_release
 .text.__sinit  0x0000000008004d3c       0x70 /home/cotti/st/stm32cubeide_1.10.1/plugins/com.st.stm32cube.ide.mcu.externaltools.gnu-tools-for-stm32.10.3-2021.10.linux64_1.0.0.202111181127/tools/bin/../lib/gcc/arm-none-eabi/10.3.1/../../../../arm-none-eabi/lib/thumb/v7e-m+fp/hard/libc_nano.a(lib_a-findfp.o)
                0x0000000008004d3c                __sinit
 .text.__sfp    0x0000000008004dac       0x8c /home/cotti/st/stm32cubeide_1.10.1/plugins/com.st.stm32cube.ide.mcu.externaltools.gnu-tools-for-stm32.10.3-2021.10.linux64_1.0.0.202111181127/tools/bin/../lib/gcc/arm-none-eabi/10.3.1/../../../../arm-none-eabi/lib/thumb/v7e-m+fp/hard/libc_nano.a(lib_a-findfp.o)
                0x0000000008004dac                __sfp
 .text._fwalk_reent
                0x0000000008004e38       0x3e /home/cotti/st/stm32cubeide_1.10.1/plugins/com.st.stm32cube.ide.mcu.externaltools.gnu-tools-for-stm32.10.3-2021.10.linux64_1.0.0.202111181127/tools/bin/../lib/gcc/arm-none-eabi/10.3.1/../../../../arm-none-eabi/lib/thumb/v7e-m+fp/hard/libc_nano.a(lib_a-fwalk.o)
                0x0000000008004e38                _fwalk_reent
 *fill*         0x0000000008004e76        0x2 
 .text.__libc_init_array
                0x0000000008004e78       0x48 /home/cotti/st/stm32cubeide_1.10.1/plugins/com.st.stm32cube.ide.mcu.externaltools.gnu-tools-for-stm32.10.3-2021.10.linux64_1.0.0.202111181127/tools/bin/../lib/gcc/arm-none-eabi/10.3.1/../../../../arm-none-eabi/lib/thumb/v7e-m+fp/hard/libc_nano.a(lib_a-init.o)
                0x0000000008004e78                __libc_init_array
 .text.__retarget_lock_init_recursive
                0x0000000008004ec0        0x2 /home/cotti/st/stm32cubeide_1.10.1/plugins/com.st.stm32cube.ide.mcu.externaltools.gnu-tools-for-stm32.10.3-2021.10.linux64_1.0.0.202111181127/tools/bin/../lib/gcc/arm-none-eabi/10.3.1/../../../../arm-none-eabi/lib/thumb/v7e-m+fp/hard/libc_nano.a(lib_a-lock.o)
                0x0000000008004ec0                __retarget_lock_init_recursive
 .text.__retarget_lock_acquire_recursive
                0x0000000008004ec2        0x2 /home/cotti/st/stm32cubeide_1.10.1/plugins/com.st.stm32cube.ide.mcu.externaltools.gnu-tools-for-stm32.10.3-2021.10.linux64_1.0.0.202111181127/tools/bin/../lib/gcc/arm-none-eabi/10.3.1/../../../../arm-none-eabi/lib/thumb/v7e-m+fp/hard/libc_nano.a(lib_a-lock.o)
                0x0000000008004ec2                __retarget_lock_acquire_recursive
 .text.__retarget_lock_release_recursive
                0x0000000008004ec4        0x2 /home/cotti/st/stm32cubeide_1.10.1/plugins/com.st.stm32cube.ide.mcu.externaltools.gnu-tools-for-stm32.10.3-2021.10.linux64_1.0.0.202111181127/tools/bin/../lib/gcc/arm-none-eabi/10.3.1/../../../../arm-none-eabi/lib/thumb/v7e-m+fp/hard/libc_nano.a(lib_a-lock.o)
                0x0000000008004ec4                __retarget_lock_release_recursive
 .text.memcpy   0x0000000008004ec6       0x1c /home/cotti/st/stm32cubeide_1.10.1/plugins/com.st.stm32cube.ide.mcu.externaltools.gnu-tools-for-stm32.10.3-2021.10.linux64_1.0.0.202111181127/tools/bin/../lib/gcc/arm-none-eabi/10.3.1/../../../../arm-none-eabi/lib/thumb/v7e-m+fp/hard/libc_nano.a(lib_a-memcpy-stub.o)
                0x0000000008004ec6                memcpy
 .text.memset   0x0000000008004ee2       0x10 /home/cotti/st/stm32cubeide_1.10.1/plugins/com.st.stm32cube.ide.mcu.externaltools.gnu-tools-for-stm32.10.3-2021.10.linux64_1.0.0.202111181127/tools/bin/../lib/gcc/arm-none-eabi/10.3.1/../../../../arm-none-eabi/lib/thumb/v7e-m+fp/hard/libc_nano.a(lib_a-memset.o)
                0x0000000008004ee2                memset
 *fill*         0x0000000008004ef2        0x2 
 .text.sbrk_aligned
                0x0000000008004ef4       0x40 /home/cotti/st/stm32cubeide_1.10.1/plugins/com.st.stm32cube.ide.mcu.externaltools.gnu-tools-for-stm32.10.3-2021.10.linux64_1.0.0.202111181127/tools/bin/../lib/gcc/arm-none-eabi/10.3.1/../../../../arm-none-eabi/lib/thumb/v7e-m+fp/hard/libc_nano.a(lib_a-nano-mallocr.o)
 .text._malloc_r
                0x0000000008004f34       0xe8 /home/cotti/st/stm32cubeide_1.10.1/plugins/com.st.stm32cube.ide.mcu.externaltools.gnu-tools-for-stm32.10.3-2021.10.linux64_1.0.0.202111181127/tools/bin/../lib/gcc/arm-none-eabi/10.3.1/../../../../arm-none-eabi/lib/thumb/v7e-m+fp/hard/libc_nano.a(lib_a-nano-mallocr.o)
                0x0000000008004f34                _malloc_r
 .text.printf   0x000000000800501c       0x30 /home/cotti/st/stm32cubeide_1.10.1/plugins/com.st.stm32cube.ide.mcu.externaltools.gnu-tools-for-stm32.10.3-2021.10.linux64_1.0.0.202111181127/tools/bin/../lib/gcc/arm-none-eabi/10.3.1/../../../../arm-none-eabi/lib/thumb/v7e-m+fp/hard/libc_nano.a(lib_a-printf.o)
                0x000000000800501c                printf
                0x000000000800501c                iprintf
 .text.cleanup_glue
                0x000000000800504c       0x1a /home/cotti/st/stm32cubeide_1.10.1/plugins/com.st.stm32cube.ide.mcu.externaltools.gnu-tools-for-stm32.10.3-2021.10.linux64_1.0.0.202111181127/tools/bin/../lib/gcc/arm-none-eabi/10.3.1/../../../../arm-none-eabi/lib/thumb/v7e-m+fp/hard/libc_nano.a(lib_a-reent.o)
                0x000000000800504c                cleanup_glue
 *fill*         0x0000000008005066        0x2 
 .text._reclaim_reent
                0x0000000008005068       0xb8 /home/cotti/st/stm32cubeide_1.10.1/plugins/com.st.stm32cube.ide.mcu.externaltools.gnu-tools-for-stm32.10.3-2021.10.linux64_1.0.0.202111181127/tools/bin/../lib/gcc/arm-none-eabi/10.3.1/../../../../arm-none-eabi/lib/thumb/v7e-m+fp/hard/libc_nano.a(lib_a-reent.o)
                0x0000000008005068                _reclaim_reent
 .text._sbrk_r  0x0000000008005120       0x20 /home/cotti/st/stm32cubeide_1.10.1/plugins/com.st.stm32cube.ide.mcu.externaltools.gnu-tools-for-stm32.10.3-2021.10.linux64_1.0.0.202111181127/tools/bin/../lib/gcc/arm-none-eabi/10.3.1/../../../../arm-none-eabi/lib/thumb/v7e-m+fp/hard/libc_nano.a(lib_a-sbrkr.o)
                0x0000000008005120                _sbrk_r
 .text.__sread  0x0000000008005140       0x22 /home/cotti/st/stm32cubeide_1.10.1/plugins/com.st.stm32cube.ide.mcu.externaltools.gnu-tools-for-stm32.10.3-2021.10.linux64_1.0.0.202111181127/tools/bin/../lib/gcc/arm-none-eabi/10.3.1/../../../../arm-none-eabi/lib/thumb/v7e-m+fp/hard/libc_nano.a(lib_a-stdio.o)
                0x0000000008005140                __sread
 .text.__swrite
                0x0000000008005162       0x38 /home/cotti/st/stm32cubeide_1.10.1/plugins/com.st.stm32cube.ide.mcu.externaltools.gnu-tools-for-stm32.10.3-2021.10.linux64_1.0.0.202111181127/tools/bin/../lib/gcc/arm-none-eabi/10.3.1/../../../../arm-none-eabi/lib/thumb/v7e-m+fp/hard/libc_nano.a(lib_a-stdio.o)
                0x0000000008005162                __swrite
 .text.__sseek  0x000000000800519a       0x24 /home/cotti/st/stm32cubeide_1.10.1/plugins/com.st.stm32cube.ide.mcu.externaltools.gnu-tools-for-stm32.10.3-2021.10.linux64_1.0.0.202111181127/tools/bin/../lib/gcc/arm-none-eabi/10.3.1/../../../../arm-none-eabi/lib/thumb/v7e-m+fp/hard/libc_nano.a(lib_a-stdio.o)
                0x000000000800519a                __sseek
 .text.__sclose
                0x00000000080051be        0x8 /home/cotti/st/stm32cubeide_1.10.1/plugins/com.st.stm32cube.ide.mcu.externaltools.gnu-tools-for-stm32.10.3-2021.10.linux64_1.0.0.202111181127/tools/bin/../lib/gcc/arm-none-eabi/10.3.1/../../../../arm-none-eabi/lib/thumb/v7e-m+fp/hard/libc_nano.a(lib_a-stdio.o)
                0x00000000080051be                __sclose
 *fill*         0x00000000080051c6        0x2 
 .text._write_r
                0x00000000080051c8       0x24 /home/cotti/st/stm32cubeide_1.10.1/plugins/com.st.stm32cube.ide.mcu.externaltools.gnu-tools-for-stm32.10.3-2021.10.linux64_1.0.0.202111181127/tools/bin/../lib/gcc/arm-none-eabi/10.3.1/../../../../arm-none-eabi/lib/thumb/v7e-m+fp/hard/libc_nano.a(lib_a-writer.o)
                0x00000000080051c8                _write_r
 .text._close_r
                0x00000000080051ec       0x20 /home/cotti/st/stm32cubeide_1.10.1/plugins/com.st.stm32cube.ide.mcu.externaltools.gnu-tools-for-stm32.10.3-2021.10.linux64_1.0.0.202111181127/tools/bin/../lib/gcc/arm-none-eabi/10.3.1/../../../../arm-none-eabi/lib/thumb/v7e-m+fp/hard/libc_nano.a(lib_a-closer.o)
                0x00000000080051ec                _close_r
 .text.__sflush_r
                0x000000000800520c      0x10c /home/cotti/st/stm32cubeide_1.10.1/plugins/com.st.stm32cube.ide.mcu.externaltools.gnu-tools-for-stm32.10.3-2021.10.linux64_1.0.0.202111181127/tools/bin/../lib/gcc/arm-none-eabi/10.3.1/../../../../arm-none-eabi/lib/thumb/v7e-m+fp/hard/libc_nano.a(lib_a-fflush.o)
                0x000000000800520c                __sflush_r
 .text._fflush_r
                0x0000000008005318       0x78 /home/cotti/st/stm32cubeide_1.10.1/plugins/com.st.stm32cube.ide.mcu.externaltools.gnu-tools-for-stm32.10.3-2021.10.linux64_1.0.0.202111181127/tools/bin/../lib/gcc/arm-none-eabi/10.3.1/../../../../arm-none-eabi/lib/thumb/v7e-m+fp/hard/libc_nano.a(lib_a-fflush.o)
                0x0000000008005318                _fflush_r
 .text._lseek_r
                0x0000000008005390       0x24 /home/cotti/st/stm32cubeide_1.10.1/plugins/com.st.stm32cube.ide.mcu.externaltools.gnu-tools-for-stm32.10.3-2021.10.linux64_1.0.0.202111181127/tools/bin/../lib/gcc/arm-none-eabi/10.3.1/../../../../arm-none-eabi/lib/thumb/v7e-m+fp/hard/libc_nano.a(lib_a-lseekr.o)
                0x0000000008005390                _lseek_r
 .text.__malloc_lock
                0x00000000080053b4        0xc /home/cotti/st/stm32cubeide_1.10.1/plugins/com.st.stm32cube.ide.mcu.externaltools.gnu-tools-for-stm32.10.3-2021.10.linux64_1.0.0.202111181127/tools/bin/../lib/gcc/arm-none-eabi/10.3.1/../../../../arm-none-eabi/lib/thumb/v7e-m+fp/hard/libc_nano.a(lib_a-mlock.o)
                0x00000000080053b4                __malloc_lock
 .text.__malloc_unlock
                0x00000000080053c0        0xc /home/cotti/st/stm32cubeide_1.10.1/plugins/com.st.stm32cube.ide.mcu.externaltools.gnu-tools-for-stm32.10.3-2021.10.linux64_1.0.0.202111181127/tools/bin/../lib/gcc/arm-none-eabi/10.3.1/../../../../arm-none-eabi/lib/thumb/v7e-m+fp/hard/libc_nano.a(lib_a-mlock.o)
                0x00000000080053c0                __malloc_unlock
 .text._free_r  0x00000000080053cc       0x98 /home/cotti/st/stm32cubeide_1.10.1/plugins/com.st.stm32cube.ide.mcu.externaltools.gnu-tools-for-stm32.10.3-2021.10.linux64_1.0.0.202111181127/tools/bin/../lib/gcc/arm-none-eabi/10.3.1/../../../../arm-none-eabi/lib/thumb/v7e-m+fp/hard/libc_nano.a(lib_a-nano-freer.o)
                0x00000000080053cc                _free_r
 .text.__sfputc_r
                0x0000000008005464       0x2e /home/cotti/st/stm32cubeide_1.10.1/plugins/com.st.stm32cube.ide.mcu.externaltools.gnu-tools-for-stm32.10.3-2021.10.linux64_1.0.0.202111181127/tools/bin/../lib/gcc/arm-none-eabi/10.3.1/../../../../arm-none-eabi/lib/thumb/v7e-m+fp/hard/libc_nano.a(lib_a-nano-vfprintf.o)
 .text.__sfputs_r
                0x0000000008005492       0x24 /home/cotti/st/stm32cubeide_1.10.1/plugins/com.st.stm32cube.ide.mcu.externaltools.gnu-tools-for-stm32.10.3-2021.10.linux64_1.0.0.202111181127/tools/bin/../lib/gcc/arm-none-eabi/10.3.1/../../../../arm-none-eabi/lib/thumb/v7e-m+fp/hard/libc_nano.a(lib_a-nano-vfprintf.o)
                0x0000000008005492                __sfputs_r
 *fill*         0x00000000080054b6        0x2 
 .text._vfprintf_r
                0x00000000080054b8      0x260 /home/cotti/st/stm32cubeide_1.10.1/plugins/com.st.stm32cube.ide.mcu.externaltools.gnu-tools-for-stm32.10.3-2021.10.linux64_1.0.0.202111181127/tools/bin/../lib/gcc/arm-none-eabi/10.3.1/../../../../arm-none-eabi/lib/thumb/v7e-m+fp/hard/libc_nano.a(lib_a-nano-vfprintf.o)
                0x00000000080054b8                _vfiprintf_r
                0x00000000080054b8                _vfprintf_r
 .text._printf_common
                0x0000000008005718       0xda /home/cotti/st/stm32cubeide_1.10.1/plugins/com.st.stm32cube.ide.mcu.externaltools.gnu-tools-for-stm32.10.3-2021.10.linux64_1.0.0.202111181127/tools/bin/../lib/gcc/arm-none-eabi/10.3.1/../../../../arm-none-eabi/lib/thumb/v7e-m+fp/hard/libc_nano.a(lib_a-nano-vfprintf_i.o)
                0x0000000008005718                _printf_common
 *fill*         0x00000000080057f2        0x2 
 .text._printf_i
                0x00000000080057f4      0x24c /home/cotti/st/stm32cubeide_1.10.1/plugins/com.st.stm32cube.ide.mcu.externaltools.gnu-tools-for-stm32.10.3-2021.10.linux64_1.0.0.202111181127/tools/bin/../lib/gcc/arm-none-eabi/10.3.1/../../../../arm-none-eabi/lib/thumb/v7e-m+fp/hard/libc_nano.a(lib_a-nano-vfprintf_i.o)
                0x00000000080057f4                _printf_i
 .text._read_r  0x0000000008005a40       0x24 /home/cotti/st/stm32cubeide_1.10.1/plugins/com.st.stm32cube.ide.mcu.externaltools.gnu-tools-for-stm32.10.3-2021.10.linux64_1.0.0.202111181127/tools/bin/../lib/gcc/arm-none-eabi/10.3.1/../../../../arm-none-eabi/lib/thumb/v7e-m+fp/hard/libc_nano.a(lib_a-readr.o)
                0x0000000008005a40                _read_r
 .text.__swbuf_r
                0x0000000008005a64       0xa4 /home/cotti/st/stm32cubeide_1.10.1/plugins/com.st.stm32cube.ide.mcu.externaltools.gnu-tools-for-stm32.10.3-2021.10.linux64_1.0.0.202111181127/tools/bin/../lib/gcc/arm-none-eabi/10.3.1/../../../../arm-none-eabi/lib/thumb/v7e-m+fp/hard/libc_nano.a(lib_a-wbuf.o)
                0x0000000008005a64                __swbuf_r
 .text.__swsetup_r
                0x0000000008005b08       0xdc /home/cotti/st/stm32cubeide_1.10.1/plugins/com.st.stm32cube.ide.mcu.externaltools.gnu-tools-for-stm32.10.3-2021.10.linux64_1.0.0.202111181127/tools/bin/../lib/gcc/arm-none-eabi/10.3.1/../../../../arm-none-eabi/lib/thumb/v7e-m+fp/hard/libc_nano.a(lib_a-wsetup.o)
                0x0000000008005b08                __swsetup_r
 .text.__swhatbuf_r
                0x0000000008005be4       0x4a /home/cotti/st/stm32cubeide_1.10.1/plugins/com.st.stm32cube.ide.mcu.externaltools.gnu-tools-for-stm32.10.3-2021.10.linux64_1.0.0.202111181127/tools/bin/../lib/gcc/arm-none-eabi/10.3.1/../../../../arm-none-eabi/lib/thumb/v7e-m+fp/hard/libc_nano.a(lib_a-makebuf.o)
                0x0000000008005be4                __swhatbuf_r
 *fill*         0x0000000008005c2e        0x2 
 .text.__smakebuf_r
                0x0000000008005c30       0x80 /home/cotti/st/stm32cubeide_1.10.1/plugins/com.st.stm32cube.ide.mcu.externaltools.gnu-tools-for-stm32.10.3-2021.10.linux64_1.0.0.202111181127/tools/bin/../lib/gcc/arm-none-eabi/10.3.1/../../../../arm-none-eabi/lib/thumb/v7e-m+fp/hard/libc_nano.a(lib_a-makebuf.o)
                0x0000000008005c30                __smakebuf_r
 .text._fstat_r
                0x0000000008005cb0       0x24 /home/cotti/st/stm32cubeide_1.10.1/plugins/com.st.stm32cube.ide.mcu.externaltools.gnu-tools-for-stm32.10.3-2021.10.linux64_1.0.0.202111181127/tools/bin/../lib/gcc/arm-none-eabi/10.3.1/../../../../arm-none-eabi/lib/thumb/v7e-m+fp/hard/libc_nano.a(lib_a-fstatr.o)
                0x0000000008005cb0                _fstat_r
 .text._isatty_r
                0x0000000008005cd4       0x20 /home/cotti/st/stm32cubeide_1.10.1/plugins/com.st.stm32cube.ide.mcu.externaltools.gnu-tools-for-stm32.10.3-2021.10.linux64_1.0.0.202111181127/tools/bin/../lib/gcc/arm-none-eabi/10.3.1/../../../../arm-none-eabi/lib/thumb/v7e-m+fp/hard/libc_nano.a(lib_a-isattyr.o)
                0x0000000008005cd4                _isatty_r
 *(.glue_7)
 .glue_7        0x0000000008005cf4        0x0 linker stubs
 *(.glue_7t)
 .glue_7t       0x0000000008005cf4        0x0 linker stubs
 *(.eh_frame)
 .eh_frame      0x0000000008005cf4        0x0 /home/cotti/st/stm32cubeide_1.10.1/plugins/com.st.stm32cube.ide.mcu.externaltools.gnu-tools-for-stm32.10.3-2021.10.linux64_1.0.0.202111181127/tools/bin/../lib/gcc/arm-none-eabi/10.3.1/thumb/v7e-m+fp/hard/crtbegin.o
 *(.init)
 .init          0x0000000008005cf4        0x4 /home/cotti/st/stm32cubeide_1.10.1/plugins/com.st.stm32cube.ide.mcu.externaltools.gnu-tools-for-stm32.10.3-2021.10.linux64_1.0.0.202111181127/tools/bin/../lib/gcc/arm-none-eabi/10.3.1/thumb/v7e-m+fp/hard/crti.o
                0x0000000008005cf4                _init
 .init          0x0000000008005cf8        0x8 /home/cotti/st/stm32cubeide_1.10.1/plugins/com.st.stm32cube.ide.mcu.externaltools.gnu-tools-for-stm32.10.3-2021.10.linux64_1.0.0.202111181127/tools/bin/../lib/gcc/arm-none-eabi/10.3.1/thumb/v7e-m+fp/hard/crtn.o
 *(.fini)
 .fini          0x0000000008005d00        0x4 /home/cotti/st/stm32cubeide_1.10.1/plugins/com.st.stm32cube.ide.mcu.externaltools.gnu-tools-for-stm32.10.3-2021.10.linux64_1.0.0.202111181127/tools/bin/../lib/gcc/arm-none-eabi/10.3.1/thumb/v7e-m+fp/hard/crti.o
                0x0000000008005d00                _fini
 .fini          0x0000000008005d04        0x8 /home/cotti/st/stm32cubeide_1.10.1/plugins/com.st.stm32cube.ide.mcu.externaltools.gnu-tools-for-stm32.10.3-2021.10.linux64_1.0.0.202111181127/tools/bin/../lib/gcc/arm-none-eabi/10.3.1/thumb/v7e-m+fp/hard/crtn.o
                0x0000000008005d0c                . = ALIGN (0x4)
                0x0000000008005d0c                _etext = .

.vfp11_veneer   0x0000000008005d0c        0x0
 .vfp11_veneer  0x0000000008005d0c        0x0 linker stubs

.v4_bx          0x0000000008005d0c        0x0
 .v4_bx         0x0000000008005d0c        0x0 linker stubs

.iplt           0x0000000008005d0c        0x0
 .iplt          0x0000000008005d0c        0x0 /home/cotti/st/stm32cubeide_1.10.1/plugins/com.st.stm32cube.ide.mcu.externaltools.gnu-tools-for-stm32.10.3-2021.10.linux64_1.0.0.202111181127/tools/bin/../lib/gcc/arm-none-eabi/10.3.1/thumb/v7e-m+fp/hard/crtbegin.o

.rodata         0x0000000008005d0c      0x274
                0x0000000008005d0c                . = ALIGN (0x4)
 *(.rodata)
 .rodata        0x0000000008005d0c       0x88 ./Core/Src/camera.o
 .rodata        0x0000000008005d94       0x1c ./Core/Src/main.o
 *(.rodata*)
 .rodata.prvCameraTaskController.str1.1
                0x0000000008005db0       0x42 ./Core/Src/camera.o
 .rodata.vCameraInit.str1.1
                0x0000000008005df2       0x7d ./Core/Src/camera.o
 .rodata.vCameraRegInit.str1.1
                0x0000000008005e6f       0x1c ./Core/Src/camera_reg.o
 .rodata.str1.1
                0x0000000008005e8b        0xc ./Core/Src/main.o
 .rodata.vDebugErrorRoutine.str1.1
                0x0000000008005e97        0xd ./Core/Src/main.o
 .rodata.vDebugSuccessRoutine.str1.1
                0x0000000008005ea4        0xf ./Core/Src/main.o
 .rodata.vStepperInit.str1.1
                0x0000000008005eb3        0xd ./Core/Src/stepper.o
 .rodata.AHBPrescTable
                0x0000000008005ec0       0x10 ./Core/Src/system_stm32f4xx.o
                0x0000000008005ec0                AHBPrescTable
 .rodata.APBPrescTable
                0x0000000008005ed0        0x8 ./Core/Src/system_stm32f4xx.o
                0x0000000008005ed0                APBPrescTable
 .rodata.flagBitshiftOffset.0
                0x0000000008005ed8        0x8 ./Drivers/STM32F4xx_HAL_Driver/Src/stm32f4xx_hal_dma.o
 .rodata.vTaskStartScheduler.str1.1
                0x0000000008005ee0        0x5 ./Middlewares/Third_Party/FreeRTOS/Source/tasks.o
 *fill*         0x0000000008005ee5        0x3 
 .rodata.__sf_fake_stderr
                0x0000000008005ee8       0x20 /home/cotti/st/stm32cubeide_1.10.1/plugins/com.st.stm32cube.ide.mcu.externaltools.gnu-tools-for-stm32.10.3-2021.10.linux64_1.0.0.202111181127/tools/bin/../lib/gcc/arm-none-eabi/10.3.1/../../../../arm-none-eabi/lib/thumb/v7e-m+fp/hard/libc_nano.a(lib_a-findfp.o)
                0x0000000008005ee8                __sf_fake_stderr
 .rodata.__sf_fake_stdin
                0x0000000008005f08       0x20 /home/cotti/st/stm32cubeide_1.10.1/plugins/com.st.stm32cube.ide.mcu.externaltools.gnu-tools-for-stm32.10.3-2021.10.linux64_1.0.0.202111181127/tools/bin/../lib/gcc/arm-none-eabi/10.3.1/../../../../arm-none-eabi/lib/thumb/v7e-m+fp/hard/libc_nano.a(lib_a-findfp.o)
                0x0000000008005f08                __sf_fake_stdin
 .rodata.__sf_fake_stdout
                0x0000000008005f28       0x20 /home/cotti/st/stm32cubeide_1.10.1/plugins/com.st.stm32cube.ide.mcu.externaltools.gnu-tools-for-stm32.10.3-2021.10.linux64_1.0.0.202111181127/tools/bin/../lib/gcc/arm-none-eabi/10.3.1/../../../../arm-none-eabi/lib/thumb/v7e-m+fp/hard/libc_nano.a(lib_a-findfp.o)
                0x0000000008005f28                __sf_fake_stdout
 .rodata._global_impure_ptr
                0x0000000008005f48        0x4 /home/cotti/st/stm32cubeide_1.10.1/plugins/com.st.stm32cube.ide.mcu.externaltools.gnu-tools-for-stm32.10.3-2021.10.linux64_1.0.0.202111181127/tools/bin/../lib/gcc/arm-none-eabi/10.3.1/../../../../arm-none-eabi/lib/thumb/v7e-m+fp/hard/libc_nano.a(lib_a-impure.o)
                0x0000000008005f48                _global_impure_ptr
 .rodata._vfprintf_r.str1.1
                0x0000000008005f4c       0x11 /home/cotti/st/stm32cubeide_1.10.1/plugins/com.st.stm32cube.ide.mcu.externaltools.gnu-tools-for-stm32.10.3-2021.10.linux64_1.0.0.202111181127/tools/bin/../lib/gcc/arm-none-eabi/10.3.1/../../../../arm-none-eabi/lib/thumb/v7e-m+fp/hard/libc_nano.a(lib_a-nano-vfprintf.o)
 .rodata._printf_i.str1.1
                0x0000000008005f5d       0x22 /home/cotti/st/stm32cubeide_1.10.1/plugins/com.st.stm32cube.ide.mcu.externaltools.gnu-tools-for-stm32.10.3-2021.10.linux64_1.0.0.202111181127/tools/bin/../lib/gcc/arm-none-eabi/10.3.1/../../../../arm-none-eabi/lib/thumb/v7e-m+fp/hard/libc_nano.a(lib_a-nano-vfprintf_i.o)
                0x0000000008005f80                . = ALIGN (0x4)
 *fill*         0x0000000008005f7f        0x1 

.ARM.extab      0x0000000008005f80        0x0
                0x0000000008005f80                . = ALIGN (0x4)
 *(.ARM.extab* .gnu.linkonce.armextab.*)
                0x0000000008005f80                . = ALIGN (0x4)

.ARM            0x0000000008005f80        0x8
                0x0000000008005f80                . = ALIGN (0x4)
                0x0000000008005f80                __exidx_start = .
 *(.ARM.exidx*)
 .ARM.exidx     0x0000000008005f80        0x8 /home/cotti/st/stm32cubeide_1.10.1/plugins/com.st.stm32cube.ide.mcu.externaltools.gnu-tools-for-stm32.10.3-2021.10.linux64_1.0.0.202111181127/tools/bin/../lib/gcc/arm-none-eabi/10.3.1/thumb/v7e-m+fp/hard/libgcc.a(_udivmoddi4.o)
                0x0000000008005f88                __exidx_end = .
                0x0000000008005f88                . = ALIGN (0x4)

.rel.dyn        0x0000000008005f88        0x0
 .rel.iplt      0x0000000008005f88        0x0 /home/cotti/st/stm32cubeide_1.10.1/plugins/com.st.stm32cube.ide.mcu.externaltools.gnu-tools-for-stm32.10.3-2021.10.linux64_1.0.0.202111181127/tools/bin/../lib/gcc/arm-none-eabi/10.3.1/thumb/v7e-m+fp/hard/crtbegin.o

.preinit_array  0x0000000008005f88        0x0
                0x0000000008005f88                . = ALIGN (0x4)
                0x0000000008005f88                PROVIDE (__preinit_array_start = .)
 *(.preinit_array*)
                0x0000000008005f88                PROVIDE (__preinit_array_end = .)
                0x0000000008005f88                . = ALIGN (0x4)

.init_array     0x0000000008005f88        0x4
                0x0000000008005f88                . = ALIGN (0x4)
                0x0000000008005f88                PROVIDE (__init_array_start = .)
 *(SORT_BY_NAME(.init_array.*))
 *(.init_array*)
 .init_array    0x0000000008005f88        0x4 /home/cotti/st/stm32cubeide_1.10.1/plugins/com.st.stm32cube.ide.mcu.externaltools.gnu-tools-for-stm32.10.3-2021.10.linux64_1.0.0.202111181127/tools/bin/../lib/gcc/arm-none-eabi/10.3.1/thumb/v7e-m+fp/hard/crtbegin.o
                0x0000000008005f8c                PROVIDE (__init_array_end = .)
                0x0000000008005f8c                . = ALIGN (0x4)

.fini_array     0x0000000008005f8c        0x4
                0x0000000008005f8c                . = ALIGN (0x4)
                [!provide]                        PROVIDE (__fini_array_start = .)
 *(SORT_BY_NAME(.fini_array.*))
 *(.fini_array*)
 .fini_array    0x0000000008005f8c        0x4 /home/cotti/st/stm32cubeide_1.10.1/plugins/com.st.stm32cube.ide.mcu.externaltools.gnu-tools-for-stm32.10.3-2021.10.linux64_1.0.0.202111181127/tools/bin/../lib/gcc/arm-none-eabi/10.3.1/thumb/v7e-m+fp/hard/crtbegin.o
                [!provide]                        PROVIDE (__fini_array_end = .)
                0x0000000008005f90                . = ALIGN (0x4)
                0x0000000008005f90                _sidata = LOADADDR (.data)

.data           0x0000000020000000       0x74 load address 0x0000000008005f90
                0x0000000020000000                . = ALIGN (0x4)
                0x0000000020000000                _sdata = .
 *(.data)
 *(.data*)
 .data.SystemCoreClock
                0x0000000020000000        0x4 ./Core/Src/system_stm32f4xx.o
                0x0000000020000000                SystemCoreClock
 .data.uwTickFreq
                0x0000000020000004        0x1 ./Drivers/STM32F4xx_HAL_Driver/Src/stm32f4xx_hal.o
                0x0000000020000004                uwTickFreq
 *fill*         0x0000000020000005        0x3 
 .data.uwTickPrio
                0x0000000020000008        0x4 ./Drivers/STM32F4xx_HAL_Driver/Src/stm32f4xx_hal.o
                0x0000000020000008                uwTickPrio
 .data.uxCriticalNesting
                0x000000002000000c        0x4 ./Middlewares/Third_Party/FreeRTOS/Source/portable/GCC/ARM_CM4F/port.o
 .data._impure_ptr
                0x0000000020000010        0x4 /home/cotti/st/stm32cubeide_1.10.1/plugins/com.st.stm32cube.ide.mcu.externaltools.gnu-tools-for-stm32.10.3-2021.10.linux64_1.0.0.202111181127/tools/bin/../lib/gcc/arm-none-eabi/10.3.1/../../../../arm-none-eabi/lib/thumb/v7e-m+fp/hard/libc_nano.a(lib_a-impure.o)
                0x0000000020000010                _impure_ptr
 .data.impure_data
                0x0000000020000014       0x60 /home/cotti/st/stm32cubeide_1.10.1/plugins/com.st.stm32cube.ide.mcu.externaltools.gnu-tools-for-stm32.10.3-2021.10.linux64_1.0.0.202111181127/tools/bin/../lib/gcc/arm-none-eabi/10.3.1/../../../../arm-none-eabi/lib/thumb/v7e-m+fp/hard/libc_nano.a(lib_a-impure.o)
 *(.RamFunc)
 *(.RamFunc*)
                0x0000000020000074                . = ALIGN (0x4)
                0x0000000020000074                _edata = .

.igot.plt       0x0000000020000074        0x0 load address 0x0000000008006004
 .igot.plt      0x0000000020000074        0x0 /home/cotti/st/stm32cubeide_1.10.1/plugins/com.st.stm32cube.ide.mcu.externaltools.gnu-tools-for-stm32.10.3-2021.10.linux64_1.0.0.202111181127/tools/bin/../lib/gcc/arm-none-eabi/10.3.1/thumb/v7e-m+fp/hard/crtbegin.o
                0x0000000020000074                . = ALIGN (0x4)

.bss            0x0000000020000074    0x106d8 load address 0x0000000008006004
                0x0000000020000074                _sbss = .
                0x0000000020000074                __bss_start__ = _sbss
 *(.bss)
 .bss           0x0000000020000074       0x1c /home/cotti/st/stm32cubeide_1.10.1/plugins/com.st.stm32cube.ide.mcu.externaltools.gnu-tools-for-stm32.10.3-2021.10.linux64_1.0.0.202111181127/tools/bin/../lib/gcc/arm-none-eabi/10.3.1/thumb/v7e-m+fp/hard/crtbegin.o
 *(.bss*)
 .bss.ucExitCritical
                0x0000000020000090        0x1 ./Core/Src/camera.o
                0x0000000020000090                ucExitCritical
 *fill*         0x0000000020000091        0x3 
 .bss.xCameraImageQueue
                0x0000000020000094        0x4 ./Core/Src/camera.o
                0x0000000020000094                xCameraImageQueue
 .bss.xCameraSemUart
                0x0000000020000098        0x4 ./Core/Src/camera.o
                0x0000000020000098                xCameraSemUart
 .bss.xCameraTaskControllerHandle
                0x000000002000009c        0x4 ./Core/Src/camera.o
                0x000000002000009c                xCameraTaskControllerHandle
 .bss.xCameraTaskCriticalHandle
                0x00000000200000a0        0x4 ./Core/Src/camera.o
                0x00000000200000a0                xCameraTaskCriticalHandle
 .bss.xCameraTaskUartHandle
                0x00000000200000a4        0x4 ./Core/Src/camera.o
                0x00000000200000a4                xCameraTaskUartHandle
 .bss.xCameraMutexSCCB
                0x00000000200000a8        0x4 ./Core/Src/camera_reg.o
 .bss.xIdleStack
                0x00000000200000ac      0x200 ./Core/Src/freertos.o
 .bss.xIdleTaskTCBBuffer
                0x00000000200002ac       0xb4 ./Core/Src/freertos.o
 .bss.defaultTaskHandle
                0x0000000020000360        0x4 ./Core/Src/main.o
                0x0000000020000360                defaultTaskHandle
 .bss.hdma_usart2_tx
                0x0000000020000364       0x60 ./Core/Src/main.o
                0x0000000020000364                hdma_usart2_tx
 .bss.htim2     0x00000000200003c4       0x48 ./Core/Src/main.o
                0x00000000200003c4                htim2
 .bss.huart2    0x000000002000040c       0x44 ./Core/Src/main.o
                0x000000002000040c                huart2
 .bss.xStepperTaskHandle
                0x0000000020000450        0x4 ./Core/Src/stepper.o
 .bss.htim1     0x0000000020000454       0x48 ./Core/Src/stm32f4xx_hal_timebase_tim.o
                0x0000000020000454                htim1
 .bss.xMsg      0x000000002000049c      0x146 ./Core/Src/stm32f4xx_it.o
 *fill*         0x00000000200005e2        0x2 
 .bss.__sbrk_heap_end
                0x00000000200005e4        0x4 ./Core/Src/sysmem.o
 .bss.uwTick    0x00000000200005e8        0x4 ./Drivers/STM32F4xx_HAL_Driver/Src/stm32f4xx_hal.o
                0x00000000200005e8                uwTick
 .bss.pxCurrentTCB
                0x00000000200005ec        0x4 ./Middlewares/Third_Party/FreeRTOS/Source/tasks.o
                0x00000000200005ec                pxCurrentTCB
 .bss.pxDelayedTaskList
                0x00000000200005f0        0x4 ./Middlewares/Third_Party/FreeRTOS/Source/tasks.o
 .bss.pxOverflowDelayedTaskList
                0x00000000200005f4        0x4 ./Middlewares/Third_Party/FreeRTOS/Source/tasks.o
 .bss.pxReadyTasksLists
                0x00000000200005f8       0x8c ./Middlewares/Third_Party/FreeRTOS/Source/tasks.o
 .bss.uxCurrentNumberOfTasks
                0x0000000020000684        0x4 ./Middlewares/Third_Party/FreeRTOS/Source/tasks.o
 .bss.uxDeletedTasksWaitingCleanUp
                0x0000000020000688        0x4 ./Middlewares/Third_Party/FreeRTOS/Source/tasks.o
 .bss.uxSchedulerSuspended
                0x000000002000068c        0x4 ./Middlewares/Third_Party/FreeRTOS/Source/tasks.o
 .bss.uxTaskNumber
                0x0000000020000690        0x4 ./Middlewares/Third_Party/FreeRTOS/Source/tasks.o
 .bss.uxTopReadyPriority
                0x0000000020000694        0x4 ./Middlewares/Third_Party/FreeRTOS/Source/tasks.o
 .bss.xDelayedTaskList1
                0x0000000020000698       0x14 ./Middlewares/Third_Party/FreeRTOS/Source/tasks.o
 .bss.xDelayedTaskList2
                0x00000000200006ac       0x14 ./Middlewares/Third_Party/FreeRTOS/Source/tasks.o
 .bss.xNextTaskUnblockTime
                0x00000000200006c0        0x4 ./Middlewares/Third_Party/FreeRTOS/Source/tasks.o
 .bss.xNumOfOverflows
                0x00000000200006c4        0x4 ./Middlewares/Third_Party/FreeRTOS/Source/tasks.o
 .bss.xPendedTicks
                0x00000000200006c8        0x4 ./Middlewares/Third_Party/FreeRTOS/Source/tasks.o
 .bss.xPendingReadyList
                0x00000000200006cc       0x14 ./Middlewares/Third_Party/FreeRTOS/Source/tasks.o
 .bss.xSchedulerRunning
                0x00000000200006e0        0x4 ./Middlewares/Third_Party/FreeRTOS/Source/tasks.o
 .bss.xSuspendedTaskList
                0x00000000200006e4       0x14 ./Middlewares/Third_Party/FreeRTOS/Source/tasks.o
 .bss.xTasksWaitingTermination
                0x00000000200006f8       0x14 ./Middlewares/Third_Party/FreeRTOS/Source/tasks.o
 .bss.xTickCount
                0x000000002000070c        0x4 ./Middlewares/Third_Party/FreeRTOS/Source/tasks.o
 .bss.xYieldPending
                0x0000000020000710        0x4 ./Middlewares/Third_Party/FreeRTOS/Source/tasks.o
 .bss.ucMaxSysCallPriority
                0x0000000020000714        0x1 ./Middlewares/Third_Party/FreeRTOS/Source/portable/GCC/ARM_CM4F/port.o
 *fill*         0x0000000020000715        0x3 
 .bss.ulMaxPRIGROUPValue
                0x0000000020000718        0x4 ./Middlewares/Third_Party/FreeRTOS/Source/portable/GCC/ARM_CM4F/port.o
 .bss.pxEnd     0x000000002000071c        0x4 ./Middlewares/Third_Party/FreeRTOS/Source/portable/MemMang/heap_4.o
 .bss.ucHeap    0x0000000020000720    0x10000 ./Middlewares/Third_Party/FreeRTOS/Source/portable/MemMang/heap_4.o
 .bss.xBlockAllocatedBit
                0x0000000020010720        0x4 ./Middlewares/Third_Party/FreeRTOS/Source/portable/MemMang/heap_4.o
 .bss.xFreeBytesRemaining
                0x0000000020010724        0x4 ./Middlewares/Third_Party/FreeRTOS/Source/portable/MemMang/heap_4.o
 .bss.xMinimumEverFreeBytesRemaining
                0x0000000020010728        0x4 ./Middlewares/Third_Party/FreeRTOS/Source/portable/MemMang/heap_4.o
 .bss.xNumberOfSuccessfulAllocations
                0x000000002001072c        0x4 ./Middlewares/Third_Party/FreeRTOS/Source/portable/MemMang/heap_4.o
 .bss.xNumberOfSuccessfulFrees
                0x0000000020010730        0x4 ./Middlewares/Third_Party/FreeRTOS/Source/portable/MemMang/heap_4.o
 .bss.xStart    0x0000000020010734        0x8 ./Middlewares/Third_Party/FreeRTOS/Source/portable/MemMang/heap_4.o
 .bss.__lock___malloc_recursive_mutex
                0x000000002001073c        0x1 /home/cotti/st/stm32cubeide_1.10.1/plugins/com.st.stm32cube.ide.mcu.externaltools.gnu-tools-for-stm32.10.3-2021.10.linux64_1.0.0.202111181127/tools/bin/../lib/gcc/arm-none-eabi/10.3.1/../../../../arm-none-eabi/lib/thumb/v7e-m+fp/hard/libc_nano.a(lib_a-lock.o)
                0x000000002001073c                __lock___malloc_recursive_mutex
 .bss.__lock___sfp_recursive_mutex
                0x000000002001073d        0x1 /home/cotti/st/stm32cubeide_1.10.1/plugins/com.st.stm32cube.ide.mcu.externaltools.gnu-tools-for-stm32.10.3-2021.10.linux64_1.0.0.202111181127/tools/bin/../lib/gcc/arm-none-eabi/10.3.1/../../../../arm-none-eabi/lib/thumb/v7e-m+fp/hard/libc_nano.a(lib_a-lock.o)
                0x000000002001073d                __lock___sfp_recursive_mutex
 .bss.__lock___sinit_recursive_mutex
                0x000000002001073e        0x1 /home/cotti/st/stm32cubeide_1.10.1/plugins/com.st.stm32cube.ide.mcu.externaltools.gnu-tools-for-stm32.10.3-2021.10.linux64_1.0.0.202111181127/tools/bin/../lib/gcc/arm-none-eabi/10.3.1/../../../../arm-none-eabi/lib/thumb/v7e-m+fp/hard/libc_nano.a(lib_a-lock.o)
                0x000000002001073e                __lock___sinit_recursive_mutex
 *fill*         0x000000002001073f        0x1 
 .bss.__malloc_free_list
                0x0000000020010740        0x4 /home/cotti/st/stm32cubeide_1.10.1/plugins/com.st.stm32cube.ide.mcu.externaltools.gnu-tools-for-stm32.10.3-2021.10.linux64_1.0.0.202111181127/tools/bin/../lib/gcc/arm-none-eabi/10.3.1/../../../../arm-none-eabi/lib/thumb/v7e-m+fp/hard/libc_nano.a(lib_a-nano-mallocr.o)
                0x0000000020010740                __malloc_free_list
 .bss.__malloc_sbrk_start
                0x0000000020010744        0x4 /home/cotti/st/stm32cubeide_1.10.1/plugins/com.st.stm32cube.ide.mcu.externaltools.gnu-tools-for-stm32.10.3-2021.10.linux64_1.0.0.202111181127/tools/bin/../lib/gcc/arm-none-eabi/10.3.1/../../../../arm-none-eabi/lib/thumb/v7e-m+fp/hard/libc_nano.a(lib_a-nano-mallocr.o)
                0x0000000020010744                __malloc_sbrk_start
 .bss.errno     0x0000000020010748        0x4 /home/cotti/st/stm32cubeide_1.10.1/plugins/com.st.stm32cube.ide.mcu.externaltools.gnu-tools-for-stm32.10.3-2021.10.linux64_1.0.0.202111181127/tools/bin/../lib/gcc/arm-none-eabi/10.3.1/../../../../arm-none-eabi/lib/thumb/v7e-m+fp/hard/libc_nano.a(lib_a-reent.o)
                0x0000000020010748                errno
 *(COMMON)
                0x000000002001074c                . = ALIGN (0x4)
                0x000000002001074c                _ebss = .
                0x000000002001074c                __bss_end__ = _ebss

._user_heap_stack
                0x000000002001074c      0x604 load address 0x0000000008006004
                0x0000000020010750                . = ALIGN (0x8)
 *fill*         0x000000002001074c        0x4 
                [!provide]                        PROVIDE (end = .)
                0x0000000020010750                PROVIDE (_end = .)
                0x0000000020010950                . = (. + _Min_Heap_Size)
 *fill*         0x0000000020010750      0x200 
                0x0000000020010d50                . = (. + _Min_Stack_Size)
 *fill*         0x0000000020010950      0x400 
                0x0000000020010d50                . = ALIGN (0x8)

/DISCARD/
 libc.a(*)
 libm.a(*)
 libgcc.a(*)

.ARM.attributes
                0x0000000000000000       0x30
 *(.ARM.attributes)
 .ARM.attributes
                0x0000000000000000       0x1e /home/cotti/st/stm32cubeide_1.10.1/plugins/com.st.stm32cube.ide.mcu.externaltools.gnu-tools-for-stm32.10.3-2021.10.linux64_1.0.0.202111181127/tools/bin/../lib/gcc/arm-none-eabi/10.3.1/thumb/v7e-m+fp/hard/crti.o
 .ARM.attributes
                0x000000000000001e       0x34 /home/cotti/st/stm32cubeide_1.10.1/plugins/com.st.stm32cube.ide.mcu.externaltools.gnu-tools-for-stm32.10.3-2021.10.linux64_1.0.0.202111181127/tools/bin/../lib/gcc/arm-none-eabi/10.3.1/thumb/v7e-m+fp/hard/crtbegin.o
 .ARM.attributes
                0x0000000000000052       0x34 ./Core/Src/camera.o
 .ARM.attributes
                0x0000000000000086       0x34 ./Core/Src/camera_api.o
 .ARM.attributes
                0x00000000000000ba       0x34 ./Core/Src/camera_reg.o
 .ARM.attributes
                0x00000000000000ee       0x34 ./Core/Src/freertos.o
 .ARM.attributes
                0x0000000000000122       0x34 ./Core/Src/main.o
 .ARM.attributes
                0x0000000000000156       0x34 ./Core/Src/stepper.o
 .ARM.attributes
                0x000000000000018a       0x34 ./Core/Src/stm32f4xx_hal_msp.o
 .ARM.attributes
                0x00000000000001be       0x34 ./Core/Src/stm32f4xx_hal_timebase_tim.o
 .ARM.attributes
                0x00000000000001f2       0x34 ./Core/Src/stm32f4xx_it.o
 .ARM.attributes
                0x0000000000000226       0x34 ./Core/Src/syscalls.o
 .ARM.attributes
                0x000000000000025a       0x34 ./Core/Src/sysmem.o
 .ARM.attributes
                0x000000000000028e       0x34 ./Core/Src/system_stm32f4xx.o
 .ARM.attributes
                0x00000000000002c2       0x34 ./Core/Src/tools.o
 .ARM.attributes
                0x00000000000002f6       0x21 ./Core/Startup/startup_stm32f401retx.o
 .ARM.attributes
                0x0000000000000317       0x34 ./Drivers/STM32F4xx_HAL_Driver/Src/stm32f4xx_hal.o
 .ARM.attributes
                0x000000000000034b       0x34 ./Drivers/STM32F4xx_HAL_Driver/Src/stm32f4xx_hal_cortex.o
 .ARM.attributes
                0x000000000000037f       0x34 ./Drivers/STM32F4xx_HAL_Driver/Src/stm32f4xx_hal_dma.o
 .ARM.attributes
                0x00000000000003b3       0x34 ./Drivers/STM32F4xx_HAL_Driver/Src/stm32f4xx_hal_gpio.o
 .ARM.attributes
                0x00000000000003e7       0x34 ./Drivers/STM32F4xx_HAL_Driver/Src/stm32f4xx_hal_rcc.o
 .ARM.attributes
                0x000000000000041b       0x34 ./Drivers/STM32F4xx_HAL_Driver/Src/stm32f4xx_hal_tim.o
 .ARM.attributes
                0x000000000000044f       0x34 ./Drivers/STM32F4xx_HAL_Driver/Src/stm32f4xx_hal_tim_ex.o
 .ARM.attributes
                0x0000000000000483       0x34 ./Drivers/STM32F4xx_HAL_Driver/Src/stm32f4xx_hal_uart.o
 .ARM.attributes
                0x00000000000004b7       0x34 ./Middlewares/Third_Party/FreeRTOS/Source/CMSIS_RTOS/cmsis_os.o
 .ARM.attributes
                0x00000000000004eb       0x34 ./Middlewares/Third_Party/FreeRTOS/Source/list.o
 .ARM.attributes
                0x000000000000051f       0x34 ./Middlewares/Third_Party/FreeRTOS/Source/queue.o
 .ARM.attributes
                0x0000000000000553       0x34 ./Middlewares/Third_Party/FreeRTOS/Source/tasks.o
 .ARM.attributes
                0x0000000000000587       0x34 ./Middlewares/Third_Party/FreeRTOS/Source/portable/GCC/ARM_CM4F/port.o
 .ARM.attributes
                0x00000000000005bb       0x34 ./Middlewares/Third_Party/FreeRTOS/Source/portable/MemMang/heap_4.o
 .ARM.attributes
                0x00000000000005ef       0x34 /home/cotti/st/stm32cubeide_1.10.1/plugins/com.st.stm32cube.ide.mcu.externaltools.gnu-tools-for-stm32.10.3-2021.10.linux64_1.0.0.202111181127/tools/bin/../lib/gcc/arm-none-eabi/10.3.1/../../../../arm-none-eabi/lib/thumb/v7e-m+fp/hard/libc_nano.a(lib_a-errno.o)
 .ARM.attributes
                0x0000000000000623       0x34 /home/cotti/st/stm32cubeide_1.10.1/plugins/com.st.stm32cube.ide.mcu.externaltools.gnu-tools-for-stm32.10.3-2021.10.linux64_1.0.0.202111181127/tools/bin/../lib/gcc/arm-none-eabi/10.3.1/../../../../arm-none-eabi/lib/thumb/v7e-m+fp/hard/libc_nano.a(lib_a-findfp.o)
 .ARM.attributes
                0x0000000000000657       0x34 /home/cotti/st/stm32cubeide_1.10.1/plugins/com.st.stm32cube.ide.mcu.externaltools.gnu-tools-for-stm32.10.3-2021.10.linux64_1.0.0.202111181127/tools/bin/../lib/gcc/arm-none-eabi/10.3.1/../../../../arm-none-eabi/lib/thumb/v7e-m+fp/hard/libc_nano.a(lib_a-fwalk.o)
 .ARM.attributes
                0x000000000000068b       0x34 /home/cotti/st/stm32cubeide_1.10.1/plugins/com.st.stm32cube.ide.mcu.externaltools.gnu-tools-for-stm32.10.3-2021.10.linux64_1.0.0.202111181127/tools/bin/../lib/gcc/arm-none-eabi/10.3.1/../../../../arm-none-eabi/lib/thumb/v7e-m+fp/hard/libc_nano.a(lib_a-impure.o)
 .ARM.attributes
                0x00000000000006bf       0x34 /home/cotti/st/stm32cubeide_1.10.1/plugins/com.st.stm32cube.ide.mcu.externaltools.gnu-tools-for-stm32.10.3-2021.10.linux64_1.0.0.202111181127/tools/bin/../lib/gcc/arm-none-eabi/10.3.1/../../../../arm-none-eabi/lib/thumb/v7e-m+fp/hard/libc_nano.a(lib_a-init.o)
 .ARM.attributes
                0x00000000000006f3       0x34 /home/cotti/st/stm32cubeide_1.10.1/plugins/com.st.stm32cube.ide.mcu.externaltools.gnu-tools-for-stm32.10.3-2021.10.linux64_1.0.0.202111181127/tools/bin/../lib/gcc/arm-none-eabi/10.3.1/../../../../arm-none-eabi/lib/thumb/v7e-m+fp/hard/libc_nano.a(lib_a-lock.o)
 .ARM.attributes
                0x0000000000000727       0x34 /home/cotti/st/stm32cubeide_1.10.1/plugins/com.st.stm32cube.ide.mcu.externaltools.gnu-tools-for-stm32.10.3-2021.10.linux64_1.0.0.202111181127/tools/bin/../lib/gcc/arm-none-eabi/10.3.1/../../../../arm-none-eabi/lib/thumb/v7e-m+fp/hard/libc_nano.a(lib_a-memcpy-stub.o)
 .ARM.attributes
                0x000000000000075b       0x34 /home/cotti/st/stm32cubeide_1.10.1/plugins/com.st.stm32cube.ide.mcu.externaltools.gnu-tools-for-stm32.10.3-2021.10.linux64_1.0.0.202111181127/tools/bin/../lib/gcc/arm-none-eabi/10.3.1/../../../../arm-none-eabi/lib/thumb/v7e-m+fp/hard/libc_nano.a(lib_a-memset.o)
 .ARM.attributes
                0x000000000000078f       0x34 /home/cotti/st/stm32cubeide_1.10.1/plugins/com.st.stm32cube.ide.mcu.externaltools.gnu-tools-for-stm32.10.3-2021.10.linux64_1.0.0.202111181127/tools/bin/../lib/gcc/arm-none-eabi/10.3.1/../../../../arm-none-eabi/lib/thumb/v7e-m+fp/hard/libc_nano.a(lib_a-nano-mallocr.o)
 .ARM.attributes
                0x00000000000007c3       0x34 /home/cotti/st/stm32cubeide_1.10.1/plugins/com.st.stm32cube.ide.mcu.externaltools.gnu-tools-for-stm32.10.3-2021.10.linux64_1.0.0.202111181127/tools/bin/../lib/gcc/arm-none-eabi/10.3.1/../../../../arm-none-eabi/lib/thumb/v7e-m+fp/hard/libc_nano.a(lib_a-printf.o)
 .ARM.attributes
                0x00000000000007f7       0x34 /home/cotti/st/stm32cubeide_1.10.1/plugins/com.st.stm32cube.ide.mcu.externaltools.gnu-tools-for-stm32.10.3-2021.10.linux64_1.0.0.202111181127/tools/bin/../lib/gcc/arm-none-eabi/10.3.1/../../../../arm-none-eabi/lib/thumb/v7e-m+fp/hard/libc_nano.a(lib_a-reent.o)
 .ARM.attributes